Command line invocation:
    /Applications/Xcode.app/Contents/Developer/usr/bin/xcodebuild -project NeuroGuideApp.xcodeproj -scheme NeuroGuideApp -destination "platform=iOS Simulator,name=iPhone 17 Pro" clean build

CreateBuildRequest

SendProjectDescription

CreateBuildOperation

** CLEAN SUCCEEDED **

ComputePackagePrebuildTargetDependencyGraph

Prepare packages

CreateBuildRequest

SendProjectDescription

CreateBuildOperation

ComputeTargetDependencyGraph
note: Building targets in dependency order
note: Target dependency graph (1 target)
    Target 'NeuroGuideApp' in project 'NeuroGuideApp' (no dependencies)

GatherProvisioningInputs

CreateBuildDescription

ExecuteExternalTool /Applications/Xcode.app/Contents/Developer/Toolchains/XcodeDefault.xctoolchain/usr/bin/clang -v -E -dM -isysroot /Applications/Xcode.app/Contents/Developer/Platforms/iPhoneSimulator.platform/Developer/SDKs/iPhoneSimulator26.0.sdk -x c -c /dev/null

ExecuteExternalTool /Applications/Xcode.app/Contents/Developer/usr/bin/actool --print-asset-tag-combinations --output-format xml1 /Users/ammarkhalid/workspace/nureo-guide/NeuroGuideApp/NeuroGuideApp/Resources/Assets.xcassets /Users/ammarkhalid/workspace/nureo-guide/NeuroGuideApp/NeuroGuideApp/Assets.xcassets

ExecuteExternalTool /Applications/Xcode.app/Contents/Developer/usr/bin/actool --version --output-format xml1

ExecuteExternalTool /Applications/Xcode.app/Contents/Developer/Toolchains/XcodeDefault.xctoolchain/usr/bin/swiftc --version

ExecuteExternalTool /Applications/Xcode.app/Contents/Developer/Toolchains/XcodeDefault.xctoolchain/usr/bin/ld -version_details

Build description signature: 505b439d6203c5171c6178e41a24ae34
Build description path: /Users/ammarkhalid/Library/Developer/Xcode/DerivedData/NeuroGuideApp-ewcvprgdglbcooackdjxjupgqkav/Build/Intermediates.noindex/XCBuildData/505b439d6203c5171c6178e41a24ae34.xcbuilddata
ClangStatCache /Applications/Xcode.app/Contents/Developer/Toolchains/XcodeDefault.xctoolchain/usr/bin/clang-stat-cache /Applications/Xcode.app/Contents/Developer/Platforms/iPhoneSimulator.platform/Developer/SDKs/iPhoneSimulator26.0.sdk /Users/ammarkhalid/Library/Developer/Xcode/DerivedData/SDKStatCaches.noindex/iphonesimulator26.0-23A339-26257891a6c027eb51374368541b8346.sdkstatcache
    cd /Users/ammarkhalid/workspace/nureo-guide/NeuroGuideApp/NeuroGuideApp.xcodeproj
    /Applications/Xcode.app/Contents/Developer/Toolchains/XcodeDefault.xctoolchain/usr/bin/clang-stat-cache /Applications/Xcode.app/Contents/Developer/Platforms/iPhoneSimulator.platform/Developer/SDKs/iPhoneSimulator26.0.sdk -o /Users/ammarkhalid/Library/Developer/Xcode/DerivedData/SDKStatCaches.noindex/iphonesimulator26.0-23A339-26257891a6c027eb51374368541b8346.sdkstatcache

CreateBuildDirectory /Users/ammarkhalid/Library/Developer/Xcode/DerivedData/NeuroGuideApp-ewcvprgdglbcooackdjxjupgqkav/Build/Products
    cd /Users/ammarkhalid/workspace/nureo-guide/NeuroGuideApp/NeuroGuideApp.xcodeproj
    builtin-create-build-directory /Users/ammarkhalid/Library/Developer/Xcode/DerivedData/NeuroGuideApp-ewcvprgdglbcooackdjxjupgqkav/Build/Products

CreateBuildDirectory /Users/ammarkhalid/Library/Developer/Xcode/DerivedData/NeuroGuideApp-ewcvprgdglbcooackdjxjupgqkav/Build/Intermediates.noindex
    cd /Users/ammarkhalid/workspace/nureo-guide/NeuroGuideApp/NeuroGuideApp.xcodeproj
    builtin-create-build-directory /Users/ammarkhalid/Library/Developer/Xcode/DerivedData/NeuroGuideApp-ewcvprgdglbcooackdjxjupgqkav/Build/Intermediates.noindex

CreateBuildDirectory /Users/ammarkhalid/Library/Developer/Xcode/DerivedData/NeuroGuideApp-ewcvprgdglbcooackdjxjupgqkav/Build/Products/Release-iphonesimulator
    cd /Users/ammarkhalid/workspace/nureo-guide/NeuroGuideApp/NeuroGuideApp.xcodeproj
    builtin-create-build-directory /Users/ammarkhalid/Library/Developer/Xcode/DerivedData/NeuroGuideApp-ewcvprgdglbcooackdjxjupgqkav/Build/Products/Release-iphonesimulator

CreateBuildDirectory /Users/ammarkhalid/Library/Developer/Xcode/DerivedData/NeuroGuideApp-ewcvprgdglbcooackdjxjupgqkav/Build/Intermediates.noindex/SwiftExplicitPrecompiledModules
    cd /Users/ammarkhalid/workspace/nureo-guide/NeuroGuideApp/NeuroGuideApp.xcodeproj
    builtin-create-build-directory /Users/ammarkhalid/Library/Developer/Xcode/DerivedData/NeuroGuideApp-ewcvprgdglbcooackdjxjupgqkav/Build/Intermediates.noindex/SwiftExplicitPrecompiledModules

CreateBuildDirectory /Users/ammarkhalid/Library/Developer/Xcode/DerivedData/NeuroGuideApp-ewcvprgdglbcooackdjxjupgqkav/Build/Intermediates.noindex/ExplicitPrecompiledModules
    cd /Users/ammarkhalid/workspace/nureo-guide/NeuroGuideApp/NeuroGuideApp.xcodeproj
    builtin-create-build-directory /Users/ammarkhalid/Library/Developer/Xcode/DerivedData/NeuroGuideApp-ewcvprgdglbcooackdjxjupgqkav/Build/Intermediates.noindex/ExplicitPrecompiledModules

CreateBuildDirectory /Users/ammarkhalid/Library/Developer/Xcode/DerivedData/NeuroGuideApp-ewcvprgdglbcooackdjxjupgqkav/Build/Intermediates.noindex/EagerLinkingTBDs/Release-iphonesimulator
    cd /Users/ammarkhalid/workspace/nureo-guide/NeuroGuideApp/NeuroGuideApp.xcodeproj
    builtin-create-build-directory /Users/ammarkhalid/Library/Developer/Xcode/DerivedData/NeuroGuideApp-ewcvprgdglbcooackdjxjupgqkav/Build/Intermediates.noindex/EagerLinkingTBDs/Release-iphonesimulator

WriteAuxiliaryFile /Users/ammarkhalid/Library/Developer/Xcode/DerivedData/NeuroGuideApp-ewcvprgdglbcooackdjxjupgqkav/Build/Intermediates.noindex/NeuroGuideApp.build/Release-iphonesimulator/NeuroGuideApp-3144bc3785158219a659aacdea195946-VFS-iphonesimulator/all-product-headers.yaml
    cd /Users/ammarkhalid/workspace/nureo-guide/NeuroGuideApp/NeuroGuideApp.xcodeproj
    write-file /Users/ammarkhalid/Library/Developer/Xcode/DerivedData/NeuroGuideApp-ewcvprgdglbcooackdjxjupgqkav/Build/Intermediates.noindex/NeuroGuideApp.build/Release-iphonesimulator/NeuroGuideApp-3144bc3785158219a659aacdea195946-VFS-iphonesimulator/all-product-headers.yaml

WriteAuxiliaryFile /Users/ammarkhalid/Library/Developer/Xcode/DerivedData/NeuroGuideApp-ewcvprgdglbcooackdjxjupgqkav/Build/Intermediates.noindex/NeuroGuideApp.build/Release-iphonesimulator/NeuroGuideApp.build/attune.DependencyStaticMetadataFileList (in target 'NeuroGuideApp' from project 'NeuroGuideApp')
    cd /Users/ammarkhalid/workspace/nureo-guide/NeuroGuideApp
    write-file /Users/ammarkhalid/Library/Developer/Xcode/DerivedData/NeuroGuideApp-ewcvprgdglbcooackdjxjupgqkav/Build/Intermediates.noindex/NeuroGuideApp.build/Release-iphonesimulator/NeuroGuideApp.build/attune.DependencyStaticMetadataFileList

WriteAuxiliaryFile /Users/ammarkhalid/Library/Developer/Xcode/DerivedData/NeuroGuideApp-ewcvprgdglbcooackdjxjupgqkav/Build/Intermediates.noindex/NeuroGuideApp.build/Release-iphonesimulator/NeuroGuideApp.build/empty-attune.plist (in target 'NeuroGuideApp' from project 'NeuroGuideApp')
    cd /Users/ammarkhalid/workspace/nureo-guide/NeuroGuideApp
    write-file /Users/ammarkhalid/Library/Developer/Xcode/DerivedData/NeuroGuideApp-ewcvprgdglbcooackdjxjupgqkav/Build/Intermediates.noindex/NeuroGuideApp.build/Release-iphonesimulator/NeuroGuideApp.build/empty-attune.plist

WriteAuxiliaryFile /Users/ammarkhalid/Library/Developer/Xcode/DerivedData/NeuroGuideApp-ewcvprgdglbcooackdjxjupgqkav/Build/Intermediates.noindex/NeuroGuideApp.build/Release-iphonesimulator/NeuroGuideApp.build/attune.DependencyMetadataFileList (in target 'NeuroGuideApp' from project 'NeuroGuideApp')
    cd /Users/ammarkhalid/workspace/nureo-guide/NeuroGuideApp
    write-file /Users/ammarkhalid/Library/Developer/Xcode/DerivedData/NeuroGuideApp-ewcvprgdglbcooackdjxjupgqkav/Build/Intermediates.noindex/NeuroGuideApp.build/Release-iphonesimulator/NeuroGuideApp.build/attune.DependencyMetadataFileList

WriteAuxiliaryFile /Users/ammarkhalid/Library/Developer/Xcode/DerivedData/NeuroGuideApp-ewcvprgdglbcooackdjxjupgqkav/Build/Intermediates.noindex/NeuroGuideApp.build/Release-iphonesimulator/NeuroGuideApp.build/attune-project-headers.hmap (in target 'NeuroGuideApp' from project 'NeuroGuideApp')
    cd /Users/ammarkhalid/workspace/nureo-guide/NeuroGuideApp
    write-file /Users/ammarkhalid/Library/Developer/Xcode/DerivedData/NeuroGuideApp-ewcvprgdglbcooackdjxjupgqkav/Build/Intermediates.noindex/NeuroGuideApp.build/Release-iphonesimulator/NeuroGuideApp.build/attune-project-headers.hmap

WriteAuxiliaryFile /Users/ammarkhalid/Library/Developer/Xcode/DerivedData/NeuroGuideApp-ewcvprgdglbcooackdjxjupgqkav/Build/Intermediates.noindex/NeuroGuideApp.build/Release-iphonesimulator/NeuroGuideApp.build/attune-own-target-headers.hmap (in target 'NeuroGuideApp' from project 'NeuroGuideApp')
    cd /Users/ammarkhalid/workspace/nureo-guide/NeuroGuideApp
    write-file /Users/ammarkhalid/Library/Developer/Xcode/DerivedData/NeuroGuideApp-ewcvprgdglbcooackdjxjupgqkav/Build/Intermediates.noindex/NeuroGuideApp.build/Release-iphonesimulator/NeuroGuideApp.build/attune-own-target-headers.hmap

WriteAuxiliaryFile /Users/ammarkhalid/Library/Developer/Xcode/DerivedData/NeuroGuideApp-ewcvprgdglbcooackdjxjupgqkav/Build/Intermediates.noindex/NeuroGuideApp.build/Release-iphonesimulator/NeuroGuideApp.build/attune-generated-files.hmap (in target 'NeuroGuideApp' from project 'NeuroGuideApp')
    cd /Users/ammarkhalid/workspace/nureo-guide/NeuroGuideApp
    write-file /Users/ammarkhalid/Library/Developer/Xcode/DerivedData/NeuroGuideApp-ewcvprgdglbcooackdjxjupgqkav/Build/Intermediates.noindex/NeuroGuideApp.build/Release-iphonesimulator/NeuroGuideApp.build/attune-generated-files.hmap

WriteAuxiliaryFile /Users/ammarkhalid/Library/Developer/Xcode/DerivedData/NeuroGuideApp-ewcvprgdglbcooackdjxjupgqkav/Build/Intermediates.noindex/NeuroGuideApp.build/Release-iphonesimulator/NeuroGuideApp.build/attune.hmap (in target 'NeuroGuideApp' from project 'NeuroGuideApp')
    cd /Users/ammarkhalid/workspace/nureo-guide/NeuroGuideApp
    write-file /Users/ammarkhalid/Library/Developer/Xcode/DerivedData/NeuroGuideApp-ewcvprgdglbcooackdjxjupgqkav/Build/Intermediates.noindex/NeuroGuideApp.build/Release-iphonesimulator/NeuroGuideApp.build/attune.hmap

WriteAuxiliaryFile /Users/ammarkhalid/Library/Developer/Xcode/DerivedData/NeuroGuideApp-ewcvprgdglbcooackdjxjupgqkav/Build/Intermediates.noindex/NeuroGuideApp.build/Release-iphonesimulator/NeuroGuideApp.build/attune-all-target-headers.hmap (in target 'NeuroGuideApp' from project 'NeuroGuideApp')
    cd /Users/ammarkhalid/workspace/nureo-guide/NeuroGuideApp
    write-file /Users/ammarkhalid/Library/Developer/Xcode/DerivedData/NeuroGuideApp-ewcvprgdglbcooackdjxjupgqkav/Build/Intermediates.noindex/NeuroGuideApp.build/Release-iphonesimulator/NeuroGuideApp.build/attune-all-target-headers.hmap

WriteAuxiliaryFile /Users/ammarkhalid/Library/Developer/Xcode/DerivedData/NeuroGuideApp-ewcvprgdglbcooackdjxjupgqkav/Build/Intermediates.noindex/NeuroGuideApp.build/Release-iphonesimulator/NeuroGuideApp.build/attune-all-non-framework-target-headers.hmap (in target 'NeuroGuideApp' from project 'NeuroGuideApp')
    cd /Users/ammarkhalid/workspace/nureo-guide/NeuroGuideApp
    write-file /Users/ammarkhalid/Library/Developer/Xcode/DerivedData/NeuroGuideApp-ewcvprgdglbcooackdjxjupgqkav/Build/Intermediates.noindex/NeuroGuideApp.build/Release-iphonesimulator/NeuroGuideApp.build/attune-all-non-framework-target-headers.hmap

WriteAuxiliaryFile /Users/ammarkhalid/Library/Developer/Xcode/DerivedData/NeuroGuideApp-ewcvprgdglbcooackdjxjupgqkav/Build/Intermediates.noindex/NeuroGuideApp.build/Release-iphonesimulator/NeuroGuideApp.build/Objects-normal/arm64/attune.SwiftFileList (in target 'NeuroGuideApp' from project 'NeuroGuideApp')
    cd /Users/ammarkhalid/workspace/nureo-guide/NeuroGuideApp
    write-file /Users/ammarkhalid/Library/Developer/Xcode/DerivedData/NeuroGuideApp-ewcvprgdglbcooackdjxjupgqkav/Build/Intermediates.noindex/NeuroGuideApp.build/Release-iphonesimulator/NeuroGuideApp.build/Objects-normal/arm64/attune.SwiftFileList

WriteAuxiliaryFile /Users/ammarkhalid/Library/Developer/Xcode/DerivedData/NeuroGuideApp-ewcvprgdglbcooackdjxjupgqkav/Build/Intermediates.noindex/NeuroGuideApp.build/Release-iphonesimulator/NeuroGuideApp.build/Objects-normal/arm64/attune.SwiftConstValuesFileList (in target 'NeuroGuideApp' from project 'NeuroGuideApp')
    cd /Users/ammarkhalid/workspace/nureo-guide/NeuroGuideApp
    write-file /Users/ammarkhalid/Library/Developer/Xcode/DerivedData/NeuroGuideApp-ewcvprgdglbcooackdjxjupgqkav/Build/Intermediates.noindex/NeuroGuideApp.build/Release-iphonesimulator/NeuroGuideApp.build/Objects-normal/arm64/attune.SwiftConstValuesFileList

WriteAuxiliaryFile /Users/ammarkhalid/Library/Developer/Xcode/DerivedData/NeuroGuideApp-ewcvprgdglbcooackdjxjupgqkav/Build/Intermediates.noindex/NeuroGuideApp.build/Release-iphonesimulator/NeuroGuideApp.build/Objects-normal/arm64/attune.LinkFileList (in target 'NeuroGuideApp' from project 'NeuroGuideApp')
    cd /Users/ammarkhalid/workspace/nureo-guide/NeuroGuideApp
    write-file /Users/ammarkhalid/Library/Developer/Xcode/DerivedData/NeuroGuideApp-ewcvprgdglbcooackdjxjupgqkav/Build/Intermediates.noindex/NeuroGuideApp.build/Release-iphonesimulator/NeuroGuideApp.build/Objects-normal/arm64/attune.LinkFileList

WriteAuxiliaryFile /Users/ammarkhalid/Library/Developer/Xcode/DerivedData/NeuroGuideApp-ewcvprgdglbcooackdjxjupgqkav/Build/Intermediates.noindex/NeuroGuideApp.build/Release-iphonesimulator/NeuroGuideApp.build/Objects-normal/arm64/NeuroGuideApp_const_extract_protocols.json (in target 'NeuroGuideApp' from project 'NeuroGuideApp')
    cd /Users/ammarkhalid/workspace/nureo-guide/NeuroGuideApp
    write-file /Users/ammarkhalid/Library/Developer/Xcode/DerivedData/NeuroGuideApp-ewcvprgdglbcooackdjxjupgqkav/Build/Intermediates.noindex/NeuroGuideApp.build/Release-iphonesimulator/NeuroGuideApp.build/Objects-normal/arm64/NeuroGuideApp_const_extract_protocols.json

WriteAuxiliaryFile /Users/ammarkhalid/Library/Developer/Xcode/DerivedData/NeuroGuideApp-ewcvprgdglbcooackdjxjupgqkav/Build/Intermediates.noindex/NeuroGuideApp.build/Release-iphonesimulator/NeuroGuideApp.build/Objects-normal/arm64/NeuroGuideApp-OutputFileMap.json (in target 'NeuroGuideApp' from project 'NeuroGuideApp')
    cd /Users/ammarkhalid/workspace/nureo-guide/NeuroGuideApp
    write-file /Users/ammarkhalid/Library/Developer/Xcode/DerivedData/NeuroGuideApp-ewcvprgdglbcooackdjxjupgqkav/Build/Intermediates.noindex/NeuroGuideApp.build/Release-iphonesimulator/NeuroGuideApp.build/Objects-normal/arm64/NeuroGuideApp-OutputFileMap.json

WriteAuxiliaryFile /Users/ammarkhalid/Library/Developer/Xcode/DerivedData/NeuroGuideApp-ewcvprgdglbcooackdjxjupgqkav/Build/Intermediates.noindex/NeuroGuideApp.build/Release-iphonesimulator/NeuroGuideApp.build/DerivedSources/Entitlements-Simulated.plist (in target 'NeuroGuideApp' from project 'NeuroGuideApp')
    cd /Users/ammarkhalid/workspace/nureo-guide/NeuroGuideApp
    write-file /Users/ammarkhalid/Library/Developer/Xcode/DerivedData/NeuroGuideApp-ewcvprgdglbcooackdjxjupgqkav/Build/Intermediates.noindex/NeuroGuideApp.build/Release-iphonesimulator/NeuroGuideApp.build/DerivedSources/Entitlements-Simulated.plist

MkDir /Users/ammarkhalid/Library/Developer/Xcode/DerivedData/NeuroGuideApp-ewcvprgdglbcooackdjxjupgqkav/Build/Products/Release-iphonesimulator/attune.app (in target 'NeuroGuideApp' from project 'NeuroGuideApp')
    cd /Users/ammarkhalid/workspace/nureo-guide/NeuroGuideApp
    /bin/mkdir -p /Users/ammarkhalid/Library/Developer/Xcode/DerivedData/NeuroGuideApp-ewcvprgdglbcooackdjxjupgqkav/Build/Products/Release-iphonesimulator/attune.app

ProcessProductPackaging "" /Users/ammarkhalid/Library/Developer/Xcode/DerivedData/NeuroGuideApp-ewcvprgdglbcooackdjxjupgqkav/Build/Intermediates.noindex/NeuroGuideApp.build/Release-iphonesimulator/NeuroGuideApp.build/attune.app-Simulated.xcent (in target 'NeuroGuideApp' from project 'NeuroGuideApp')
    cd /Users/ammarkhalid/workspace/nureo-guide/NeuroGuideApp
    
    Entitlements:
    
    {
    "application-identifier" = "C492973F42.com.NeuroGuideApp.neuroguide.tst";
}
    
    builtin-productPackagingUtility -entitlements -format xml -o /Users/ammarkhalid/Library/Developer/Xcode/DerivedData/NeuroGuideApp-ewcvprgdglbcooackdjxjupgqkav/Build/Intermediates.noindex/NeuroGuideApp.build/Release-iphonesimulator/NeuroGuideApp.build/attune.app-Simulated.xcent

ProcessProductPackagingDER /Users/ammarkhalid/Library/Developer/Xcode/DerivedData/NeuroGuideApp-ewcvprgdglbcooackdjxjupgqkav/Build/Intermediates.noindex/NeuroGuideApp.build/Release-iphonesimulator/NeuroGuideApp.build/attune.app-Simulated.xcent /Users/ammarkhalid/Library/Developer/Xcode/DerivedData/NeuroGuideApp-ewcvprgdglbcooackdjxjupgqkav/Build/Intermediates.noindex/NeuroGuideApp.build/Release-iphonesimulator/NeuroGuideApp.build/attune.app-Simulated.xcent.der (in target 'NeuroGuideApp' from project 'NeuroGuideApp')
    cd /Users/ammarkhalid/workspace/nureo-guide/NeuroGuideApp
    /usr/bin/derq query -f xml -i /Users/ammarkhalid/Library/Developer/Xcode/DerivedData/NeuroGuideApp-ewcvprgdglbcooackdjxjupgqkav/Build/Intermediates.noindex/NeuroGuideApp.build/Release-iphonesimulator/NeuroGuideApp.build/attune.app-Simulated.xcent -o /Users/ammarkhalid/Library/Developer/Xcode/DerivedData/NeuroGuideApp-ewcvprgdglbcooackdjxjupgqkav/Build/Intermediates.noindex/NeuroGuideApp.build/Release-iphonesimulator/NeuroGuideApp.build/attune.app-Simulated.xcent.der --raw

CpResource /Users/ammarkhalid/Library/Developer/Xcode/DerivedData/NeuroGuideApp-ewcvprgdglbcooackdjxjupgqkav/Build/Products/Release-iphonesimulator/attune.app/content_library.json /Users/ammarkhalid/workspace/nureo-guide/NeuroGuideApp/NeuroGuideApp/Resources/content_library.json (in target 'NeuroGuideApp' from project 'NeuroGuideApp')
    cd /Users/ammarkhalid/workspace/nureo-guide/NeuroGuideApp
    builtin-copy -exclude .DS_Store -exclude CVS -exclude .svn -exclude .git -exclude .hg -resolve-src-symlinks /Users/ammarkhalid/workspace/nureo-guide/NeuroGuideApp/NeuroGuideApp/Resources/content_library.json /Users/ammarkhalid/Library/Developer/Xcode/DerivedData/NeuroGuideApp-ewcvprgdglbcooackdjxjupgqkav/Build/Products/Release-iphonesimulator/attune.app

CpResource /Users/ammarkhalid/Library/Developer/Xcode/DerivedData/NeuroGuideApp-ewcvprgdglbcooackdjxjupgqkav/Build/Products/Release-iphonesimulator/attune.app/TESTING_GUIDE.md /Users/ammarkhalid/workspace/nureo-guide/NeuroGuideApp/NeuroGuideApp/Core/Security/docs/TESTING_GUIDE.md (in target 'NeuroGuideApp' from project 'NeuroGuideApp')
    cd /Users/ammarkhalid/workspace/nureo-guide/NeuroGuideApp
    builtin-copy -exclude .DS_Store -exclude CVS -exclude .svn -exclude .git -exclude .hg -resolve-src-symlinks /Users/ammarkhalid/workspace/nureo-guide/NeuroGuideApp/NeuroGuideApp/Core/Security/docs/TESTING_GUIDE.md /Users/ammarkhalid/Library/Developer/Xcode/DerivedData/NeuroGuideApp-ewcvprgdglbcooackdjxjupgqkav/Build/Products/Release-iphonesimulator/attune.app

GenerateAssetSymbols /Users/ammarkhalid/workspace/nureo-guide/NeuroGuideApp/NeuroGuideApp/Resources/Assets.xcassets /Users/ammarkhalid/workspace/nureo-guide/NeuroGuideApp/NeuroGuideApp/Assets.xcassets (in target 'NeuroGuideApp' from project 'NeuroGuideApp')
    cd /Users/ammarkhalid/workspace/nureo-guide/NeuroGuideApp
    /Applications/Xcode.app/Contents/Developer/usr/bin/actool /Users/ammarkhalid/workspace/nureo-guide/NeuroGuideApp/NeuroGuideApp/Resources/Assets.xcassets /Users/ammarkhalid/workspace/nureo-guide/NeuroGuideApp/NeuroGuideApp/Assets.xcassets --compile /Users/ammarkhalid/Library/Developer/Xcode/DerivedData/NeuroGuideApp-ewcvprgdglbcooackdjxjupgqkav/Build/Products/Release-iphonesimulator/attune.app --output-format human-readable-text --notices --warnings --export-dependency-info /Users/ammarkhalid/Library/Developer/Xcode/DerivedData/NeuroGuideApp-ewcvprgdglbcooackdjxjupgqkav/Build/Intermediates.noindex/NeuroGuideApp.build/Release-iphonesimulator/NeuroGuideApp.build/assetcatalog_dependencies --output-partial-info-plist /Users/ammarkhalid/Library/Developer/Xcode/DerivedData/NeuroGuideApp-ewcvprgdglbcooackdjxjupgqkav/Build/Intermediates.noindex/NeuroGuideApp.build/Release-iphonesimulator/NeuroGuideApp.build/assetcatalog_generated_info.plist --app-icon AppIcon --accent-color AccentColor --compress-pngs --enable-on-demand-resources YES --development-region en --target-device iphone --target-device ipad --minimum-deployment-target 16.6 --platform iphonesimulator --bundle-identifier com.NeuroGuideApp.neuroguide.tst --generate-swift-asset-symbols /Users/ammarkhalid/Library/Developer/Xcode/DerivedData/NeuroGuideApp-ewcvprgdglbcooackdjxjupgqkav/Build/Intermediates.noindex/NeuroGuideApp.build/Release-iphonesimulator/NeuroGuideApp.build/DerivedSources/GeneratedAssetSymbols.swift --generate-objc-asset-symbols /Users/ammarkhalid/Library/Developer/Xcode/DerivedData/NeuroGuideApp-ewcvprgdglbcooackdjxjupgqkav/Build/Intermediates.noindex/NeuroGuideApp.build/Release-iphonesimulator/NeuroGuideApp.build/DerivedSources/GeneratedAssetSymbols.h --generate-asset-symbol-index /Users/ammarkhalid/Library/Developer/Xcode/DerivedData/NeuroGuideApp-ewcvprgdglbcooackdjxjupgqkav/Build/Intermediates.noindex/NeuroGuideApp.build/Release-iphonesimulator/NeuroGuideApp.build/DerivedSources/GeneratedAssetSymbols-Index.plist
/* com.apple.actool.compilation-results */
/Users/ammarkhalid/Library/Developer/Xcode/DerivedData/NeuroGuideApp-ewcvprgdglbcooackdjxjupgqkav/Build/Intermediates.noindex/NeuroGuideApp.build/Release-iphonesimulator/NeuroGuideApp.build/DerivedSources/GeneratedAssetSymbols-Index.plist
/Users/ammarkhalid/Library/Developer/Xcode/DerivedData/NeuroGuideApp-ewcvprgdglbcooackdjxjupgqkav/Build/Intermediates.noindex/NeuroGuideApp.build/Release-iphonesimulator/NeuroGuideApp.build/DerivedSources/GeneratedAssetSymbols.h
/Users/ammarkhalid/Library/Developer/Xcode/DerivedData/NeuroGuideApp-ewcvprgdglbcooackdjxjupgqkav/Build/Intermediates.noindex/NeuroGuideApp.build/Release-iphonesimulator/NeuroGuideApp.build/DerivedSources/GeneratedAssetSymbols.swift


CpResource /Users/ammarkhalid/Library/Developer/Xcode/DerivedData/NeuroGuideApp-ewcvprgdglbcooackdjxjupgqkav/Build/Products/Release-iphonesimulator/attune.app/SECURITY_ARCHITECTURE.md /Users/ammarkhalid/workspace/nureo-guide/NeuroGuideApp/NeuroGuideApp/Core/Security/docs/SECURITY_ARCHITECTURE.md (in target 'NeuroGuideApp' from project 'NeuroGuideApp')
    cd /Users/ammarkhalid/workspace/nureo-guide/NeuroGuideApp
    builtin-copy -exclude .DS_Store -exclude CVS -exclude .svn -exclude .git -exclude .hg -resolve-src-symlinks /Users/ammarkhalid/workspace/nureo-guide/NeuroGuideApp/NeuroGuideApp/Core/Security/docs/SECURITY_ARCHITECTURE.md /Users/ammarkhalid/Library/Developer/Xcode/DerivedData/NeuroGuideApp-ewcvprgdglbcooackdjxjupgqkav/Build/Products/Release-iphonesimulator/attune.app

MkDir /Users/ammarkhalid/Library/Developer/Xcode/DerivedData/NeuroGuideApp-ewcvprgdglbcooackdjxjupgqkav/Build/Intermediates.noindex/NeuroGuideApp.build/Release-iphonesimulator/NeuroGuideApp.build/assetcatalog_output/thinned (in target 'NeuroGuideApp' from project 'NeuroGuideApp')
    cd /Users/ammarkhalid/workspace/nureo-guide/NeuroGuideApp
    /bin/mkdir -p /Users/ammarkhalid/Library/Developer/Xcode/DerivedData/NeuroGuideApp-ewcvprgdglbcooackdjxjupgqkav/Build/Intermediates.noindex/NeuroGuideApp.build/Release-iphonesimulator/NeuroGuideApp.build/assetcatalog_output/thinned

MkDir /Users/ammarkhalid/Library/Developer/Xcode/DerivedData/NeuroGuideApp-ewcvprgdglbcooackdjxjupgqkav/Build/Intermediates.noindex/NeuroGuideApp.build/Release-iphonesimulator/NeuroGuideApp.build/assetcatalog_output/unthinned (in target 'NeuroGuideApp' from project 'NeuroGuideApp')
    cd /Users/ammarkhalid/workspace/nureo-guide/NeuroGuideApp
    /bin/mkdir -p /Users/ammarkhalid/Library/Developer/Xcode/DerivedData/NeuroGuideApp-ewcvprgdglbcooackdjxjupgqkav/Build/Intermediates.noindex/NeuroGuideApp.build/Release-iphonesimulator/NeuroGuideApp.build/assetcatalog_output/unthinned

CpResource /Users/ammarkhalid/Library/Developer/Xcode/DerivedData/NeuroGuideApp-ewcvprgdglbcooackdjxjupgqkav/Build/Products/Release-iphonesimulator/attune.app/RECORD_FIRST_ARCHITECTURE.md /Users/ammarkhalid/workspace/nureo-guide/NeuroGuideApp/NeuroGuideApp/Features/LiveCoach/RECORD_FIRST_ARCHITECTURE.md (in target 'NeuroGuideApp' from project 'NeuroGuideApp')
    cd /Users/ammarkhalid/workspace/nureo-guide/NeuroGuideApp
    builtin-copy -exclude .DS_Store -exclude CVS -exclude .svn -exclude .git -exclude .hg -resolve-src-symlinks /Users/ammarkhalid/workspace/nureo-guide/NeuroGuideApp/NeuroGuideApp/Features/LiveCoach/RECORD_FIRST_ARCHITECTURE.md /Users/ammarkhalid/Library/Developer/Xcode/DerivedData/NeuroGuideApp-ewcvprgdglbcooackdjxjupgqkav/Build/Products/Release-iphonesimulator/attune.app

CpResource /Users/ammarkhalid/Library/Developer/Xcode/DerivedData/NeuroGuideApp-ewcvprgdglbcooackdjxjupgqkav/Build/Products/Release-iphonesimulator/attune.app/PRIVACY_ARCHITECTURE.md /Users/ammarkhalid/workspace/nureo-guide/NeuroGuideApp/NeuroGuideApp/Core/ML/PRIVACY_ARCHITECTURE.md (in target 'NeuroGuideApp' from project 'NeuroGuideApp')
    cd /Users/ammarkhalid/workspace/nureo-guide/NeuroGuideApp
    builtin-copy -exclude .DS_Store -exclude CVS -exclude .svn -exclude .git -exclude .hg -resolve-src-symlinks /Users/ammarkhalid/workspace/nureo-guide/NeuroGuideApp/NeuroGuideApp/Core/ML/PRIVACY_ARCHITECTURE.md /Users/ammarkhalid/Library/Developer/Xcode/DerivedData/NeuroGuideApp-ewcvprgdglbcooackdjxjupgqkav/Build/Products/Release-iphonesimulator/attune.app

CpResource /Users/ammarkhalid/Library/Developer/Xcode/DerivedData/NeuroGuideApp-ewcvprgdglbcooackdjxjupgqkav/Build/Products/Release-iphonesimulator/attune.app/PERFORMANCE_TARGETS.md /Users/ammarkhalid/workspace/nureo-guide/NeuroGuideApp/NeuroGuideApp/Core/ML/PERFORMANCE_TARGETS.md (in target 'NeuroGuideApp' from project 'NeuroGuideApp')
    cd /Users/ammarkhalid/workspace/nureo-guide/NeuroGuideApp
    builtin-copy -exclude .DS_Store -exclude CVS -exclude .svn -exclude .git -exclude .hg -resolve-src-symlinks /Users/ammarkhalid/workspace/nureo-guide/NeuroGuideApp/NeuroGuideApp/Core/ML/PERFORMANCE_TARGETS.md /Users/ammarkhalid/Library/Developer/Xcode/DerivedData/NeuroGuideApp-ewcvprgdglbcooackdjxjupgqkav/Build/Products/Release-iphonesimulator/attune.app

CpResource /Users/ammarkhalid/Library/Developer/Xcode/DerivedData/NeuroGuideApp-ewcvprgdglbcooackdjxjupgqkav/Build/Products/Release-iphonesimulator/attune.app/ML_INTEGRATION_GUIDE.md /Users/ammarkhalid/workspace/nureo-guide/NeuroGuideApp/NeuroGuideApp/Core/ML/ML_INTEGRATION_GUIDE.md (in target 'NeuroGuideApp' from project 'NeuroGuideApp')
    cd /Users/ammarkhalid/workspace/nureo-guide/NeuroGuideApp
    builtin-copy -exclude .DS_Store -exclude CVS -exclude .svn -exclude .git -exclude .hg -resolve-src-symlinks /Users/ammarkhalid/workspace/nureo-guide/NeuroGuideApp/NeuroGuideApp/Core/ML/ML_INTEGRATION_GUIDE.md /Users/ammarkhalid/Library/Developer/Xcode/DerivedData/NeuroGuideApp-ewcvprgdglbcooackdjxjupgqkav/Build/Products/Release-iphonesimulator/attune.app

CpResource /Users/ammarkhalid/Library/Developer/Xcode/DerivedData/NeuroGuideApp-ewcvprgdglbcooackdjxjupgqkav/Build/Products/Release-iphonesimulator/attune.app/ADR-004-encryption-strategy.md /Users/ammarkhalid/workspace/nureo-guide/NeuroGuideApp/NeuroGuideApp/Core/Security/docs/adr/ADR-004-encryption-strategy.md (in target 'NeuroGuideApp' from project 'NeuroGuideApp')
    cd /Users/ammarkhalid/workspace/nureo-guide/NeuroGuideApp
    builtin-copy -exclude .DS_Store -exclude CVS -exclude .svn -exclude .git -exclude .hg -resolve-src-symlinks /Users/ammarkhalid/workspace/nureo-guide/NeuroGuideApp/NeuroGuideApp/Core/Security/docs/adr/ADR-004-encryption-strategy.md /Users/ammarkhalid/Library/Developer/Xcode/DerivedData/NeuroGuideApp-ewcvprgdglbcooackdjxjupgqkav/Build/Products/Release-iphonesimulator/attune.app

CpResource /Users/ammarkhalid/Library/Developer/Xcode/DerivedData/NeuroGuideApp-ewcvprgdglbcooackdjxjupgqkav/Build/Products/Release-iphonesimulator/attune.app/ADR-003-lazy-model-loading.md /Users/ammarkhalid/workspace/nureo-guide/NeuroGuideApp/NeuroGuideApp/Core/ML/docs/adr/ADR-003-lazy-model-loading.md (in target 'NeuroGuideApp' from project 'NeuroGuideApp')
    cd /Users/ammarkhalid/workspace/nureo-guide/NeuroGuideApp
    builtin-copy -exclude .DS_Store -exclude CVS -exclude .svn -exclude .git -exclude .hg -resolve-src-symlinks /Users/ammarkhalid/workspace/nureo-guide/NeuroGuideApp/NeuroGuideApp/Core/ML/docs/adr/ADR-003-lazy-model-loading.md /Users/ammarkhalid/Library/Developer/Xcode/DerivedData/NeuroGuideApp-ewcvprgdglbcooackdjxjupgqkav/Build/Products/Release-iphonesimulator/attune.app

CpResource /Users/ammarkhalid/Library/Developer/Xcode/DerivedData/NeuroGuideApp-ewcvprgdglbcooackdjxjupgqkav/Build/Products/Release-iphonesimulator/attune.app/ADR-002-model-quality-tiers.md /Users/ammarkhalid/workspace/nureo-guide/NeuroGuideApp/NeuroGuideApp/Core/ML/docs/adr/ADR-002-model-quality-tiers.md (in target 'NeuroGuideApp' from project 'NeuroGuideApp')
    cd /Users/ammarkhalid/workspace/nureo-guide/NeuroGuideApp
    builtin-copy -exclude .DS_Store -exclude CVS -exclude .svn -exclude .git -exclude .hg -resolve-src-symlinks /Users/ammarkhalid/workspace/nureo-guide/NeuroGuideApp/NeuroGuideApp/Core/ML/docs/adr/ADR-002-model-quality-tiers.md /Users/ammarkhalid/Library/Developer/Xcode/DerivedData/NeuroGuideApp-ewcvprgdglbcooackdjxjupgqkav/Build/Products/Release-iphonesimulator/attune.app

CpResource /Users/ammarkhalid/Library/Developer/Xcode/DerivedData/NeuroGuideApp-ewcvprgdglbcooackdjxjupgqkav/Build/Products/Release-iphonesimulator/attune.app/ADR-001-core-ml-framework.md /Users/ammarkhalid/workspace/nureo-guide/NeuroGuideApp/NeuroGuideApp/Core/ML/docs/adr/ADR-001-core-ml-framework.md (in target 'NeuroGuideApp' from project 'NeuroGuideApp')
    cd /Users/ammarkhalid/workspace/nureo-guide/NeuroGuideApp
    builtin-copy -exclude .DS_Store -exclude CVS -exclude .svn -exclude .git -exclude .hg -resolve-src-symlinks /Users/ammarkhalid/workspace/nureo-guide/NeuroGuideApp/NeuroGuideApp/Core/ML/docs/adr/ADR-001-core-ml-framework.md /Users/ammarkhalid/Library/Developer/Xcode/DerivedData/NeuroGuideApp-ewcvprgdglbcooackdjxjupgqkav/Build/Products/Release-iphonesimulator/attune.app

CopyStringsFile /Users/ammarkhalid/Library/Developer/Xcode/DerivedData/NeuroGuideApp-ewcvprgdglbcooackdjxjupgqkav/Build/Products/Release-iphonesimulator/attune.app/Localizable.strings /Users/ammarkhalid/workspace/nureo-guide/NeuroGuideApp/NeuroGuideApp/Resources/Localizable.strings (in target 'NeuroGuideApp' from project 'NeuroGuideApp')
    cd /Users/ammarkhalid/workspace/nureo-guide/NeuroGuideApp
    builtin-copyStrings --validate --outputencoding binary --outfilename Localizable.strings --outdir /Users/ammarkhalid/Library/Developer/Xcode/DerivedData/NeuroGuideApp-ewcvprgdglbcooackdjxjupgqkav/Build/Products/Release-iphonesimulator/attune.app -- /Users/ammarkhalid/workspace/nureo-guide/NeuroGuideApp/NeuroGuideApp/Resources/Localizable.strings
/Users/ammarkhalid/workspace/nureo-guide/NeuroGuideApp/NeuroGuideApp/Resources/Localizable.strings:1:1: note: detected encoding of input file as Unicode (UTF-8) (in target 'NeuroGuideApp' from project 'NeuroGuideApp')

CompileAssetCatalogVariant thinned /Users/ammarkhalid/Library/Developer/Xcode/DerivedData/NeuroGuideApp-ewcvprgdglbcooackdjxjupgqkav/Build/Products/Release-iphonesimulator/attune.app /Users/ammarkhalid/workspace/nureo-guide/NeuroGuideApp/NeuroGuideApp/Resources/Assets.xcassets /Users/ammarkhalid/workspace/nureo-guide/NeuroGuideApp/NeuroGuideApp/Assets.xcassets (in target 'NeuroGuideApp' from project 'NeuroGuideApp')
    cd /Users/ammarkhalid/workspace/nureo-guide/NeuroGuideApp
    /Applications/Xcode.app/Contents/Developer/usr/bin/actool /Users/ammarkhalid/workspace/nureo-guide/NeuroGuideApp/NeuroGuideApp/Resources/Assets.xcassets /Users/ammarkhalid/workspace/nureo-guide/NeuroGuideApp/NeuroGuideApp/Assets.xcassets --compile /Users/ammarkhalid/Library/Developer/Xcode/DerivedData/NeuroGuideApp-ewcvprgdglbcooackdjxjupgqkav/Build/Intermediates.noindex/NeuroGuideApp.build/Release-iphonesimulator/NeuroGuideApp.build/assetcatalog_output/thinned --output-format human-readable-text --notices --warnings --export-dependency-info /Users/ammarkhalid/Library/Developer/Xcode/DerivedData/NeuroGuideApp-ewcvprgdglbcooackdjxjupgqkav/Build/Intermediates.noindex/NeuroGuideApp.build/Release-iphonesimulator/NeuroGuideApp.build/assetcatalog_dependencies_thinned --output-partial-info-plist /Users/ammarkhalid/Library/Developer/Xcode/DerivedData/NeuroGuideApp-ewcvprgdglbcooackdjxjupgqkav/Build/Intermediates.noindex/NeuroGuideApp.build/Release-iphonesimulator/NeuroGuideApp.build/assetcatalog_generated_info.plist_thinned --app-icon AppIcon --accent-color AccentColor --compress-pngs --enable-on-demand-resources YES --filter-for-thinning-device-configuration iPhone18,1 --filter-for-device-os-version 26.0.1 --development-region en --target-device iphone --target-device ipad --minimum-deployment-target 16.6 --platform iphonesimulator
objc[10357]: Class _NoAnimationDelegate is implemented in both /Library/Developer/CoreSimulator/Volumes/iOS_23A8464/Library/Developer/CoreSimulator/Profiles/Runtimes/iOS 26.0.simruntime/Contents/Resources/RuntimeRoot/System/Library/Frameworks/SwiftUICore.framework/SwiftUICore (0x142098130) and /Library/Developer/CoreSimulator/Volumes/iOS_23A8464/Library/Developer/CoreSimulator/Profiles/Runtimes/iOS 26.0.simruntime/Contents/Resources/RuntimeRoot/System/Library/PrivateFrameworks/UIKitCore.framework/UIKitCore (0x13f201198). This may cause spurious casting failures and mysterious crashes. One of the duplicates must be removed or renamed.
/* com.apple.actool.document.warnings */
/Users/ammarkhalid/workspace/nureo-guide/NeuroGuideApp/NeuroGuideApp/Assets.xcassets:./AppIcon.appiconset: warning: The app icon set name "AppIcon" is used by multiple app icon sets.
/Users/ammarkhalid/workspace/nureo-guide/NeuroGuideApp/NeuroGuideApp/Resources/Assets.xcassets:./AppIcon.appiconset: warning: The app icon set name "AppIcon" is used by multiple app icon sets.
/Users/ammarkhalid/workspace/nureo-guide/NeuroGuideApp/NeuroGuideApp/Assets.xcassets:./AppIcon.appiconset: warning: The app icon set name "AppIcon" is used by multiple app icon sets.
/Users/ammarkhalid/workspace/nureo-guide/NeuroGuideApp/NeuroGuideApp/Resources/Assets.xcassets:./AppIcon.appiconset: warning: The app icon set name "AppIcon" is used by multiple app icon sets.
/* com.apple.actool.compilation-results */
/Users/ammarkhalid/Library/Developer/Xcode/DerivedData/NeuroGuideApp-ewcvprgdglbcooackdjxjupgqkav/Build/Intermediates.noindex/NeuroGuideApp.build/Release-iphonesimulator/NeuroGuideApp.build/assetcatalog_generated_info.plist_thinned
/Users/ammarkhalid/Library/Developer/Xcode/DerivedData/NeuroGuideApp-ewcvprgdglbcooackdjxjupgqkav/Build/Intermediates.noindex/NeuroGuideApp.build/Release-iphonesimulator/NeuroGuideApp.build/assetcatalog_output/thinned/AppIcon60x60@2x.png
/Users/ammarkhalid/Library/Developer/Xcode/DerivedData/NeuroGuideApp-ewcvprgdglbcooackdjxjupgqkav/Build/Intermediates.noindex/NeuroGuideApp.build/Release-iphonesimulator/NeuroGuideApp.build/assetcatalog_output/thinned/AppIcon76x76@2x~ipad.png
/Users/ammarkhalid/Library/Developer/Xcode/DerivedData/NeuroGuideApp-ewcvprgdglbcooackdjxjupgqkav/Build/Intermediates.noindex/NeuroGuideApp.build/Release-iphonesimulator/NeuroGuideApp.build/assetcatalog_output/thinned/Assets.car


SwiftDriver NeuroGuideApp normal arm64 com.apple.xcode.tools.swift.compiler (in target 'NeuroGuideApp' from project 'NeuroGuideApp')
    cd /Users/ammarkhalid/workspace/nureo-guide/NeuroGuideApp
    builtin-SwiftDriver -- /Applications/Xcode.app/Contents/Developer/Toolchains/XcodeDefault.xctoolchain/usr/bin/swiftc -module-name attune -O -whole-module-optimization -enforce-exclusivity\=checked @/Users/ammarkhalid/Library/Developer/Xcode/DerivedData/NeuroGuideApp-ewcvprgdglbcooackdjxjupgqkav/Build/Intermediates.noindex/NeuroGuideApp.build/Release-iphonesimulator/NeuroGuideApp.build/Objects-normal/arm64/attune.SwiftFileList -default-isolation\=MainActor -enable-bare-slash-regex -enable-upcoming-feature DisableOutwardActorInference -enable-upcoming-feature InferSendableFromCaptures -enable-upcoming-feature GlobalActorIsolatedTypesUsability -enable-upcoming-feature MemberImportVisibility -enable-upcoming-feature InferIsolatedConformances -enable-upcoming-feature NonisolatedNonsendingByDefault -enable-experimental-feature DebugDescriptionMacro -sdk /Applications/Xcode.app/Contents/Developer/Platforms/iPhoneSimulator.platform/Developer/SDKs/iPhoneSimulator26.0.sdk -target arm64-apple-ios16.6-simulator -g -module-cache-path /Users/ammarkhalid/Library/Developer/Xcode/DerivedData/ModuleCache.noindex -Xfrontend -serialize-debugging-options -profile-coverage-mapping -profile-generate -swift-version 5 -I /Users/ammarkhalid/Library/Developer/Xcode/DerivedData/NeuroGuideApp-ewcvprgdglbcooackdjxjupgqkav/Build/Products/Release-iphonesimulator -F /Users/ammarkhalid/Library/Developer/Xcode/DerivedData/NeuroGuideApp-ewcvprgdglbcooackdjxjupgqkav/Build/Products/Release-iphonesimulator -emit-localized-strings -emit-localized-strings-path /Users/ammarkhalid/Library/Developer/Xcode/DerivedData/NeuroGuideApp-ewcvprgdglbcooackdjxjupgqkav/Build/Intermediates.noindex/NeuroGuideApp.build/Release-iphonesimulator/NeuroGuideApp.build/Objects-normal/arm64 -c -num-threads 10 -Xcc -ivfsstatcache -Xcc /Users/ammarkhalid/Library/Developer/Xcode/DerivedData/SDKStatCaches.noindex/iphonesimulator26.0-23A339-26257891a6c027eb51374368541b8346.sdkstatcache -output-file-map /Users/ammarkhalid/Library/Developer/Xcode/DerivedData/NeuroGuideApp-ewcvprgdglbcooackdjxjupgqkav/Build/Intermediates.noindex/NeuroGuideApp.build/Release-iphonesimulator/NeuroGuideApp.build/Objects-normal/arm64/NeuroGuideApp-OutputFileMap.json -use-frontend-parseable-output -save-temps -no-color-diagnostics -explicit-module-build -module-cache-path /Users/ammarkhalid/Library/Developer/Xcode/DerivedData/NeuroGuideApp-ewcvprgdglbcooackdjxjupgqkav/Build/Intermediates.noindex/SwiftExplicitPrecompiledModules -clang-scanner-module-cache-path /Users/ammarkhalid/Library/Developer/Xcode/DerivedData/ModuleCache.noindex -sdk-module-cache-path /Users/ammarkhalid/Library/Developer/Xcode/DerivedData/ModuleCache.noindex -serialize-diagnostics -emit-dependencies -emit-module -emit-module-path /Users/ammarkhalid/Library/Developer/Xcode/DerivedData/NeuroGuideApp-ewcvprgdglbcooackdjxjupgqkav/Build/Intermediates.noindex/NeuroGuideApp.build/Release-iphonesimulator/NeuroGuideApp.build/Objects-normal/arm64/attune.swiftmodule -validate-clang-modules-once -clang-build-session-file /Users/ammarkhalid/Library/Developer/Xcode/DerivedData/ModuleCache.noindex/Session.modulevalidation -Xcc -I/Users/ammarkhalid/Library/Developer/Xcode/DerivedData/NeuroGuideApp-ewcvprgdglbcooackdjxjupgqkav/Build/Intermediates.noindex/NeuroGuideApp.build/Release-iphonesimulator/NeuroGuideApp.build/swift-overrides.hmap -emit-const-values -Xfrontend -const-gather-protocols-file -Xfrontend /Users/ammarkhalid/Library/Developer/Xcode/DerivedData/NeuroGuideApp-ewcvprgdglbcooackdjxjupgqkav/Build/Intermediates.noindex/NeuroGuideApp.build/Release-iphonesimulator/NeuroGuideApp.build/Objects-normal/arm64/NeuroGuideApp_const_extract_protocols.json -Xcc -iquote -Xcc /Users/ammarkhalid/Library/Developer/Xcode/DerivedData/NeuroGuideApp-ewcvprgdglbcooackdjxjupgqkav/Build/Intermediates.noindex/NeuroGuideApp.build/Release-iphonesimulator/NeuroGuideApp.build/attune-generated-files.hmap -Xcc -I/Users/ammarkhalid/Library/Developer/Xcode/DerivedData/NeuroGuideApp-ewcvprgdglbcooackdjxjupgqkav/Build/Intermediates.noindex/NeuroGuideApp.build/Release-iphonesimulator/NeuroGuideApp.build/attune-own-target-headers.hmap -Xcc -I/Users/ammarkhalid/Library/Developer/Xcode/DerivedData/NeuroGuideApp-ewcvprgdglbcooackdjxjupgqkav/Build/Intermediates.noindex/NeuroGuideApp.build/Release-iphonesimulator/NeuroGuideApp.build/attune-all-target-headers.hmap -Xcc -iquote -Xcc /Users/ammarkhalid/Library/Developer/Xcode/DerivedData/NeuroGuideApp-ewcvprgdglbcooackdjxjupgqkav/Build/Intermediates.noindex/NeuroGuideApp.build/Release-iphonesimulator/NeuroGuideApp.build/attune-project-headers.hmap -Xcc -I/Users/ammarkhalid/Library/Developer/Xcode/DerivedData/NeuroGuideApp-ewcvprgdglbcooackdjxjupgqkav/Build/Products/Release-iphonesimulator/include -Xcc -I/Users/ammarkhalid/Library/Developer/Xcode/DerivedData/NeuroGuideApp-ewcvprgdglbcooackdjxjupgqkav/Build/Intermediates.noindex/NeuroGuideApp.build/Release-iphonesimulator/NeuroGuideApp.build/DerivedSources-normal/arm64 -Xcc -I/Users/ammarkhalid/Library/Developer/Xcode/DerivedData/NeuroGuideApp-ewcvprgdglbcooackdjxjupgqkav/Build/Intermediates.noindex/NeuroGuideApp.build/Release-iphonesimulator/NeuroGuideApp.build/DerivedSources/arm64 -Xcc -I/Users/ammarkhalid/Library/Developer/Xcode/DerivedData/NeuroGuideApp-ewcvprgdglbcooackdjxjupgqkav/Build/Intermediates.noindex/NeuroGuideApp.build/Release-iphonesimulator/NeuroGuideApp.build/DerivedSources -emit-objc-header -emit-objc-header-path /Users/ammarkhalid/Library/Developer/Xcode/DerivedData/NeuroGuideApp-ewcvprgdglbcooackdjxjupgqkav/Build/Intermediates.noindex/NeuroGuideApp.build/Release-iphonesimulator/NeuroGuideApp.build/Objects-normal/arm64/attune-Swift.h -working-directory /Users/ammarkhalid/workspace/nureo-guide/NeuroGuideApp -no-emit-module-separately-wmo

SwiftDriver\ Compilation NeuroGuideApp normal arm64 com.apple.xcode.tools.swift.compiler (in target 'NeuroGuideApp' from project 'NeuroGuideApp')
    cd /Users/ammarkhalid/workspace/nureo-guide/NeuroGuideApp
    builtin-Swift-Compilation -- /Applications/Xcode.app/Contents/Developer/Toolchains/XcodeDefault.xctoolchain/usr/bin/swiftc -module-name attune -O -whole-module-optimization -enforce-exclusivity\=checked @/Users/ammarkhalid/Library/Developer/Xcode/DerivedData/NeuroGuideApp-ewcvprgdglbcooackdjxjupgqkav/Build/Intermediates.noindex/NeuroGuideApp.build/Release-iphonesimulator/NeuroGuideApp.build/Objects-normal/arm64/attune.SwiftFileList -default-isolation\=MainActor -enable-bare-slash-regex -enable-upcoming-feature DisableOutwardActorInference -enable-upcoming-feature InferSendableFromCaptures -enable-upcoming-feature GlobalActorIsolatedTypesUsability -enable-upcoming-feature MemberImportVisibility -enable-upcoming-feature InferIsolatedConformances -enable-upcoming-feature NonisolatedNonsendingByDefault -enable-experimental-feature DebugDescriptionMacro -sdk /Applications/Xcode.app/Contents/Developer/Platforms/iPhoneSimulator.platform/Developer/SDKs/iPhoneSimulator26.0.sdk -target arm64-apple-ios16.6-simulator -g -module-cache-path /Users/ammarkhalid/Library/Developer/Xcode/DerivedData/ModuleCache.noindex -Xfrontend -serialize-debugging-options -profile-coverage-mapping -profile-generate -swift-version 5 -I /Users/ammarkhalid/Library/Developer/Xcode/DerivedData/NeuroGuideApp-ewcvprgdglbcooackdjxjupgqkav/Build/Products/Release-iphonesimulator -F /Users/ammarkhalid/Library/Developer/Xcode/DerivedData/NeuroGuideApp-ewcvprgdglbcooackdjxjupgqkav/Build/Products/Release-iphonesimulator -emit-localized-strings -emit-localized-strings-path /Users/ammarkhalid/Library/Developer/Xcode/DerivedData/NeuroGuideApp-ewcvprgdglbcooackdjxjupgqkav/Build/Intermediates.noindex/NeuroGuideApp.build/Release-iphonesimulator/NeuroGuideApp.build/Objects-normal/arm64 -c -num-threads 10 -Xcc -ivfsstatcache -Xcc /Users/ammarkhalid/Library/Developer/Xcode/DerivedData/SDKStatCaches.noindex/iphonesimulator26.0-23A339-26257891a6c027eb51374368541b8346.sdkstatcache -output-file-map /Users/ammarkhalid/Library/Developer/Xcode/DerivedData/NeuroGuideApp-ewcvprgdglbcooackdjxjupgqkav/Build/Intermediates.noindex/NeuroGuideApp.build/Release-iphonesimulator/NeuroGuideApp.build/Objects-normal/arm64/NeuroGuideApp-OutputFileMap.json -use-frontend-parseable-output -save-temps -no-color-diagnostics -explicit-module-build -module-cache-path /Users/ammarkhalid/Library/Developer/Xcode/DerivedData/NeuroGuideApp-ewcvprgdglbcooackdjxjupgqkav/Build/Intermediates.noindex/SwiftExplicitPrecompiledModules -clang-scanner-module-cache-path /Users/ammarkhalid/Library/Developer/Xcode/DerivedData/ModuleCache.noindex -sdk-module-cache-path /Users/ammarkhalid/Library/Developer/Xcode/DerivedData/ModuleCache.noindex -serialize-diagnostics -emit-dependencies -emit-module -emit-module-path /Users/ammarkhalid/Library/Developer/Xcode/DerivedData/NeuroGuideApp-ewcvprgdglbcooackdjxjupgqkav/Build/Intermediates.noindex/NeuroGuideApp.build/Release-iphonesimulator/NeuroGuideApp.build/Objects-normal/arm64/attune.swiftmodule -validate-clang-modules-once -clang-build-session-file /Users/ammarkhalid/Library/Developer/Xcode/DerivedData/ModuleCache.noindex/Session.modulevalidation -Xcc -I/Users/ammarkhalid/Library/Developer/Xcode/DerivedData/NeuroGuideApp-ewcvprgdglbcooackdjxjupgqkav/Build/Intermediates.noindex/NeuroGuideApp.build/Release-iphonesimulator/NeuroGuideApp.build/swift-overrides.hmap -emit-const-values -Xfrontend -const-gather-protocols-file -Xfrontend /Users/ammarkhalid/Library/Developer/Xcode/DerivedData/NeuroGuideApp-ewcvprgdglbcooackdjxjupgqkav/Build/Intermediates.noindex/NeuroGuideApp.build/Release-iphonesimulator/NeuroGuideApp.build/Objects-normal/arm64/NeuroGuideApp_const_extract_protocols.json -Xcc -iquote -Xcc /Users/ammarkhalid/Library/Developer/Xcode/DerivedData/NeuroGuideApp-ewcvprgdglbcooackdjxjupgqkav/Build/Intermediates.noindex/NeuroGuideApp.build/Release-iphonesimulator/NeuroGuideApp.build/attune-generated-files.hmap -Xcc -I/Users/ammarkhalid/Library/Developer/Xcode/DerivedData/NeuroGuideApp-ewcvprgdglbcooackdjxjupgqkav/Build/Intermediates.noindex/NeuroGuideApp.build/Release-iphonesimulator/NeuroGuideApp.build/attune-own-target-headers.hmap -Xcc -I/Users/ammarkhalid/Library/Developer/Xcode/DerivedData/NeuroGuideApp-ewcvprgdglbcooackdjxjupgqkav/Build/Intermediates.noindex/NeuroGuideApp.build/Release-iphonesimulator/NeuroGuideApp.build/attune-all-target-headers.hmap -Xcc -iquote -Xcc /Users/ammarkhalid/Library/Developer/Xcode/DerivedData/NeuroGuideApp-ewcvprgdglbcooackdjxjupgqkav/Build/Intermediates.noindex/NeuroGuideApp.build/Release-iphonesimulator/NeuroGuideApp.build/attune-project-headers.hmap -Xcc -I/Users/ammarkhalid/Library/Developer/Xcode/DerivedData/NeuroGuideApp-ewcvprgdglbcooackdjxjupgqkav/Build/Products/Release-iphonesimulator/include -Xcc -I/Users/ammarkhalid/Library/Developer/Xcode/DerivedData/NeuroGuideApp-ewcvprgdglbcooackdjxjupgqkav/Build/Intermediates.noindex/NeuroGuideApp.build/Release-iphonesimulator/NeuroGuideApp.build/DerivedSources-normal/arm64 -Xcc -I/Users/ammarkhalid/Library/Developer/Xcode/DerivedData/NeuroGuideApp-ewcvprgdglbcooackdjxjupgqkav/Build/Intermediates.noindex/NeuroGuideApp.build/Release-iphonesimulator/NeuroGuideApp.build/DerivedSources/arm64 -Xcc -I/Users/ammarkhalid/Library/Developer/Xcode/DerivedData/NeuroGuideApp-ewcvprgdglbcooackdjxjupgqkav/Build/Intermediates.noindex/NeuroGuideApp.build/Release-iphonesimulator/NeuroGuideApp.build/DerivedSources -emit-objc-header -emit-objc-header-path /Users/ammarkhalid/Library/Developer/Xcode/DerivedData/NeuroGuideApp-ewcvprgdglbcooackdjxjupgqkav/Build/Intermediates.noindex/NeuroGuideApp.build/Release-iphonesimulator/NeuroGuideApp.build/Objects-normal/arm64/attune-Swift.h -working-directory /Users/ammarkhalid/workspace/nureo-guide/NeuroGuideApp -no-emit-module-separately-wmo

SwiftCompile normal arm64 Compiling\ AppCoordinator.swift,\ NeuroGuideApp.swift,\ AccessibilityAudit.swift,\ Bookmark.swift,\ ContentFeedback.swift,\ ContentLibrary.swift,\ ConversationContext.swift,\ Question.swift,\ SearchHistory.swift,\ SearchResult.swift,\ AskNeuroGuideServices.swift,\ FollowUpQuestionGenerator.swift,\ RelatedQuestionEngine.swift,\ SemanticSearchEngine.swift,\ BookmarkManager.swift,\ ConversationalSearchManager.swift,\ FeedbackManager.swift,\ LLMResponseGenerator.swift,\ QuestionInputManager.swift,\ SearchHistoryManager.swift,\ ShareHelper.swift,\ ContentFiltering.swift,\ ContentItem.swift,\ ContentFilteringManager.swift,\ ContentLibraryManager.swift,\ ContentLibraryService.swift,\ ContentSearchManager.swift,\ NGBadge.swift,\ NGButton.swift,\ NGCard.swift,\ NGTextField.swift,\ Colors.swift,\ Spacing.swift,\ ThemeManager.swift,\ Typography.swift,\ ConfidenceLevel.swift,\ EmotionConsentStatus.swift,\ EmotionExpressionProfile.swift,\ EmotionState.swift,\ ValidationRecord.swift,\ EmotionServices.swift,\ EmotionInterfaceManager.swift,\ EmotionProfileManager.swift,\ EmotionStateClassifier.swift,\ ValidationManager.swift,\ CoRegulationEvent.swift,\ LiveCoachModels.swift,\ LiveCoachSession.swift,\ ParentStateObservation.swift,\ SessionAnalysisResult.swift,\ LiveCoachService.swift,\ AudioAnalyzer.swift,\ AudioCaptureService.swift,\ CameraCaptureService.swift,\ CameraMotionStabilizer.swift,\ ChildCameraService.swift,\ CoachingEngine.swift,\ DualCameraManager.swift,\ EnvironmentAnalyzer.swift,\ FacialAnalyzer.swift,\ LiveCoachMLIntegration.swift,\ LiveCoachSessionManager.swift,\ LLMCoachingService.swift,\ ParentCameraService.swift,\ PermissionsManager.swift,\ PoseAnalyzer.swift,\ SessionHistoryManager.swift,\ SessionRecordingManager.swift,\ StabilizedBandTracker.swift,\ VideoProcessingPipeline.swift,\ CGImage+PixelBuffer.swift,\ FacialExpressionService.swift,\ ParentStateDetectionService.swift,\ PoseDetectionService.swift,\ VocalAffectService.swift,\ ArousalBandClassifier.swift,\ ArousalBand.swift,\ DeviceInfo.swift,\ MLModelType.swift,\ ModelPerformanceMetrics.swift,\ ModelQuality.swift,\ ModelRequirements.swift,\ PrivacyStatus.swift,\ ModelPerformanceMonitor.swift,\ PerformanceDashboardView.swift,\ PerformanceMonitor.swift,\ PrivacyManager.swift,\ PrivacyService.swift,\ DeviceCapabilityManager.swift,\ DeviceCapabilityService.swift,\ MLLifecycleManager.swift,\ MLModelManager.swift,\ MLModelService.swift,\ EmergencyResource.swift,\ NavigationState.swift,\ OnboardingPage.swift,\ ProfileError.swift,\ AlexithymiaSettings.swift,\ BaselineCalibration.swift,\ ChildProfile.swift,\ CommunicationMode.swift,\ CoRegulationHistory.swift,\ NeurodivergentDiagnosis.swift,\ SensoryPreferences.swift,\ Strategy.swift,\ Trigger.swift,\ BaselineCalibrationService.swift,\ ChildProfileManager.swift,\ ChildProfileService.swift,\ DiagnosisAwareArousalAdjuster.swift,\ BaselineCalibrationViewModel.swift,\ ProfileCreationViewModel.swift,\ AppLockManager.swift,\ AppLockView.swift,\ BiometricAuthError.swift,\ BiometricAuthManager.swift,\ BiometricAuthService.swift,\ AESEncryptionService.swift,\ EncryptionError.swift,\ EncryptionService.swift,\ KeychainError.swift,\ KeychainManager.swift,\ KeychainService.swift,\ SecureStorageManager.swift,\ SecureStorageService.swift,\ StorageError.swift,\ LaunchStateManager.swift,\ NavigationService.swift,\ SettingsManager.swift,\ AccessibilityHelper.swift,\ AboutView.swift,\ LegalView.swift,\ CredibilityBadge.swift,\ FeedbackButtons.swift,\ RelatedQuestionsView.swift,\ ShareSheet.swift,\ SourceDetailsSheet.swift,\ SuggestedQuestionsView.swift,\ BookmarksView.swift,\ SearchHistoryView.swift,\ AskNeuroGuideView.swift,\ AskNeuroGuideViewModel.swift,\ EmergencyResourcesView.swift,\ EmotionStateCard.swift,\ ModelCardView.swift,\ EmotionOptInView.swift,\ EmotionProfileSetupView.swift,\ EmotionValidationView.swift,\ HelpArticle.swift,\ HelpView.swift,\ HomeViewModel.swift,\ EmergencyAccessButton.swift,\ FeatureCardView.swift,\ HomeView.swift,\ ProfileSummaryView.swift,\ LaunchScreenView.swift,\ ArousalTimelineGraphView.swift,\ BehaviorSpectrumView.swift,\ CameraPreviewView.swift,\ CameraStabilityIndicator.swift,\ DegradedModeView.swift,\ DualCameraPreviewView.swift,\ ParentEmotionSummaryView.swift,\ AmbientArousalIndicator.swift,\ CoRegulationCelebrationView.swift,\ CoRegulationSummaryCard.swift,\ StabilizedBandDisplay.swift,\ LiveCoachView.swift,\ LiveCoachViewModel.swift,\ OnboardingViewModel.swift,\ OnboardingPageView.swift,\ OnboardingProgressView.swift,\ OnboardingView.swift,\ AddStrategySheet.swift,\ AddTriggerSheet.swift,\ CommunicationModeRow.swift,\ ProfilePhotoPickerView.swift,\ SensoryProfileRow.swift,\ StarsView.swift,\ StrategyRow.swift,\ TriggerRow.swift,\ ProfileDetailViewModel.swift,\ ColorPickerView.swift,\ BasicInfoStepView.swift,\ CalibrationStepView.swift,\ CommunicationStepView.swift,\ DiagnosisStepView.swift,\ ProfileCreationWizardView.swift,\ SensoryPreferencesStepView.swift,\ TriggersStepView.swift,\ ProfileDetailView.swift,\ CalibrationWizardView.swift,\ SessionHistoryListView.swift,\ SessionReportDetailView.swift,\ AccessibilitySettingsView.swift,\ AppearanceSettingsView.swift,\ LiveCoachSettingsView.swift,\ NotificationsSettingsView.swift,\ PrivacyDataSettingsView.swift,\ SettingsView.swift,\ SupportView.swift,\ WelcomeViewModel.swift,\ WelcomeView.swift,\ AccessibleCard.swift,\ OneHandedLayout.swift,\ GeneratedAssetSymbols.swift /Users/ammarkhalid/workspace/nureo-guide/NeuroGuideApp/NeuroGuideApp/App/AppCoordinator.swift /Users/ammarkhalid/workspace/nureo-guide/NeuroGuideApp/NeuroGuideApp/App/NeuroGuideApp.swift /Users/ammarkhalid/workspace/nureo-guide/NeuroGuideApp/NeuroGuideApp/Core/Accessibility/AccessibilityAudit.swift /Users/ammarkhalid/workspace/nureo-guide/NeuroGuideApp/NeuroGuideApp/Core/AskNeuroGuide/Models/Bookmark.swift /Users/ammarkhalid/workspace/nureo-guide/NeuroGuideApp/NeuroGuideApp/Core/AskNeuroGuide/Models/ContentFeedback.swift /Users/ammarkhalid/workspace/nureo-guide/NeuroGuideApp/NeuroGuideApp/Core/AskNeuroGuide/Models/ContentLibrary.swift /Users/ammarkhalid/workspace/nureo-guide/NeuroGuideApp/NeuroGuideApp/Core/AskNeuroGuide/Models/ConversationContext.swift /Users/ammarkhalid/workspace/nureo-guide/NeuroGuideApp/NeuroGuideApp/Core/AskNeuroGuide/Models/Question.swift /Users/ammarkhalid/workspace/nureo-guide/NeuroGuideApp/NeuroGuideApp/Core/AskNeuroGuide/Models/SearchHistory.swift /Users/ammarkhalid/workspace/nureo-guide/NeuroGuideApp/NeuroGuideApp/Core/AskNeuroGuide/Models/SearchResult.swift /Users/ammarkhalid/workspace/nureo-guide/NeuroGuideApp/NeuroGuideApp/Core/AskNeuroGuide/Protocols/AskNeuroGuideServices.swift /Users/ammarkhalid/workspace/nureo-guide/NeuroGuideApp/NeuroGuideApp/Core/AskNeuroGuide/Search/FollowUpQuestionGenerator.swift /Users/ammarkhalid/workspace/nureo-guide/NeuroGuideApp/NeuroGuideApp/Core/AskNeuroGuide/Search/RelatedQuestionEngine.swift /Users/ammarkhalid/workspace/nureo-guide/NeuroGuideApp/NeuroGuideApp/Core/AskNeuroGuide/Search/SemanticSearchEngine.swift /Users/ammarkhalid/workspace/nureo-guide/NeuroGuideApp/NeuroGuideApp/Core/AskNeuroGuide/Services/BookmarkManager.swift /Users/ammarkhalid/workspace/nureo-guide/NeuroGuideApp/NeuroGuideApp/Core/AskNeuroGuide/Services/ConversationalSearchManager.swift /Users/ammarkhalid/workspace/nureo-guide/NeuroGuideApp/NeuroGuideApp/Core/AskNeuroGuide/Services/FeedbackManager.swift /Users/ammarkhalid/workspace/nureo-guide/NeuroGuideApp/NeuroGuideApp/Core/AskNeuroGuide/Services/LLMResponseGenerator.swift /Users/ammarkhalid/workspace/nureo-guide/NeuroGuideApp/NeuroGuideApp/Core/AskNeuroGuide/Services/QuestionInputManager.swift /Users/ammarkhalid/workspace/nureo-guide/NeuroGuideApp/NeuroGuideApp/Core/AskNeuroGuide/Services/SearchHistoryManager.swift /Users/ammarkhalid/workspace/nureo-guide/NeuroGuideApp/NeuroGuideApp/Core/AskNeuroGuide/Utilities/ShareHelper.swift /Users/ammarkhalid/workspace/nureo-guide/NeuroGuideApp/NeuroGuideApp/Core/Content/Models/ContentFiltering.swift /Users/ammarkhalid/workspace/nureo-guide/NeuroGuideApp/NeuroGuideApp/Core/Content/Models/ContentItem.swift /Users/ammarkhalid/workspace/nureo-guide/NeuroGuideApp/NeuroGuideApp/Core/Content/Services/ContentFilteringManager.swift /Users/ammarkhalid/workspace/nureo-guide/NeuroGuideApp/NeuroGuideApp/Core/Content/Services/ContentLibraryManager.swift /Users/ammarkhalid/workspace/nureo-guide/NeuroGuideApp/NeuroGuideApp/Core/Content/Services/ContentLibraryService.swift /Users/ammarkhalid/workspace/nureo-guide/NeuroGuideApp/NeuroGuideApp/Core/Content/Services/ContentSearchManager.swift /Users/ammarkhalid/workspace/nureo-guide/NeuroGuideApp/NeuroGuideApp/Core/Design/Components/NGBadge.swift /Users/ammarkhalid/workspace/nureo-guide/NeuroGuideApp/NeuroGuideApp/Core/Design/Components/NGButton.swift /Users/ammarkhalid/workspace/nureo-guide/NeuroGuideApp/NeuroGuideApp/Core/Design/Components/NGCard.swift /Users/ammarkhalid/workspace/nureo-guide/NeuroGuideApp/NeuroGuideApp/Core/Design/Components/NGTextField.swift /Users/ammarkhalid/workspace/nureo-guide/NeuroGuideApp/NeuroGuideApp/Core/Design/Colors.swift /Users/ammarkhalid/workspace/nureo-guide/NeuroGuideApp/NeuroGuideApp/Core/Design/Spacing.swift /Users/ammarkhalid/workspace/nureo-guide/NeuroGuideApp/NeuroGuideApp/Core/Design/ThemeManager.swift /Users/ammarkhalid/workspace/nureo-guide/NeuroGuideApp/NeuroGuideApp/Core/Design/Typography.swift /Users/ammarkhalid/workspace/nureo-guide/NeuroGuideApp/NeuroGuideApp/Core/Emotion/Models/ConfidenceLevel.swift /Users/ammarkhalid/workspace/nureo-guide/NeuroGuideApp/NeuroGuideApp/Core/Emotion/Models/EmotionConsentStatus.swift /Users/ammarkhalid/workspace/nureo-guide/NeuroGuideApp/NeuroGuideApp/Core/Emotion/Models/EmotionExpressionProfile.swift /Users/ammarkhalid/workspace/nureo-guide/NeuroGuideApp/NeuroGuideApp/Core/Emotion/Models/EmotionState.swift /Users/ammarkhalid/workspace/nureo-guide/NeuroGuideApp/NeuroGuideApp/Core/Emotion/Models/ValidationRecord.swift /Users/ammarkhalid/workspace/nureo-guide/NeuroGuideApp/NeuroGuideApp/Core/Emotion/Protocols/EmotionServices.swift /Users/ammarkhalid/workspace/nureo-guide/NeuroGuideApp/NeuroGuideApp/Core/Emotion/Services/EmotionInterfaceManager.swift /Users/ammarkhalid/workspace/nureo-guide/NeuroGuideApp/NeuroGuideApp/Core/Emotion/Services/EmotionProfileManager.swift /Users/ammarkhalid/workspace/nureo-guide/NeuroGuideApp/NeuroGuideApp/Core/Emotion/Services/EmotionStateClassifier.swift /Users/ammarkhalid/workspace/nureo-guide/NeuroGuideApp/NeuroGuideApp/Core/Emotion/Services/ValidationManager.swift /Users/ammarkhalid/workspace/nureo-guide/NeuroGuideApp/NeuroGuideApp/Core/LiveCoach/Models/CoRegulationEvent.swift /Users/ammarkhalid/workspace/nureo-guide/NeuroGuideApp/NeuroGuideApp/Core/LiveCoach/Models/LiveCoachModels.swift /Users/ammarkhalid/workspace/nureo-guide/NeuroGuideApp/NeuroGuideApp/Core/LiveCoach/Models/LiveCoachSession.swift /Users/ammarkhalid/workspace/nureo-guide/NeuroGuideApp/NeuroGuideApp/Core/LiveCoach/Models/ParentStateObservation.swift /Users/ammarkhalid/workspace/nureo-guide/NeuroGuideApp/NeuroGuideApp/Core/LiveCoach/Models/SessionAnalysisResult.swift /Users/ammarkhalid/workspace/nureo-guide/NeuroGuideApp/NeuroGuideApp/Core/LiveCoach/Protocols/LiveCoachService.swift /Users/ammarkhalid/workspace/nureo-guide/NeuroGuideApp/NeuroGuideApp/Core/LiveCoach/Services/AudioAnalyzer.swift /Users/ammarkhalid/workspace/nureo-guide/NeuroGuideApp/NeuroGuideApp/Core/LiveCoach/Services/AudioCaptureService.swift /Users/ammarkhalid/workspace/nureo-guide/NeuroGuideApp/NeuroGuideApp/Core/LiveCoach/Services/CameraCaptureService.swift /Users/ammarkhalid/workspace/nureo-guide/NeuroGuideApp/NeuroGuideApp/Core/LiveCoach/Services/CameraMotionStabilizer.swift /Users/ammarkhalid/workspace/nureo-guide/NeuroGuideApp/NeuroGuideApp/Core/LiveCoach/Services/ChildCameraService.swift /Users/ammarkhalid/workspace/nureo-guide/NeuroGuideApp/NeuroGuideApp/Core/LiveCoach/Services/CoachingEngine.swift /Users/ammarkhalid/workspace/nureo-guide/NeuroGuideApp/NeuroGuideApp/Core/LiveCoach/Services/DualCameraManager.swift /Users/ammarkhalid/workspace/nureo-guide/NeuroGuideApp/NeuroGuideApp/Core/LiveCoach/Services/EnvironmentAnalyzer.swift /Users/ammarkhalid/workspace/nureo-guide/NeuroGuideApp/NeuroGuideApp/Core/LiveCoach/Services/FacialAnalyzer.swift /Users/ammarkhalid/workspace/nureo-guide/NeuroGuideApp/NeuroGuideApp/Core/LiveCoach/Services/LiveCoachMLIntegration.swift /Users/ammarkhalid/workspace/nureo-guide/NeuroGuideApp/NeuroGuideApp/Core/LiveCoach/Services/LiveCoachSessionManager.swift /Users/ammarkhalid/workspace/nureo-guide/NeuroGuideApp/NeuroGuideApp/Core/LiveCoach/Services/LLMCoachingService.swift /Users/ammarkhalid/workspace/nureo-guide/NeuroGuideApp/NeuroGuideApp/Core/LiveCoach/Services/ParentCameraService.swift /Users/ammarkhalid/workspace/nureo-guide/NeuroGuideApp/NeuroGuideApp/Core/LiveCoach/Services/PermissionsManager.swift /Users/ammarkhalid/workspace/nureo-guide/NeuroGuideApp/NeuroGuideApp/Core/LiveCoach/Services/PoseAnalyzer.swift /Users/ammarkhalid/workspace/nureo-guide/NeuroGuideApp/NeuroGuideApp/Core/LiveCoach/Services/SessionHistoryManager.swift /Users/ammarkhalid/workspace/nureo-guide/NeuroGuideApp/NeuroGuideApp/Core/LiveCoach/Services/SessionRecordingManager.swift /Users/ammarkhalid/workspace/nureo-guide/NeuroGuideApp/NeuroGuideApp/Core/LiveCoach/Services/StabilizedBandTracker.swift /Users/ammarkhalid/workspace/nureo-guide/NeuroGuideApp/NeuroGuideApp/Core/LiveCoach/Services/VideoProcessingPipeline.swift /Users/ammarkhalid/workspace/nureo-guide/NeuroGuideApp/NeuroGuideApp/Core/LiveCoach/Utilities/CGImage+PixelBuffer.swift /Users/ammarkhalid/workspace/nureo-guide/NeuroGuideApp/NeuroGuideApp/Core/ML/Detection/FacialExpressionService.swift /Users/ammarkhalid/workspace/nureo-guide/NeuroGuideApp/NeuroGuideApp/Core/ML/Detection/ParentStateDetectionService.swift /Users/ammarkhalid/workspace/nureo-guide/NeuroGuideApp/NeuroGuideApp/Core/ML/Detection/PoseDetectionService.swift /Users/ammarkhalid/workspace/nureo-guide/NeuroGuideApp/NeuroGuideApp/Core/ML/Detection/VocalAffectService.swift /Users/ammarkhalid/workspace/nureo-guide/NeuroGuideApp/NeuroGuideApp/Core/ML/Inference/ArousalBandClassifier.swift /Users/ammarkhalid/workspace/nureo-guide/NeuroGuideApp/NeuroGuideApp/Core/ML/Models/ArousalBand.swift /Users/ammarkhalid/workspace/nureo-guide/NeuroGuideApp/NeuroGuideApp/Core/ML/Models/DeviceInfo.swift /Users/ammarkhalid/workspace/nureo-guide/NeuroGuideApp/NeuroGuideApp/Core/ML/Models/MLModelType.swift /Users/ammarkhalid/workspace/nureo-guide/NeuroGuideApp/NeuroGuideApp/Core/ML/Models/ModelPerformanceMetrics.swift /Users/ammarkhalid/workspace/nureo-guide/NeuroGuideApp/NeuroGuideApp/Core/ML/Models/ModelQuality.swift /Users/ammarkhalid/workspace/nureo-guide/NeuroGuideApp/NeuroGuideApp/Core/ML/Models/ModelRequirements.swift /Users/ammarkhalid/workspace/nureo-guide/NeuroGuideApp/NeuroGuideApp/Core/ML/Models/PrivacyStatus.swift /Users/ammarkhalid/workspace/nureo-guide/NeuroGuideApp/NeuroGuideApp/Core/ML/Monitoring/ModelPerformanceMonitor.swift /Users/ammarkhalid/workspace/nureo-guide/NeuroGuideApp/NeuroGuideApp/Core/ML/Monitoring/PerformanceDashboardView.swift /Users/ammarkhalid/workspace/nureo-guide/NeuroGuideApp/NeuroGuideApp/Core/ML/Monitoring/PerformanceMonitor.swift /Users/ammarkhalid/workspace/nureo-guide/NeuroGuideApp/NeuroGuideApp/Core/ML/Privacy/PrivacyManager.swift /Users/ammarkhalid/workspace/nureo-guide/NeuroGuideApp/NeuroGuideApp/Core/ML/Privacy/PrivacyService.swift /Users/ammarkhalid/workspace/nureo-guide/NeuroGuideApp/NeuroGuideApp/Core/ML/Services/DeviceCapabilityManager.swift /Users/ammarkhalid/workspace/nureo-guide/NeuroGuideApp/NeuroGuideApp/Core/ML/Services/DeviceCapabilityService.swift /Users/ammarkhalid/workspace/nureo-guide/NeuroGuideApp/NeuroGuideApp/Core/ML/Services/MLLifecycleManager.swift /Users/ammarkhalid/workspace/nureo-guide/NeuroGuideApp/NeuroGuideApp/Core/ML/Services/MLModelManager.swift /Users/ammarkhalid/workspace/nureo-guide/NeuroGuideApp/NeuroGuideApp/Core/ML/Services/MLModelService.swift /Users/ammarkhalid/workspace/nureo-guide/NeuroGuideApp/NeuroGuideApp/Core/Models/EmergencyResource.swift /Users/ammarkhalid/workspace/nureo-guide/NeuroGuideApp/NeuroGuideApp/Core/Models/NavigationState.swift /Users/ammarkhalid/workspace/nureo-guide/NeuroGuideApp/NeuroGuideApp/Core/Models/OnboardingPage.swift /Users/ammarkhalid/workspace/nureo-guide/NeuroGuideApp/NeuroGuideApp/Core/Profile/Errors/ProfileError.swift /Users/ammarkhalid/workspace/nureo-guide/NeuroGuideApp/NeuroGuideApp/Core/Profile/Models/AlexithymiaSettings.swift /Users/ammarkhalid/workspace/nureo-guide/NeuroGuideApp/NeuroGuideApp/Core/Profile/Models/BaselineCalibration.swift /Users/ammarkhalid/workspace/nureo-guide/NeuroGuideApp/NeuroGuideApp/Core/Profile/Models/ChildProfile.swift /Users/ammarkhalid/workspace/nureo-guide/NeuroGuideApp/NeuroGuideApp/Core/Profile/Models/CommunicationMode.swift /Users/ammarkhalid/workspace/nureo-guide/NeuroGuideApp/NeuroGuideApp/Core/Profile/Models/CoRegulationHistory.swift /Users/ammarkhalid/workspace/nureo-guide/NeuroGuideApp/NeuroGuideApp/Core/Profile/Models/NeurodivergentDiagnosis.swift /Users/ammarkhalid/workspace/nureo-guide/NeuroGuideApp/NeuroGuideApp/Core/Profile/Models/SensoryPreferences.swift /Users/ammarkhalid/workspace/nureo-guide/NeuroGuideApp/NeuroGuideApp/Core/Profile/Models/Strategy.swift /Users/ammarkhalid/workspace/nureo-guide/NeuroGuideApp/NeuroGuideApp/Core/Profile/Models/Trigger.swift /Users/ammarkhalid/workspace/nureo-guide/NeuroGuideApp/NeuroGuideApp/Core/Profile/Services/BaselineCalibrationService.swift /Users/ammarkhalid/workspace/nureo-guide/NeuroGuideApp/NeuroGuideApp/Core/Profile/Services/ChildProfileManager.swift /Users/ammarkhalid/workspace/nureo-guide/NeuroGuideApp/NeuroGuideApp/Core/Profile/Services/ChildProfileService.swift /Users/ammarkhalid/workspace/nureo-guide/NeuroGuideApp/NeuroGuideApp/Core/Profile/Services/DiagnosisAwareArousalAdjuster.swift /Users/ammarkhalid/workspace/nureo-guide/NeuroGuideApp/NeuroGuideApp/Core/Profile/ViewModels/BaselineCalibrationViewModel.swift /Users/ammarkhalid/workspace/nureo-guide/NeuroGuideApp/NeuroGuideApp/Core/Profile/ViewModels/ProfileCreationViewModel.swift /Users/ammarkhalid/workspace/nureo-guide/NeuroGuideApp/NeuroGuideApp/Core/Security/AppLock/AppLockManager.swift /Users/ammarkhalid/workspace/nureo-guide/NeuroGuideApp/NeuroGuideApp/Core/Security/AppLock/AppLockView.swift /Users/ammarkhalid/workspace/nureo-guide/NeuroGuideApp/NeuroGuideApp/Core/Security/Biometric/BiometricAuthError.swift /Users/ammarkhalid/workspace/nureo-guide/NeuroGuideApp/NeuroGuideApp/Core/Security/Biometric/BiometricAuthManager.swift /Users/ammarkhalid/workspace/nureo-guide/NeuroGuideApp/NeuroGuideApp/Core/Security/Biometric/BiometricAuthService.swift /Users/ammarkhalid/workspace/nureo-guide/NeuroGuideApp/NeuroGuideApp/Core/Security/Encryption/AESEncryptionService.swift /Users/ammarkhalid/workspace/nureo-guide/NeuroGuideApp/NeuroGuideApp/Core/Security/Encryption/EncryptionError.swift /Users/ammarkhalid/workspace/nureo-guide/NeuroGuideApp/NeuroGuideApp/Core/Security/Encryption/EncryptionService.swift /Users/ammarkhalid/workspace/nureo-guide/NeuroGuideApp/NeuroGuideApp/Core/Security/Keychain/KeychainError.swift /Users/ammarkhalid/workspace/nureo-guide/NeuroGuideApp/NeuroGuideApp/Core/Security/Keychain/KeychainManager.swift /Users/ammarkhalid/workspace/nureo-guide/NeuroGuideApp/NeuroGuideApp/Core/Security/Keychain/KeychainService.swift /Users/ammarkhalid/workspace/nureo-guide/NeuroGuideApp/NeuroGuideApp/Core/Security/Storage/SecureStorageManager.swift /Users/ammarkhalid/workspace/nureo-guide/NeuroGuideApp/NeuroGuideApp/Core/Security/Storage/SecureStorageService.swift /Users/ammarkhalid/workspace/nureo-guide/NeuroGuideApp/NeuroGuideApp/Core/Security/Storage/StorageError.swift /Users/ammarkhalid/workspace/nureo-guide/NeuroGuideApp/NeuroGuideApp/Core/Services/LaunchStateManager.swift /Users/ammarkhalid/workspace/nureo-guide/NeuroGuideApp/NeuroGuideApp/Core/Services/NavigationService.swift /Users/ammarkhalid/workspace/nureo-guide/NeuroGuideApp/NeuroGuideApp/Core/Services/SettingsManager.swift /Users/ammarkhalid/workspace/nureo-guide/NeuroGuideApp/NeuroGuideApp/Core/Utilities/AccessibilityHelper.swift /Users/ammarkhalid/workspace/nureo-guide/NeuroGuideApp/NeuroGuideApp/Features/About/Views/AboutView.swift /Users/ammarkhalid/workspace/nureo-guide/NeuroGuideApp/NeuroGuideApp/Features/About/Views/LegalView.swift /Users/ammarkhalid/workspace/nureo-guide/NeuroGuideApp/NeuroGuideApp/Features/AskNeuroGuide/Components/CredibilityBadge.swift /Users/ammarkhalid/workspace/nureo-guide/NeuroGuideApp/NeuroGuideApp/Features/AskNeuroGuide/Components/FeedbackButtons.swift /Users/ammarkhalid/workspace/nureo-guide/NeuroGuideApp/NeuroGuideApp/Features/AskNeuroGuide/Components/RelatedQuestionsView.swift /Users/ammarkhalid/workspace/nureo-guide/NeuroGuideApp/NeuroGuideApp/Features/AskNeuroGuide/Components/ShareSheet.swift /Users/ammarkhalid/workspace/nureo-guide/NeuroGuideApp/NeuroGuideApp/Features/AskNeuroGuide/Components/SourceDetailsSheet.swift /Users/ammarkhalid/workspace/nureo-guide/NeuroGuideApp/NeuroGuideApp/Features/AskNeuroGuide/Components/SuggestedQuestionsView.swift /Users/ammarkhalid/workspace/nureo-guide/NeuroGuideApp/NeuroGuideApp/Features/AskNeuroGuide/Views/BookmarksView.swift /Users/ammarkhalid/workspace/nureo-guide/NeuroGuideApp/NeuroGuideApp/Features/AskNeuroGuide/Views/SearchHistoryView.swift /Users/ammarkhalid/workspace/nureo-guide/NeuroGuideApp/NeuroGuideApp/Features/AskNeuroGuide/AskNeuroGuideView.swift /Users/ammarkhalid/workspace/nureo-guide/NeuroGuideApp/NeuroGuideApp/Features/AskNeuroGuide/AskNeuroGuideViewModel.swift /Users/ammarkhalid/workspace/nureo-guide/NeuroGuideApp/NeuroGuideApp/Features/EmergencyResources/Views/EmergencyResourcesView.swift /Users/ammarkhalid/workspace/nureo-guide/NeuroGuideApp/NeuroGuideApp/Features/Emotion/Components/EmotionStateCard.swift /Users/ammarkhalid/workspace/nureo-guide/NeuroGuideApp/NeuroGuideApp/Features/Emotion/Components/ModelCardView.swift /Users/ammarkhalid/workspace/nureo-guide/NeuroGuideApp/NeuroGuideApp/Features/Emotion/EmotionOptInView.swift /Users/ammarkhalid/workspace/nureo-guide/NeuroGuideApp/NeuroGuideApp/Features/Emotion/EmotionProfileSetupView.swift /Users/ammarkhalid/workspace/nureo-guide/NeuroGuideApp/NeuroGuideApp/Features/Emotion/EmotionValidationView.swift /Users/ammarkhalid/workspace/nureo-guide/NeuroGuideApp/NeuroGuideApp/Features/Help/Models/HelpArticle.swift /Users/ammarkhalid/workspace/nureo-guide/NeuroGuideApp/NeuroGuideApp/Features/Help/Views/HelpView.swift /Users/ammarkhalid/workspace/nureo-guide/NeuroGuideApp/NeuroGuideApp/Features/Home/ViewModels/HomeViewModel.swift /Users/ammarkhalid/workspace/nureo-guide/NeuroGuideApp/NeuroGuideApp/Features/Home/Views/EmergencyAccessButton.swift /Users/ammarkhalid/workspace/nureo-guide/NeuroGuideApp/NeuroGuideApp/Features/Home/Views/FeatureCardView.swift /Users/ammarkhalid/workspace/nureo-guide/NeuroGuideApp/NeuroGuideApp/Features/Home/Views/HomeView.swift /Users/ammarkhalid/workspace/nureo-guide/NeuroGuideApp/NeuroGuideApp/Features/Home/Views/ProfileSummaryView.swift /Users/ammarkhalid/workspace/nureo-guide/NeuroGuideApp/NeuroGuideApp/Features/LaunchScreen/LaunchScreenView.swift /Users/ammarkhalid/workspace/nureo-guide/NeuroGuideApp/NeuroGuideApp/Features/LiveCoach/Components/ArousalTimelineGraphView.swift /Users/ammarkhalid/workspace/nureo-guide/NeuroGuideApp/NeuroGuideApp/Features/LiveCoach/Components/BehaviorSpectrumView.swift /Users/ammarkhalid/workspace/nureo-guide/NeuroGuideApp/NeuroGuideApp/Features/LiveCoach/Components/CameraPreviewView.swift /Users/ammarkhalid/workspace/nureo-guide/NeuroGuideApp/NeuroGuideApp/Features/LiveCoach/Components/CameraStabilityIndicator.swift /Users/ammarkhalid/workspace/nureo-guide/NeuroGuideApp/NeuroGuideApp/Features/LiveCoach/Components/DegradedModeView.swift /Users/ammarkhalid/workspace/nureo-guide/NeuroGuideApp/NeuroGuideApp/Features/LiveCoach/Components/DualCameraPreviewView.swift /Users/ammarkhalid/workspace/nureo-guide/NeuroGuideApp/NeuroGuideApp/Features/LiveCoach/Components/ParentEmotionSummaryView.swift /Users/ammarkhalid/workspace/nureo-guide/NeuroGuideApp/NeuroGuideApp/Features/LiveCoach/Views/AmbientArousalIndicator.swift /Users/ammarkhalid/workspace/nureo-guide/NeuroGuideApp/NeuroGuideApp/Features/LiveCoach/Views/CoRegulationCelebrationView.swift /Users/ammarkhalid/workspace/nureo-guide/NeuroGuideApp/NeuroGuideApp/Features/LiveCoach/Views/CoRegulationSummaryCard.swift /Users/ammarkhalid/workspace/nureo-guide/NeuroGuideApp/NeuroGuideApp/Features/LiveCoach/Views/StabilizedBandDisplay.swift /Users/ammarkhalid/workspace/nureo-guide/NeuroGuideApp/NeuroGuideApp/Features/LiveCoach/LiveCoachView.swift /Users/ammarkhalid/workspace/nureo-guide/NeuroGuideApp/NeuroGuideApp/Features/LiveCoach/LiveCoachViewModel.swift /Users/ammarkhalid/workspace/nureo-guide/NeuroGuideApp/NeuroGuideApp/Features/Onboarding/ViewModels/OnboardingViewModel.swift /Users/ammarkhalid/workspace/nureo-guide/NeuroGuideApp/NeuroGuideApp/Features/Onboarding/Views/OnboardingPageView.swift /Users/ammarkhalid/workspace/nureo-guide/NeuroGuideApp/NeuroGuideApp/Features/Onboarding/Views/OnboardingProgressView.swift /Users/ammarkhalid/workspace/nureo-guide/NeuroGuideApp/NeuroGuideApp/Features/Onboarding/Views/OnboardingView.swift /Users/ammarkhalid/workspace/nureo-guide/NeuroGuideApp/NeuroGuideApp/Features/Profile/Components/AddStrategySheet.swift /Users/ammarkhalid/workspace/nureo-guide/NeuroGuideApp/NeuroGuideApp/Features/Profile/Components/AddTriggerSheet.swift /Users/ammarkhalid/workspace/nureo-guide/NeuroGuideApp/NeuroGuideApp/Features/Profile/Components/CommunicationModeRow.swift /Users/ammarkhalid/workspace/nureo-guide/NeuroGuideApp/NeuroGuideApp/Features/Profile/Components/ProfilePhotoPickerView.swift /Users/ammarkhalid/workspace/nureo-guide/NeuroGuideApp/NeuroGuideApp/Features/Profile/Components/SensoryProfileRow.swift /Users/ammarkhalid/workspace/nureo-guide/NeuroGuideApp/NeuroGuideApp/Features/Profile/Components/StarsView.swift /Users/ammarkhalid/workspace/nureo-guide/NeuroGuideApp/NeuroGuideApp/Features/Profile/Components/StrategyRow.swift /Users/ammarkhalid/workspace/nureo-guide/NeuroGuideApp/NeuroGuideApp/Features/Profile/Components/TriggerRow.swift /Users/ammarkhalid/workspace/nureo-guide/NeuroGuideApp/NeuroGuideApp/Features/Profile/ViewModels/ProfileDetailViewModel.swift /Users/ammarkhalid/workspace/nureo-guide/NeuroGuideApp/NeuroGuideApp/Features/Profile/Views/ProfileCreationWizard/Components/ColorPickerView.swift /Users/ammarkhalid/workspace/nureo-guide/NeuroGuideApp/NeuroGuideApp/Features/Profile/Views/ProfileCreationWizard/BasicInfoStepView.swift /Users/ammarkhalid/workspace/nureo-guide/NeuroGuideApp/NeuroGuideApp/Features/Profile/Views/ProfileCreationWizard/CalibrationStepView.swift /Users/ammarkhalid/workspace/nureo-guide/NeuroGuideApp/NeuroGuideApp/Features/Profile/Views/ProfileCreationWizard/CommunicationStepView.swift /Users/ammarkhalid/workspace/nureo-guide/NeuroGuideApp/NeuroGuideApp/Features/Profile/Views/ProfileCreationWizard/DiagnosisStepView.swift /Users/ammarkhalid/workspace/nureo-guide/NeuroGuideApp/NeuroGuideApp/Features/Profile/Views/ProfileCreationWizard/ProfileCreationWizardView.swift /Users/ammarkhalid/workspace/nureo-guide/NeuroGuideApp/NeuroGuideApp/Features/Profile/Views/ProfileCreationWizard/SensoryPreferencesStepView.swift /Users/ammarkhalid/workspace/nureo-guide/NeuroGuideApp/NeuroGuideApp/Features/Profile/Views/ProfileCreationWizard/TriggersStepView.swift /Users/ammarkhalid/workspace/nureo-guide/NeuroGuideApp/NeuroGuideApp/Features/Profile/Views/ProfileDetail/ProfileDetailView.swift /Users/ammarkhalid/workspace/nureo-guide/NeuroGuideApp/NeuroGuideApp/Features/Profile/Views/CalibrationWizardView.swift /Users/ammarkhalid/workspace/nureo-guide/NeuroGuideApp/NeuroGuideApp/Features/SessionHistory/SessionHistoryListView.swift /Users/ammarkhalid/workspace/nureo-guide/NeuroGuideApp/NeuroGuideApp/Features/SessionHistory/SessionReportDetailView.swift /Users/ammarkhalid/workspace/nureo-guide/NeuroGuideApp/NeuroGuideApp/Features/Settings/Views/AccessibilitySettingsView.swift /Users/ammarkhalid/workspace/nureo-guide/NeuroGuideApp/NeuroGuideApp/Features/Settings/Views/AppearanceSettingsView.swift /Users/ammarkhalid/workspace/nureo-guide/NeuroGuideApp/NeuroGuideApp/Features/Settings/Views/LiveCoachSettingsView.swift /Users/ammarkhalid/workspace/nureo-guide/NeuroGuideApp/NeuroGuideApp/Features/Settings/Views/NotificationsSettingsView.swift /Users/ammarkhalid/workspace/nureo-guide/NeuroGuideApp/NeuroGuideApp/Features/Settings/Views/PrivacyDataSettingsView.swift /Users/ammarkhalid/workspace/nureo-guide/NeuroGuideApp/NeuroGuideApp/Features/Settings/Views/SettingsView.swift /Users/ammarkhalid/workspace/nureo-guide/NeuroGuideApp/NeuroGuideApp/Features/Support/Views/SupportView.swift /Users/ammarkhalid/workspace/nureo-guide/NeuroGuideApp/NeuroGuideApp/Features/Welcome/ViewModels/WelcomeViewModel.swift /Users/ammarkhalid/workspace/nureo-guide/NeuroGuideApp/NeuroGuideApp/Features/Welcome/Views/WelcomeView.swift /Users/ammarkhalid/workspace/nureo-guide/NeuroGuideApp/NeuroGuideApp/Shared/ViewModifiers/AccessibleCard.swift /Users/ammarkhalid/workspace/nureo-guide/NeuroGuideApp/NeuroGuideApp/Shared/ViewModifiers/OneHandedLayout.swift /Users/ammarkhalid/Library/Developer/Xcode/DerivedData/NeuroGuideApp-ewcvprgdglbcooackdjxjupgqkav/Build/Intermediates.noindex/NeuroGuideApp.build/Release-iphonesimulator/NeuroGuideApp.build/DerivedSources/GeneratedAssetSymbols.swift /Applications/Xcode.app/Contents/Developer/Toolchains/XcodeDefault.xctoolchain/usr/lib/swift/iphonesimulator/prebuilt-modules/26.0/Foundation.swiftmodule/arm64-apple-ios-simulator.swiftmodule /Applications/Xcode.app/Contents/Developer/Toolchains/XcodeDefault.xctoolchain/usr/lib/swift/iphonesimulator/prebuilt-modules/26.0/Spatial.swiftmodule/arm64-apple-ios-simulator.swiftmodule /Applications/Xcode.app/Contents/Developer/Toolchains/XcodeDefault.xctoolchain/usr/lib/swift/iphonesimulator/prebuilt-modules/26.0/Observation.swiftmodule/arm64-apple-ios-simulator.swiftmodule /Applications/Xcode.app/Contents/Developer/Toolchains/XcodeDefault.xctoolchain/usr/lib/swift/iphonesimulator/prebuilt-modules/26.0/_DarwinFoundation1.swiftmodule/arm64-apple-ios-simulator.swiftmodule /Applications/Xcode.app/Contents/Developer/Toolchains/XcodeDefault.xctoolchain/usr/lib/swift/iphonesimulator/prebuilt-modules/26.0/Distributed.swiftmodule/arm64-apple-ios-simulator.swiftmodule /Applications/Xcode.app/Contents/Developer/Toolchains/XcodeDefault.xctoolchain/usr/lib/swift/iphonesimulator/prebuilt-modules/26.0/UIKit.swiftmodule/arm64-apple-ios-simulator.swiftmodule /Applications/Xcode.app/Contents/Developer/Toolchains/XcodeDefault.xctoolchain/usr/lib/swift/iphonesimulator/prebuilt-modules/26.0/ObjectiveC.swiftmodule/arm64-apple-ios-simulator.swiftmodule /Applications/Xcode.app/Contents/Developer/Toolchains/XcodeDefault.xctoolchain/usr/lib/swift/iphonesimulator/prebuilt-modules/26.0/Network.swiftmodule/arm64-apple-ios-simulator.swiftmodule /Applications/Xcode.app/Contents/Developer/Toolchains/XcodeDefault.xctoolchain/usr/lib/swift/iphonesimulator/prebuilt-modules/26.0/DataDetection.swiftmodule/arm64-apple-ios-simulator.swiftmodule /Applications/Xcode.app/Contents/Developer/Toolchains/XcodeDefault.xctoolchain/usr/lib/swift/iphonesimulator/prebuilt-modules/26.0/Accessibility.swiftmodule/arm64-apple-ios-simulator.swiftmodule /Applications/Xcode.app/Contents/Developer/Toolchains/XcodeDefault.xctoolchain/usr/lib/swift/iphonesimulator/prebuilt-modules/26.0/System.swiftmodule/arm64-apple-ios-simulator.swiftmodule /Applications/Xcode.app/Contents/Developer/Toolchains/XcodeDefault.xctoolchain/usr/lib/swift/iphonesimulator/prebuilt-modules/26.0/DeveloperToolsSupport.swiftmodule/arm64-apple-ios-simulator.swiftmodule /Applications/Xcode.app/Contents/Developer/Toolchains/XcodeDefault.xctoolchain/usr/lib/swift/iphonesimulator/prebuilt-modules/26.0/XPC.swiftmodule/arm64-apple-ios-simulator.swiftmodule /Applications/Xcode.app/Contents/Developer/Toolchains/XcodeDefault.xctoolchain/usr/lib/swift/iphonesimulator/prebuilt-modules/26.0/Accelerate.swiftmodule/arm64-apple-ios-simulator.swiftmodule /Applications/Xcode.app/Contents/Developer/Toolchains/XcodeDefault.xctoolchain/usr/lib/swift/iphonesimulator/prebuilt-modules/26.0/Vision.swiftmodule/arm64-apple-ios-simulator.swiftmodule /Applications/Xcode.app/Contents/Developer/Toolchains/XcodeDefault.xctoolchain/usr/lib/swift/iphonesimulator/prebuilt-modules/26.0/Dispatch.swiftmodule/arm64-apple-ios-simulator.swiftmodule /Applications/Xcode.app/Contents/Developer/Toolchains/XcodeDefault.xctoolchain/usr/lib/swift/iphonesimulator/prebuilt-modules/26.0/QuartzCore.swiftmodule/arm64-apple-ios-simulator.swiftmodule /Applications/Xcode.app/Contents/Developer/Toolchains/XcodeDefault.xctoolchain/usr/lib/swift/iphonesimulator/prebuilt-modules/26.0/Symbols.swiftmodule/arm64-apple-ios-simulator.swiftmodule /Applications/Xcode.app/Contents/Developer/Toolchains/XcodeDefault.xctoolchain/usr/lib/swift/iphonesimulator/prebuilt-modules/26.0/Swift.swiftmodule/arm64-apple-ios-simulator.swiftmodule /Applications/Xcode.app/Contents/Developer/Toolchains/XcodeDefault.xctoolchain/usr/lib/swift/iphonesimulator/prebuilt-modules/26.0/OSLog.swiftmodule/arm64-apple-ios-simulator.swiftmodule /Applications/Xcode.app/Contents/Developer/Toolchains/XcodeDefault.xctoolchain/usr/lib/swift/iphonesimulator/prebuilt-modules/26.0/AVFAudio.swiftmodule/arm64-apple-ios-simulator.swiftmodule /Applications/Xcode.app/Contents/Developer/Toolchains/XcodeDefault.xctoolchain/usr/lib/swift/iphonesimulator/prebuilt-modules/26.0/Photos.swiftmodule/arm64-apple-ios-simulator.swiftmodule /Applications/Xcode.app/Contents/Developer/Toolchains/XcodeDefault.xctoolchain/usr/lib/swift/iphonesimulator/prebuilt-modules/26.0/VideoToolbox.swiftmodule/arm64-apple-ios-simulator.swiftmodule /Applications/Xcode.app/Contents/Developer/Toolchains/XcodeDefault.xctoolchain/usr/lib/swift/iphonesimulator/prebuilt-modules/26.0/_DarwinFoundation2.swiftmodule/arm64-apple-ios-simulator.swiftmodule /Applications/Xcode.app/Contents/Developer/Toolchains/XcodeDefault.xctoolchain/usr/lib/swift/iphonesimulator/prebuilt-modules/26.0/NaturalLanguage.swiftmodule/arm64-apple-ios-simulator.swiftmodule /Applications/Xcode.app/Contents/Developer/Toolchains/XcodeDefault.xctoolchain/usr/lib/swift/iphonesimulator/prebuilt-modules/26.0/_StringProcessing.swiftmodule/arm64-apple-ios-simulator.swiftmodule /Applications/Xcode.app/Contents/Developer/Toolchains/XcodeDefault.xctoolchain/usr/lib/swift/iphonesimulator/prebuilt-modules/26.0/simd.swiftmodule/arm64-apple-ios-simulator.swiftmodule /Applications/Xcode.app/Contents/Developer/Toolchains/XcodeDefault.xctoolchain/usr/lib/swift/iphonesimulator/prebuilt-modules/26.0/SwiftUICore.swiftmodule/arm64-apple-ios-simulator.swiftmodule /Applications/Xcode.app/Contents/Developer/Toolchains/XcodeDefault.xctoolchain/usr/lib/swift/iphonesimulator/prebuilt-modules/26.0/CryptoKit.swiftmodule/arm64-apple-ios-simulator.swiftmodule /Applications/Xcode.app/Contents/Developer/Toolchains/XcodeDefault.xctoolchain/usr/lib/swift/iphonesimulator/prebuilt-modules/26.0/Combine.swiftmodule/arm64-apple-ios-simulator.swiftmodule /Applications/Xcode.app/Contents/Developer/Toolchains/XcodeDefault.xctoolchain/usr/lib/swift/iphonesimulator/prebuilt-modules/26.0/Metal.swiftmodule/arm64-apple-ios-simulator.swiftmodule /Applications/Xcode.app/Contents/Developer/Toolchains/XcodeDefault.xctoolchain/usr/lib/swift/iphonesimulator/prebuilt-modules/26.0/CoreData.swiftmodule/arm64-apple-ios-simulator.swiftmodule /Applications/Xcode.app/Contents/Developer/Toolchains/XcodeDefault.xctoolchain/usr/lib/swift/iphonesimulator/prebuilt-modules/26.0/Darwin.swiftmodule/arm64-apple-ios-simulator.swiftmodule /Applications/Xcode.app/Contents/Developer/Toolchains/XcodeDefault.xctoolchain/usr/lib/swift/iphonesimulator/prebuilt-modules/26.0/CoreLocation.swiftmodule/arm64-apple-ios-simulator.swiftmodule /Applications/Xcode.app/Contents/Developer/Toolchains/XcodeDefault.xctoolchain/usr/lib/swift/iphonesimulator/prebuilt-modules/26.0/CoreAudio.swiftmodule/arm64-apple-ios-simulator.swiftmodule /Applications/Xcode.app/Contents/Developer/Toolchains/XcodeDefault.xctoolchain/usr/lib/swift/iphonesimulator/prebuilt-modules/26.0/AudioToolbox.swiftmodule/arm64-apple-ios-simulator.swiftmodule /Applications/Xcode.app/Contents/Developer/Toolchains/XcodeDefault.xctoolchain/usr/lib/swift/iphonesimulator/prebuilt-modules/26.0/CoreMIDI.swiftmodule/arm64-apple-ios-simulator.swiftmodule /Applications/Xcode.app/Contents/Developer/Toolchains/XcodeDefault.xctoolchain/usr/lib/swift/iphonesimulator/prebuilt-modules/26.0/Speech.swiftmodule/arm64-apple-ios-simulator.swiftmodule /Applications/Xcode.app/Contents/Developer/Toolchains/XcodeDefault.xctoolchain/usr/lib/swift/iphonesimulator/prebuilt-modules/26.0/CoreVideo.swiftmodule/arm64-apple-ios-simulator.swiftmodule /Applications/Xcode.app/Contents/Developer/Toolchains/XcodeDefault.xctoolchain/usr/lib/swift/iphonesimulator/prebuilt-modules/26.0/CoreImage.swiftmodule/arm64-apple-ios-simulator.swiftmodule /Applications/Xcode.app/Contents/Developer/Toolchains/XcodeDefault.xctoolchain/usr/lib/swift/iphonesimulator/prebuilt-modules/26.0/CoreTransferable.swiftmodule/arm64-apple-ios-simulator.swiftmodule /Applications/Xcode.app/Contents/Developer/Toolchains/XcodeDefault.xctoolchain/usr/lib/swift/iphonesimulator/prebuilt-modules/26.0/Synchronization.swiftmodule/arm64-apple-ios-simulator.swiftmodule /Applications/Xcode.app/Contents/Developer/Toolchains/XcodeDefault.xctoolchain/usr/lib/swift/iphonesimulator/prebuilt-modules/26.0/_DarwinFoundation3.swiftmodule/arm64-apple-ios-simulator.swiftmodule /Applications/Xcode.app/Contents/Developer/Toolchains/XcodeDefault.xctoolchain/usr/lib/swift/iphonesimulator/prebuilt-modules/26.0/LocalAuthentication.swiftmodule/arm64-apple-ios-simulator.swiftmodule /Applications/Xcode.app/Contents/Developer/Toolchains/XcodeDefault.xctoolchain/usr/lib/swift/iphonesimulator/prebuilt-modules/26.0/SwiftUI.swiftmodule/arm64-apple-ios-simulator.swiftmodule /Applications/Xcode.app/Contents/Developer/Toolchains/XcodeDefault.xctoolchain/usr/lib/swift/iphonesimulator/prebuilt-modules/26.0/PhotosUI.swiftmodule/arm64-apple-ios-simulator.swiftmodule /Applications/Xcode.app/Contents/Developer/Toolchains/XcodeDefault.xctoolchain/usr/lib/swift/iphonesimulator/prebuilt-modules/26.0/CoreML.swiftmodule/arm64-apple-ios-simulator.swiftmodule /Applications/Xcode.app/Contents/Developer/Toolchains/XcodeDefault.xctoolchain/usr/lib/swift/iphonesimulator/prebuilt-modules/26.0/os.swiftmodule/arm64-apple-ios-simulator.swiftmodule /Applications/Xcode.app/Contents/Developer/Toolchains/XcodeDefault.xctoolchain/usr/lib/swift/iphonesimulator/prebuilt-modules/26.0/CoreGraphics.swiftmodule/arm64-apple-ios-simulator.swiftmodule /Applications/Xcode.app/Contents/Developer/Toolchains/XcodeDefault.xctoolchain/usr/lib/swift/iphonesimulator/prebuilt-modules/26.0/_Concurrency.swiftmodule/arm64-apple-ios-simulator.swiftmodule /Applications/Xcode.app/Contents/Developer/Toolchains/XcodeDefault.xctoolchain/usr/lib/swift/iphonesimulator/prebuilt-modules/26.0/CoreFoundation.swiftmodule/arm64-apple-ios-simulator.swiftmodule /Applications/Xcode.app/Contents/Developer/Toolchains/XcodeDefault.xctoolchain/usr/lib/swift/iphonesimulator/prebuilt-modules/26.0/AVFoundation.swiftmodule/arm64-apple-ios-simulator.swiftmodule /Applications/Xcode.app/Contents/Developer/Toolchains/XcodeDefault.xctoolchain/usr/lib/swift/iphonesimulator/prebuilt-modules/26.0/CoreText.swiftmodule/arm64-apple-ios-simulator.swiftmodule /Applications/Xcode.app/Contents/Developer/Toolchains/XcodeDefault.xctoolchain/usr/lib/swift/iphonesimulator/prebuilt-modules/26.0/MessageUI.swiftmodule/arm64-apple-ios-simulator.swiftmodule /Applications/Xcode.app/Contents/Developer/Toolchains/XcodeDefault.xctoolchain/usr/lib/swift/iphonesimulator/prebuilt-modules/26.0/FileProvider.swiftmodule/arm64-apple-ios-simulator.swiftmodule /Applications/Xcode.app/Contents/Developer/Toolchains/XcodeDefault.xctoolchain/usr/lib/swift/iphonesimulator/prebuilt-modules/26.0/CoreMedia.swiftmodule/arm64-apple-ios-simulator.swiftmodule /Applications/Xcode.app/Contents/Developer/Toolchains/XcodeDefault.xctoolchain/usr/lib/swift/iphonesimulator/prebuilt-modules/26.0/UniformTypeIdentifiers.swiftmodule/arm64-apple-ios-simulator.swiftmodule /Applications/Xcode.app/Contents/Developer/Toolchains/XcodeDefault.xctoolchain/usr/lib/swift/iphonesimulator/prebuilt-modules/26.0/_PhotosUI_SwiftUI.swiftmodule/arm64-apple-ios-simulator.swiftmodule /Applications/Xcode.app/Contents/Developer/Toolchains/XcodeDefault.xctoolchain/usr/lib/swift/iphonesimulator/prebuilt-modules/26.0/_Builtin_float.swiftmodule/arm64-apple-ios-simulator.swiftmodule /Applications/Xcode.app/Contents/Developer/Toolchains/XcodeDefault.xctoolchain/usr/lib/swift/iphonesimulator/prebuilt-modules/26.0/SwiftOnoneSupport.swiftmodule/arm64-apple-ios-simulator.swiftmodule /Users/ammarkhalid/Library/Developer/Xcode/DerivedData/ModuleCache.noindex/CoreAudioTypes-2QLGJLCC8NJJ9DWWH58U1TVH1.pcm /Users/ammarkhalid/Library/Developer/Xcode/DerivedData/ModuleCache.noindex/LocalAuthentication-6VSVLB8C3SD6KT5AXLODFPXC2.pcm /Users/ammarkhalid/Library/Developer/Xcode/DerivedData/ModuleCache.noindex/Darwin-B5URWM155KFUICX0X5FQJ44PV.pcm /Users/ammarkhalid/Library/Developer/Xcode/DerivedData/ModuleCache.noindex/CoreLocation-39SCZSH90D6FSP4YRCXI6AWQO.pcm /Users/ammarkhalid/Library/Developer/Xcode/DerivedData/ModuleCache.noindex/ptrauth-5AJF5NIPX2X0VP5MAUZS9V2AW.pcm /Users/ammarkhalid/Library/Developer/Xcode/DerivedData/ModuleCache.noindex/CoreFoundation-EKY0RLM03ZTA44NCFP0Y1Z95X.pcm /Users/ammarkhalid/Library/Developer/Xcode/DerivedData/ModuleCache.noindex/VideoToolbox-58TZBGMYD5OAVA3KK17JH4F7Y.pcm /Users/ammarkhalid/Library/Developer/Xcode/DerivedData/ModuleCache.noindex/ObjectiveC-1QJ5P9UQ91CCGERYLV1QR76V3.pcm /Users/ammarkhalid/Library/Developer/Xcode/DerivedData/ModuleCache.noindex/Dispatch-4GLK1LX97FRUG0F8BEEX2KM6U.pcm /Users/ammarkhalid/Library/Developer/Xcode/DerivedData/ModuleCache.noindex/AVRouting-7R2Y0IKL8QASVI5PJ61UOKG4Z.pcm /Users/ammarkhalid/Library/Developer/Xcode/DerivedData/ModuleCache.noindex/UIKit-4MF2NHXMNWJWNW56Q6Q6JJ4W6.pcm /Users/ammarkhalid/Library/Developer/Xcode/DerivedData/ModuleCache.noindex/IOSurface-884TYET72QC4F5IH85IXEY6YO.pcm /Users/ammarkhalid/Library/Developer/Xcode/DerivedData/ModuleCache.noindex/MediaToolbox-9JUF3VHR54M2TO89RWBT3UL5P.pcm /Users/ammarkhalid/Library/Developer/Xcode/DerivedData/ModuleCache.noindex/CoreMIDI-4WDL11NO02R1ILPV6NJNC4MHZ.pcm /Users/ammarkhalid/Library/Developer/Xcode/DerivedData/ModuleCache.noindex/Accelerate-5QAR80L8E48V9RPB9F8F7OR7C.pcm /Users/ammarkhalid/Library/Developer/Xcode/DerivedData/ModuleCache.noindex/_Builtin_stdatomic-94QPXIUUI7RINI68MNY3T1VKS.pcm /Users/ammarkhalid/Library/Developer/Xcode/DerivedData/ModuleCache.noindex/_Builtin_inttypes-2AXD9F7XE3OOOTKDJ5F8NVXSF.pcm /Users/ammarkhalid/Library/Developer/Xcode/DerivedData/ModuleCache.noindex/CoreVideo-A3B4CJRS8096KOQTOLB3H90CC.pcm /Users/ammarkhalid/Library/Developer/Xcode/DerivedData/ModuleCache.noindex/AVFoundation-F4I975WYYUGGL45J0RIBJ0DV9.pcm /Users/ammarkhalid/Library/Developer/Xcode/DerivedData/ModuleCache.noindex/Security-9W6V3YF5F7GH7MP0U32Y4BU8U.pcm /Users/ammarkhalid/Library/Developer/Xcode/DerivedData/ModuleCache.noindex/Metal-EIA6DT0SFZ7BQ8LDWID4LMRMJ.pcm /Users/ammarkhalid/Library/Developer/Xcode/DerivedData/ModuleCache.noindex/AudioToolbox-DC5D6S87PYXLLM0CG46EQATSN.pcm /Users/ammarkhalid/Library/Developer/Xcode/DerivedData/ModuleCache.noindex/_Builtin_tgmath-CI881XKLEC4AZW2TDZEFS18GE.pcm /Users/ammarkhalid/Library/Developer/Xcode/DerivedData/ModuleCache.noindex/UserNotifications-4ZLINSHA9DL8FQ4H10BUWJ5D2.pcm /Users/ammarkhalid/Library/Developer/Xcode/DerivedData/ModuleCache.noindex/dnssd-2WC47DVIMGNI98DWNZY1V6SCR.pcm /Users/ammarkhalid/Library/Developer/Xcode/DerivedData/ModuleCache.noindex/UniformTypeIdentifiers-5LZ1L3WMYBOZA8731Q2NNFY94.pcm /Users/ammarkhalid/Library/Developer/Xcode/DerivedData/ModuleCache.noindex/XPC-1MVHFAE145KEWJAIG7DGW8KVM.pcm /Users/ammarkhalid/Library/Developer/Xcode/DerivedData/ModuleCache.noindex/CoreGraphics-AE4TJV27STSTBP0RXRO5QQOVO.pcm /Users/ammarkhalid/Library/Developer/Xcode/DerivedData/ModuleCache.noindex/AVFAudio-76SXMFCMNVONVAEBTND2Y87B3.pcm /Users/ammarkhalid/Library/Developer/Xcode/DerivedData/ModuleCache.noindex/OSLog-BS8PEC46EV0803NTSKCI5E4CJ.pcm /Users/ammarkhalid/Library/Developer/Xcode/DerivedData/ModuleCache.noindex/_Builtin_stddef-4NNNRGQXOXL5UTV065QTXDK0G.pcm /Users/ammarkhalid/Library/Developer/Xcode/DerivedData/ModuleCache.noindex/_Builtin_stdarg-53BWO1IMP30088N8OCXLKZG81.pcm /Users/ammarkhalid/Library/Developer/Xcode/DerivedData/ModuleCache.noindex/_Builtin_intrinsics-2MEVZWNK3J2OOQ68I5UTKV6ED.pcm /Users/ammarkhalid/Library/Developer/Xcode/DerivedData/ModuleCache.noindex/Symbols-8DBSVY5M6YR46XGWKXNNIYPJP.pcm /Users/ammarkhalid/Library/Developer/Xcode/DerivedData/ModuleCache.noindex/CoreAudio-CQ4R93UFXL15GDJQL2275G32Y.pcm /Users/ammarkhalid/Library/Developer/Xcode/DerivedData/ModuleCache.noindex/_SwiftConcurrencyShims-24L8Q33YZVC560BFU3TC60CY.pcm /Users/ammarkhalid/Library/Developer/Xcode/DerivedData/ModuleCache.noindex/SwiftShims-96RZABEJ3I4OTVKZS133TKZPT.pcm /Users/ammarkhalid/Library/Developer/Xcode/DerivedData/ModuleCache.noindex/_Builtin_float-8RRJRT1F7MXN13VGL4M7RR9LX.pcm /Users/ammarkhalid/Library/Developer/Xcode/DerivedData/ModuleCache.noindex/ptrcheck-8LRUA8HB4SXGDYQGM46GJ9PV3.pcm /Users/ammarkhalid/Library/Developer/Xcode/DerivedData/ModuleCache.noindex/CoreML-C8TH96EF52I2FDLR6SA3EDMEB.pcm /Users/ammarkhalid/Library/Developer/Xcode/DerivedData/ModuleCache.noindex/os_object-7TGQWQWS9FTUTPW80TY87WERQ.pcm /Users/ammarkhalid/Library/Developer/Xcode/DerivedData/ModuleCache.noindex/MessageUI-DN51IOP9TTRMFDFWJE8LGSB04.pcm /Users/ammarkhalid/Library/Developer/Xcode/DerivedData/ModuleCache.noindex/CoreTransferable-8414PJRNR9JZSV12QZQV119AM.pcm /Users/ammarkhalid/Library/Developer/Xcode/DerivedData/ModuleCache.noindex/CoreImage-C947R1XOIO3Y2NCR2GSU26G9Z.pcm /Users/ammarkhalid/Library/Developer/Xcode/DerivedData/ModuleCache.noindex/_DarwinFoundation2-6VRLX9IDFKWKRP3GW6I1LG02E.pcm /Users/ammarkhalid/Library/Developer/Xcode/DerivedData/ModuleCache.noindex/simd-810DZ8QQ4OER55K43GS0ZJEQV.pcm /Users/ammarkhalid/Library/Developer/Xcode/DerivedData/ModuleCache.noindex/FileProvider-E6FN0ILZY24CKB84NYCZD4VGC.pcm /Users/ammarkhalid/Library/Developer/Xcode/DerivedData/ModuleCache.noindex/_DarwinFoundation1-BO7157BVVF8AATXAA1SBL93XD.pcm /Users/ammarkhalid/Library/Developer/Xcode/DerivedData/ModuleCache.noindex/_Builtin_stdint-DGJK4HO7GWJA5SSA3RE9BN492.pcm /Users/ammarkhalid/Library/Developer/Xcode/DerivedData/ModuleCache.noindex/ImageIO-DH3PHE6C15F3XJH3T1D8SLVFS.pcm /Users/ammarkhalid/Library/Developer/Xcode/DerivedData/ModuleCache.noindex/_AvailabilityInternal-B9DQB6DIYSDA6UZ3TQ6FDWL4N.pcm /Users/ammarkhalid/Library/Developer/Xcode/DerivedData/ModuleCache.noindex/Photos-E9AW1E3S2ROZJBPQYAUGE8E6Z.pcm /Users/ammarkhalid/Library/Developer/Xcode/DerivedData/ModuleCache.noindex/Network-3E808U2L79937J884PE7SLMB7.pcm /Users/ammarkhalid/Library/Developer/Xcode/DerivedData/ModuleCache.noindex/os-9C65LJN1U2UMTDD071U71JCQT.pcm /Users/ammarkhalid/Library/Developer/Xcode/DerivedData/ModuleCache.noindex/_LocationEssentials-5SXU5YUC78WVFOJUMCE4S3KAA.pcm /Users/ammarkhalid/Library/Developer/Xcode/DerivedData/ModuleCache.noindex/_DarwinFoundation3-4GJ2TWZNQEMP4OUCE2FP1L9M4.pcm /Users/ammarkhalid/Library/Developer/Xcode/DerivedData/ModuleCache.noindex/CoreData-6GXFCE0G4D5IRAGHHU29QCD6J.pcm /Users/ammarkhalid/Library/Developer/Xcode/DerivedData/ModuleCache.noindex/DeveloperToolsSupport-DADUBCUGOIUR7R2B1SO8QC05F.pcm /Users/ammarkhalid/Library/Developer/Xcode/DerivedData/ModuleCache.noindex/CoreMedia-6PAWDAWAFFUA47Z3BOL619IPA.pcm /Users/ammarkhalid/Library/Developer/Xcode/DerivedData/ModuleCache.noindex/SwiftUICore-AWBLFP3R4AGWSCUUEEN3UL216.pcm /Users/ammarkhalid/Library/Developer/Xcode/DerivedData/ModuleCache.noindex/_Builtin_stdbool-5P3LNE4DE91PXFIG6EMA2035Q.pcm /Users/ammarkhalid/Library/Developer/Xcode/DerivedData/ModuleCache.noindex/UIUtilities-1QM1OAGE16YU88U5N2BIZ3471.pcm /Users/ammarkhalid/Library/Developer/Xcode/DerivedData/ModuleCache.noindex/Spatial-IWHI2HB9XL1CNRJ5FR470FR4.pcm /Users/ammarkhalid/Library/Developer/Xcode/DerivedData/ModuleCache.noindex/SwiftUI-B2XS93TPHL4X29LXE6YKKH05V.pcm /Users/ammarkhalid/Library/Developer/Xcode/DerivedData/ModuleCache.noindex/_Builtin_limits-ADK853L6R5X5ND5ODHZSKF450.pcm /Users/ammarkhalid/Library/Developer/Xcode/DerivedData/ModuleCache.noindex/os_workgroup-BIBUD0C966BASKVKFKCDY70A4.pcm /Users/ammarkhalid/Library/Developer/Xcode/DerivedData/ModuleCache.noindex/DataDetection-7EU33YXWX6CR456SQVO3B0UIW.pcm /Users/ammarkhalid/Library/Developer/Xcode/DerivedData/ModuleCache.noindex/Accessibility-7TGOBG97S9Y39FBD3L57PP328.pcm /Users/ammarkhalid/Library/Developer/Xcode/DerivedData/ModuleCache.noindex/MachO-7G1C0J3NRE9761CD0X3GJV6Z5.pcm /Users/ammarkhalid/Library/Developer/Xcode/DerivedData/ModuleCache.noindex/NaturalLanguage-6LQARG4WLIXSY0H6FWGAK30J9.pcm /Users/ammarkhalid/Library/Developer/Xcode/DerivedData/ModuleCache.noindex/PhotosUI-9PIHL69QKUWUXMPB75O97ZR8G.pcm /Users/ammarkhalid/Library/Developer/Xcode/DerivedData/ModuleCache.noindex/QuartzCore-AWUQ8O0BG2H86GSJMHC4359PG.pcm /Users/ammarkhalid/Library/Developer/Xcode/DerivedData/ModuleCache.noindex/Foundation-C3LI8SS5KBUKZGNS2ISWK8EIB.pcm /Users/ammarkhalid/Library/Developer/Xcode/DerivedData/ModuleCache.noindex/sys_types-3NDSS4G6269MD9LNTA3D6M1WT.pcm /Users/ammarkhalid/Library/Developer/Xcode/DerivedData/ModuleCache.noindex/Vision-BLI1Q0OQRZZEIW9I5THGWJTRV.pcm /Users/ammarkhalid/Library/Developer/Xcode/DerivedData/ModuleCache.noindex/Speech-5VX8EOE3JO3K5D54SI4N5BAZ.pcm /Users/ammarkhalid/Library/Developer/Xcode/DerivedData/ModuleCache.noindex/CoreText-2RK8580USN6JZ4P847JVIRTYI.pcm /Users/ammarkhalid/Library/Developer/Xcode/DerivedData/ModuleCache.noindex/OpenGLES-6PHWIQUL85VN3XMEC6OHUUXWT.pcm /Users/ammarkhalid/Library/Developer/Xcode/DerivedData/ModuleCache.noindex/CFNetwork-C3DLCBU06TO9MDPH23CPS3C9E.pcm /Users/ammarkhalid/Library/Developer/Xcode/DerivedData/NeuroGuideApp-ewcvprgdglbcooackdjxjupgqkav/Build/Intermediates.noindex/NeuroGuideApp.build/Release-iphonesimulator/NeuroGuideApp.build/Objects-normal/arm64/attune-dependencies-1.json (in target 'NeuroGuideApp' from project 'NeuroGuideApp')
CompileSwift normal arm64 (in target 'NeuroGuideApp' from project 'NeuroGuideApp')
    cd /Users/ammarkhalid/workspace/nureo-guide/NeuroGuideApp
    
/Users/ammarkhalid/workspace/nureo-guide/NeuroGuideApp/NeuroGuideApp/Core/ML/Detection/PoseDetectionService.swift:321:26: error: 'BodyKeypoint' is ambiguous for type lookup in this context
    static func == (lhs: BodyKeypoint, rhs: BodyKeypoint) -> Bool {
                         ^~~~~~~~~~~~
/Users/ammarkhalid/workspace/nureo-guide/NeuroGuideApp/NeuroGuideApp/Core/LiveCoach/Services/CameraMotionStabilizer.swift:272:8: note: found this candidate
struct BodyKeypoint {
       ^
/Users/ammarkhalid/workspace/nureo-guide/NeuroGuideApp/NeuroGuideApp/Core/ML/Detection/PoseDetectionService.swift:315:8: note: found this candidate
struct BodyKeypoint: Identifiable, Equatable {
       ^
/Users/ammarkhalid/workspace/nureo-guide/NeuroGuideApp/NeuroGuideApp/Core/ML/Detection/PoseDetectionService.swift:321:45: error: 'BodyKeypoint' is ambiguous for type lookup in this context
    static func == (lhs: BodyKeypoint, rhs: BodyKeypoint) -> Bool {
                                            ^~~~~~~~~~~~
/Users/ammarkhalid/workspace/nureo-guide/NeuroGuideApp/NeuroGuideApp/Core/LiveCoach/Services/CameraMotionStabilizer.swift:272:8: note: found this candidate
struct BodyKeypoint {
       ^
/Users/ammarkhalid/workspace/nureo-guide/NeuroGuideApp/NeuroGuideApp/Core/ML/Detection/PoseDetectionService.swift:315:8: note: found this candidate
struct BodyKeypoint: Identifiable, Equatable {
       ^
/Users/ammarkhalid/workspace/nureo-guide/NeuroGuideApp/NeuroGuideApp/Core/AskNeuroGuide/Services/ConversationalSearchManager.swift:33:46: warning: call to main actor-isolated initializer 'init()' in a synchronous nonisolated context
        searchEngine: SemanticSearchEngine = SemanticSearchEngine(),
                                             ^
/Users/ammarkhalid/workspace/nureo-guide/NeuroGuideApp/NeuroGuideApp/Core/AskNeuroGuide/Search/SemanticSearchEngine.swift:13:7: note: calls to initializer 'init()' from outside of its actor context are implicitly asynchronous
class SemanticSearchEngine {
      ^
/Users/ammarkhalid/workspace/nureo-guide/NeuroGuideApp/NeuroGuideApp/Core/AskNeuroGuide/Services/ConversationalSearchManager.swift:35:48: warning: main actor-isolated static property 'shared' can not be referenced from a nonisolated context; this is an error in the Swift 6 language mode
        profileManager: ChildProfileManager = .shared,
                                               ^
/Users/ammarkhalid/workspace/nureo-guide/NeuroGuideApp/NeuroGuideApp/Core/Profile/Services/ChildProfileManager.swift:18:16: note: static property declared here
    static let shared = ChildProfileManager()
               ^
/Users/ammarkhalid/workspace/nureo-guide/NeuroGuideApp/NeuroGuideApp/Core/AskNeuroGuide/Services/ConversationalSearchManager.swift:36:47: warning: main actor-isolated static property 'shared' can not be referenced from a nonisolated context
        llmGenerator: LLMResponseGenerator = .shared
                                              ^
/Users/ammarkhalid/workspace/nureo-guide/NeuroGuideApp/NeuroGuideApp/Core/AskNeuroGuide/Services/LLMResponseGenerator.swift:15:16: note: static property declared here
    static let shared = LLMResponseGenerator()
               ^
/Users/ammarkhalid/workspace/nureo-guide/NeuroGuideApp/NeuroGuideApp/Core/Content/Services/ContentFilteringManager.swift:25:72: warning: main actor-isolated static property 'shared' can not be referenced from a nonisolated context; this is an error in the Swift 6 language mode
    init(contentLibrary: ContentLibraryService = ContentLibraryManager.shared) {
                                                                       ^
/Users/ammarkhalid/workspace/nureo-guide/NeuroGuideApp/NeuroGuideApp/Core/Content/Services/ContentLibraryManager.swift:18:16: note: static property declared here
    static let shared = ContentLibraryManager()
               ^
/Users/ammarkhalid/workspace/nureo-guide/NeuroGuideApp/NeuroGuideApp/Core/Content/Services/ContentSearchManager.swift:25:72: warning: main actor-isolated static property 'shared' can not be referenced from a nonisolated context; this is an error in the Swift 6 language mode
    init(contentLibrary: ContentLibraryService = ContentLibraryManager.shared) {
                                                                       ^
/Users/ammarkhalid/workspace/nureo-guide/NeuroGuideApp/NeuroGuideApp/Core/Content/Services/ContentLibraryManager.swift:18:16: note: static property declared here
    static let shared = ContentLibraryManager()
               ^
/Users/ammarkhalid/workspace/nureo-guide/NeuroGuideApp/NeuroGuideApp/Core/Emotion/Services/EmotionStateClassifier.swift:35:61: warning: main actor-isolated static property 'shared' can not be referenced from a nonisolated context; this is an error in the Swift 6 language mode
        facialExpressionService: FacialExpressionService = .shared,
                                                            ^
/Users/ammarkhalid/workspace/nureo-guide/NeuroGuideApp/NeuroGuideApp/Core/ML/Detection/FacialExpressionService.swift:20:16: note: static property declared here
    static let shared = FacialExpressionService()
               ^
/Users/ammarkhalid/workspace/nureo-guide/NeuroGuideApp/NeuroGuideApp/Core/Emotion/Services/EmotionStateClassifier.swift:36:50: warning: main actor-isolated static property 'shared' can not be referenced from a nonisolated context; this is an error in the Swift 6 language mode
        profileManager: EmotionProfileManager = .shared
                                                 ^
/Users/ammarkhalid/workspace/nureo-guide/NeuroGuideApp/NeuroGuideApp/Core/Emotion/Services/EmotionProfileManager.swift:17:16: note: static property declared here
    static let shared = EmotionProfileManager()
               ^
/Users/ammarkhalid/workspace/nureo-guide/NeuroGuideApp/NeuroGuideApp/Core/LiveCoach/Services/AudioAnalyzer.swift:178:51: warning: cannot use inout expression here; argument 'realp' must be a pointer that outlives the call to 'init(realp:imagp:)'
        var splitComplex = DSPSplitComplex(realp: &realPart, imagp: &imaginaryPart)
                                                  ^~~~~~~~~
/Users/ammarkhalid/workspace/nureo-guide/NeuroGuideApp/NeuroGuideApp/Core/LiveCoach/Services/AudioAnalyzer.swift:178:51: note: implicit argument conversion from '[Float]' to 'UnsafeMutablePointer<Float>' produces a pointer valid only for the duration of the call to 'init(realp:imagp:)'
        var splitComplex = DSPSplitComplex(realp: &realPart, imagp: &imaginaryPart)
                                                  ^~~~~~~~~
/Users/ammarkhalid/workspace/nureo-guide/NeuroGuideApp/NeuroGuideApp/Core/LiveCoach/Services/AudioAnalyzer.swift:178:51: note: use the 'withUnsafeMutableBufferPointer' method on Array in order to explicitly convert argument to buffer pointer valid for a defined scope
        var splitComplex = DSPSplitComplex(realp: &realPart, imagp: &imaginaryPart)
                                                  ^
/Users/ammarkhalid/workspace/nureo-guide/NeuroGuideApp/NeuroGuideApp/Core/LiveCoach/Services/AudioAnalyzer.swift:178:69: warning: cannot use inout expression here; argument 'imagp' must be a pointer that outlives the call to 'init(realp:imagp:)'
        var splitComplex = DSPSplitComplex(realp: &realPart, imagp: &imaginaryPart)
                                                                    ^~~~~~~~~~~~~~
/Users/ammarkhalid/workspace/nureo-guide/NeuroGuideApp/NeuroGuideApp/Core/LiveCoach/Services/AudioAnalyzer.swift:178:69: note: implicit argument conversion from '[Float]' to 'UnsafeMutablePointer<Float>' produces a pointer valid only for the duration of the call to 'init(realp:imagp:)'
        var splitComplex = DSPSplitComplex(realp: &realPart, imagp: &imaginaryPart)
                                                                    ^~~~~~~~~~~~~~
/Users/ammarkhalid/workspace/nureo-guide/NeuroGuideApp/NeuroGuideApp/Core/LiveCoach/Services/AudioAnalyzer.swift:178:69: note: use the 'withUnsafeMutableBufferPointer' method on Array in order to explicitly convert argument to buffer pointer valid for a defined scope
        var splitComplex = DSPSplitComplex(realp: &realPart, imagp: &imaginaryPart)
                                                                    ^
/Users/ammarkhalid/workspace/nureo-guide/NeuroGuideApp/NeuroGuideApp/Core/LiveCoach/Services/AudioCaptureService.swift:103:43: warning: 'allowBluetooth' was deprecated in iOS 8.0: renamed to 'AVAudioSession.CategoryOptions.allowBluetoothHFP'
            options: [.defaultToSpeaker, .allowBluetooth]
                                          ^
/Users/ammarkhalid/workspace/nureo-guide/NeuroGuideApp/NeuroGuideApp/Core/LiveCoach/Services/AudioCaptureService.swift:103:43: note: use 'AVAudioSession.CategoryOptions.allowBluetoothHFP' instead
            options: [.defaultToSpeaker, .allowBluetooth]
                                          ^~~~~~~~~~~~~~
                                          AVAudioSession.CategoryOptions.allowBluetoothHFP
/Users/ammarkhalid/workspace/nureo-guide/NeuroGuideApp/NeuroGuideApp/Core/LiveCoach/Services/CameraCaptureService.swift:105:17: warning: switch must be exhaustive
                switch reason {
                ^
/Users/ammarkhalid/workspace/nureo-guide/NeuroGuideApp/NeuroGuideApp/Core/LiveCoach/Services/CameraCaptureService.swift:105:17: note: add missing case: '.videoDeviceNotAvailableDueToSystemPressure'
                switch reason {
                ^
/Users/ammarkhalid/workspace/nureo-guide/NeuroGuideApp/NeuroGuideApp/Core/LiveCoach/Services/CameraCaptureService.swift:105:17: note: add missing case: '.sensitiveContentMitigationActivated'
                switch reason {
                ^
/Users/ammarkhalid/workspace/nureo-guide/NeuroGuideApp/NeuroGuideApp/Core/LiveCoach/Services/CameraCaptureService.swift:105:17: note: add missing cases
                switch reason {
                ^
/Users/ammarkhalid/workspace/nureo-guide/NeuroGuideApp/NeuroGuideApp/Core/LiveCoach/Services/CameraCaptureService.swift:132:17: warning: reference to captured var 'self' in concurrently-executing code; this is an error in the Swift 6 language mode
                self?.isCapturing = true
                ^
/Users/ammarkhalid/workspace/nureo-guide/NeuroGuideApp/NeuroGuideApp/Core/LiveCoach/Services/CameraCaptureService.swift:156:22: warning: main actor-isolated property 'captureSession' cannot be accessed from outside of the actor; this is an error in the Swift 6 language mode
                self.captureSession.startRunning()
                ~~~~~^~~~~~~~~~~~~~~~~~~~~~~~~~~~~
                await 
/Users/ammarkhalid/workspace/nureo-guide/NeuroGuideApp/NeuroGuideApp/Core/LiveCoach/Services/CameraCaptureService.swift:172:22: warning: main actor-isolated property 'captureSession' cannot be accessed from outside of the actor; this is an error in the Swift 6 language mode
                self.captureSession.stopRunning()
                ~~~~~^~~~~~~~~~~~~~~~~~~~~~~~~~~~
                await 
/Users/ammarkhalid/workspace/nureo-guide/NeuroGuideApp/NeuroGuideApp/Core/LiveCoach/Services/CameraMotionStabilizer.swift:131:11: error: 'BodyKeypoint' is ambiguous for type lookup in this context
    ) -> [BodyKeypoint] {
          ^~~~~~~~~~~~
/Users/ammarkhalid/workspace/nureo-guide/NeuroGuideApp/NeuroGuideApp/Core/LiveCoach/Services/CameraMotionStabilizer.swift:272:8: note: found this candidate
struct BodyKeypoint {
       ^
/Users/ammarkhalid/workspace/nureo-guide/NeuroGuideApp/NeuroGuideApp/Core/ML/Detection/PoseDetectionService.swift:315:8: note: found this candidate
struct BodyKeypoint: Identifiable, Equatable {
       ^
/Users/ammarkhalid/workspace/nureo-guide/NeuroGuideApp/NeuroGuideApp/Core/LiveCoach/Services/CameraMotionStabilizer.swift:129:23: error: 'BodyKeypoint' is ambiguous for type lookup in this context
        _ keypoints: [BodyKeypoint],
                      ^~~~~~~~~~~~
/Users/ammarkhalid/workspace/nureo-guide/NeuroGuideApp/NeuroGuideApp/Core/LiveCoach/Services/CameraMotionStabilizer.swift:272:8: note: found this candidate
struct BodyKeypoint {
       ^
/Users/ammarkhalid/workspace/nureo-guide/NeuroGuideApp/NeuroGuideApp/Core/ML/Detection/PoseDetectionService.swift:315:8: note: found this candidate
struct BodyKeypoint: Identifiable, Equatable {
       ^
/Users/ammarkhalid/workspace/nureo-guide/NeuroGuideApp/NeuroGuideApp/Core/LiveCoach/Services/CameraMotionStabilizer.swift:272:8: error: invalid redeclaration of 'BodyKeypoint'
struct BodyKeypoint {
       ^
/Users/ammarkhalid/workspace/nureo-guide/NeuroGuideApp/NeuroGuideApp/Core/ML/Detection/PoseDetectionService.swift:315:8: note: 'BodyKeypoint' previously declared here
struct BodyKeypoint: Identifiable, Equatable {
       ^
/Users/ammarkhalid/workspace/nureo-guide/NeuroGuideApp/NeuroGuideApp/Core/ML/Detection/PoseDetectionService.swift:315:8: note: 'BodyKeypoint' previously declared here
struct BodyKeypoint: Identifiable, Equatable {
       ^
/Users/ammarkhalid/workspace/nureo-guide/NeuroGuideApp/NeuroGuideApp/Core/LiveCoach/Services/CameraMotionStabilizer.swift:201:43: error: ambiguous use of 'pow'
        let variance = translations.map { pow($0 - mean, 2) }.reduce(0, +) / Double(translations.count)
                                          ^
/Applications/Xcode.app/Contents/Developer/Platforms/iPhoneSimulator.platform/Developer/SDKs/iPhoneSimulator.sdk/usr/include/math.h:453:15: note: found this candidate in module '_DarwinFoundation1'
extern double pow(double, double);
              ^
CoreGraphics.pow:2:13: note: found this candidate in module 'CoreGraphics'
public func pow(_ lhs: CGFloat, _ rhs: CGFloat) -> CGFloat
            ^
/Users/ammarkhalid/workspace/nureo-guide/NeuroGuideApp/NeuroGuideApp/Core/LiveCoach/Services/DualCameraManager.swift:144:21: warning: reference to captured var 'self' in concurrently-executing code; this is an error in the Swift 6 language mode
                    self?.isCapturing = true
                    ^
/Users/ammarkhalid/workspace/nureo-guide/NeuroGuideApp/NeuroGuideApp/Core/LiveCoach/Services/DualCameraManager.swift:161:21: warning: reference to captured var 'self' in concurrently-executing code; this is an error in the Swift 6 language mode
                    self?.isCapturing = false
                    ^
/Users/ammarkhalid/workspace/nureo-guide/NeuroGuideApp/NeuroGuideApp/Core/LiveCoach/Services/DualCameraManager.swift:163:21: warning: reference to captured var 'self' in concurrently-executing code; this is an error in the Swift 6 language mode
                    self?.cleanupSession()
                    ^
/Users/ammarkhalid/workspace/nureo-guide/NeuroGuideApp/NeuroGuideApp/Core/LiveCoach/Services/LiveCoachMLIntegration.swift:128:63: error: value of type 'MovementEnergy' has no member 'rawEnergy'
                            rawMovementEnergy: movementEnergy.rawEnergy,
                                               ~~~~~~~~~~~~~~ ^~~~~~~~~
/Users/ammarkhalid/workspace/nureo-guide/NeuroGuideApp/NeuroGuideApp/Core/LiveCoach/Services/LiveCoachMLIntegration.swift:134:60: error: extra arguments at positions #1, #2 in call
                            movementEnergy = MovementEnergy(
                                                           ^
Swift.RawRepresentable.init:2:8: note: 'init(from:)' declared here
public init(from decoder: any Decoder) throws}
       ^
/Users/ammarkhalid/workspace/nureo-guide/NeuroGuideApp/NeuroGuideApp/Core/LiveCoach/Services/LiveCoachMLIntegration.swift:135:33: error: missing argument for parameter 'from' in call
                                rawEnergy: stabilizedMovement?.stabilizedEnergy ?? movementEnergy.rawEnergy,
                                ^
                                from: <#any Decoder#>, 
Swift.RawRepresentable.init:2:8: note: 'init(from:)' declared here
public init(from decoder: any Decoder) throws}
       ^
/Users/ammarkhalid/workspace/nureo-guide/NeuroGuideApp/NeuroGuideApp/Core/LiveCoach/Services/LiveCoachMLIntegration.swift:135:99: error: value of type 'MovementEnergy' has no member 'rawEnergy'
                                rawEnergy: stabilizedMovement?.stabilizedEnergy ?? movementEnergy.rawEnergy,
                                                                                   ~~~~~~~~~~~~~~ ^~~~~~~~~
/Users/ammarkhalid/workspace/nureo-guide/NeuroGuideApp/NeuroGuideApp/Core/LiveCoach/Services/LiveCoachMLIntegration.swift:136:112: error: value of type 'MovementEnergy' has no member 'rawEnergy'
                                level: mapMovementLevel(stabilizedMovement?.stabilizedEnergy ?? movementEnergy.rawEnergy)
                                                                                                ~~~~~~~~~~~~~~ ^~~~~~~~~
/Users/ammarkhalid/workspace/nureo-guide/NeuroGuideApp/NeuroGuideApp/Core/LiveCoach/Services/LiveCoachMLIntegration.swift:138:202: error: value of type 'MovementEnergy' has no member 'rawEnergy'
                            print("📹 Camera movement detected - stabilized energy: \(String(format: "%.2f", stabilizedMovement?.stabilizedEnergy ?? 0)) (raw: \(String(format: "%.2f", movementEnergy.rawEnergy)))")
/Users/ammarkhalid/workspace/nureo-guide/NeuroGuideApp/NeuroGuideApp/Core/LiveCoach/Services/LiveCoachMLIntegration.swift:387:23: error: cannot find 'CIImage' in scope
        let ciImage = CIImage(cvPixelBuffer: pixelBuffer)
                      ^~~~~~~
/Users/ammarkhalid/workspace/nureo-guide/NeuroGuideApp/NeuroGuideApp/Core/LiveCoach/Services/LiveCoachMLIntegration.swift:388:23: error: cannot find 'CIContext' in scope
        let context = CIContext(options: nil)
                      ^~~~~~~~~
/Users/ammarkhalid/workspace/nureo-guide/NeuroGuideApp/NeuroGuideApp/Core/LiveCoach/Services/LiveCoachMLIntegration.swift:388:42: error: 'nil' requires a contextual type
        let context = CIContext(options: nil)
                                         ^
/Users/ammarkhalid/workspace/nureo-guide/NeuroGuideApp/NeuroGuideApp/Core/LiveCoach/Services/LiveCoachSessionManager.swift:42:70: warning: main actor-isolated static property 'shared' can not be referenced from a nonisolated context; this is an error in the Swift 6 language mode
    init(permissionsService: PermissionsService = PermissionsManager.shared) {
                                                                     ^
/Users/ammarkhalid/workspace/nureo-guide/NeuroGuideApp/NeuroGuideApp/Core/LiveCoach/Services/PermissionsManager.swift:19:16: note: static property declared here
    static let shared = PermissionsManager()
               ^
/Users/ammarkhalid/workspace/nureo-guide/NeuroGuideApp/NeuroGuideApp/Core/LiveCoach/Services/LiveCoachSessionManager.swift:99:17: warning: no 'async' operations occur within 'await' expression
            try await SessionHistoryManager.shared.saveSession(analysisResult)
                ^
/Users/ammarkhalid/workspace/nureo-guide/NeuroGuideApp/NeuroGuideApp/Core/LiveCoach/Services/LiveCoachSessionManager.swift:260:13: warning: variable 'suggestion' was never mutated; consider changing to 'let' constant
        var suggestion = session.suggestionsDelivered[index]
        ~~~ ^
        let
/Users/ammarkhalid/workspace/nureo-guide/NeuroGuideApp/NeuroGuideApp/Core/LiveCoach/Services/SessionRecordingManager.swift:126:25: warning: result of call to 'stopRecording()' is unused
            await self?.stopRecording()
                        ^            ~~
/Users/ammarkhalid/workspace/nureo-guide/NeuroGuideApp/NeuroGuideApp/Core/LiveCoach/Services/SessionRecordingManager.swift:125:55: warning: reference to property 'maxRecordingDuration' in closure requires explicit use of 'self' to make capture semantics explicit; this is an error in the Swift 6 language mode
            try? await Task.sleep(nanoseconds: UInt64(maxRecordingDuration * 1_000_000_000))
                                                      ^
/Users/ammarkhalid/workspace/nureo-guide/NeuroGuideApp/NeuroGuideApp/Core/LiveCoach/Services/SessionRecordingManager.swift:303:32: warning: result of call to 'stopRecording()' is unused
                    await self.stopRecording()
                               ^            ~~
/Users/ammarkhalid/workspace/nureo-guide/NeuroGuideApp/NeuroGuideApp/Core/LiveCoach/Services/SessionRecordingManager.swift:296:57: warning: main actor-isolated property 'recordingStartTime' can not be referenced from a Sendable closure
            guard let self = self, let startTime = self.recordingStartTime else { return }
                                                        ^
/Users/ammarkhalid/workspace/nureo-guide/NeuroGuideApp/NeuroGuideApp/Core/LiveCoach/Services/SessionRecordingManager.swift:36:17: note: property declared here
    private var recordingStartTime: Date?
                ^
/Users/ammarkhalid/workspace/nureo-guide/NeuroGuideApp/NeuroGuideApp/Core/ML/Detection/FacialExpressionService.swift:33:83: warning: main actor-isolated static property 'shared' can not be referenced from a nonisolated context
    init(performanceMonitor: ModelPerformanceMonitorProtocol = PerformanceMonitor.shared) {
                                                                                  ^
/Users/ammarkhalid/workspace/nureo-guide/NeuroGuideApp/NeuroGuideApp/Core/ML/Monitoring/PerformanceMonitor.swift:18:16: note: static property declared here
    static let shared = PerformanceMonitor()
               ^
/Users/ammarkhalid/workspace/nureo-guide/NeuroGuideApp/NeuroGuideApp/Core/ML/Detection/ParentStateDetectionService.swift:36:83: warning: main actor-isolated static property 'shared' can not be referenced from a nonisolated context
    init(performanceMonitor: ModelPerformanceMonitorProtocol = PerformanceMonitor.shared) {
                                                                                  ^
/Users/ammarkhalid/workspace/nureo-guide/NeuroGuideApp/NeuroGuideApp/Core/ML/Monitoring/PerformanceMonitor.swift:18:16: note: static property declared here
    static let shared = PerformanceMonitor()
               ^
/Users/ammarkhalid/workspace/nureo-guide/NeuroGuideApp/NeuroGuideApp/Core/ML/Detection/ParentStateDetectionService.swift:200:92: error: 'BodyKeypoint' is ambiguous for type lookup in this context
    private func extractKeypoints(from observation: VNHumanBodyPoseObservation) throws -> [BodyKeypoint] {
                                                                                           ^~~~~~~~~~~~
/Users/ammarkhalid/workspace/nureo-guide/NeuroGuideApp/NeuroGuideApp/Core/LiveCoach/Services/CameraMotionStabilizer.swift:272:8: note: found this candidate
struct BodyKeypoint {
       ^
/Users/ammarkhalid/workspace/nureo-guide/NeuroGuideApp/NeuroGuideApp/Core/ML/Detection/PoseDetectionService.swift:315:8: note: found this candidate
struct BodyKeypoint: Identifiable, Equatable {
       ^
/Users/ammarkhalid/workspace/nureo-guide/NeuroGuideApp/NeuroGuideApp/Core/ML/Detection/ParentStateDetectionService.swift:223:51: error: 'BodyKeypoint' is ambiguous for type lookup in this context
    private func calculateBodyTension(keypoints: [BodyKeypoint]) -> Double {
                                                  ^~~~~~~~~~~~
/Users/ammarkhalid/workspace/nureo-guide/NeuroGuideApp/NeuroGuideApp/Core/LiveCoach/Services/CameraMotionStabilizer.swift:272:8: note: found this candidate
struct BodyKeypoint {
       ^
/Users/ammarkhalid/workspace/nureo-guide/NeuroGuideApp/NeuroGuideApp/Core/ML/Detection/PoseDetectionService.swift:315:8: note: found this candidate
struct BodyKeypoint: Identifiable, Equatable {
       ^
/Users/ammarkhalid/workspace/nureo-guide/NeuroGuideApp/NeuroGuideApp/Core/ML/Detection/ParentStateDetectionService.swift:240:50: error: 'BodyKeypoint' is ambiguous for type lookup in this context
    private func calculateEngagement(keypoints: [BodyKeypoint]) -> Double {
                                                 ^~~~~~~~~~~~
/Users/ammarkhalid/workspace/nureo-guide/NeuroGuideApp/NeuroGuideApp/Core/LiveCoach/Services/CameraMotionStabilizer.swift:272:8: note: found this candidate
struct BodyKeypoint {
       ^
/Users/ammarkhalid/workspace/nureo-guide/NeuroGuideApp/NeuroGuideApp/Core/ML/Detection/PoseDetectionService.swift:315:8: note: found this candidate
struct BodyKeypoint: Identifiable, Equatable {
       ^
/Users/ammarkhalid/workspace/nureo-guide/NeuroGuideApp/NeuroGuideApp/Core/ML/Detection/ParentStateDetectionService.swift:201:25: error: 'BodyKeypoint' is ambiguous for type lookup in this context
        var keypoints: [BodyKeypoint] = []
                        ^~~~~~~~~~~~
/Users/ammarkhalid/workspace/nureo-guide/NeuroGuideApp/NeuroGuideApp/Core/LiveCoach/Services/CameraMotionStabilizer.swift:272:8: note: found this candidate
struct BodyKeypoint {
       ^
/Users/ammarkhalid/workspace/nureo-guide/NeuroGuideApp/NeuroGuideApp/Core/ML/Detection/PoseDetectionService.swift:315:8: note: found this candidate
struct BodyKeypoint: Identifiable, Equatable {
       ^
/Users/ammarkhalid/workspace/nureo-guide/NeuroGuideApp/NeuroGuideApp/Core/ML/Detection/PoseDetectionService.swift:34:83: warning: main actor-isolated static property 'shared' can not be referenced from a nonisolated context
    init(performanceMonitor: ModelPerformanceMonitorProtocol = PerformanceMonitor.shared) {
                                                                                  ^
/Users/ammarkhalid/workspace/nureo-guide/NeuroGuideApp/NeuroGuideApp/Core/ML/Monitoring/PerformanceMonitor.swift:18:16: note: static property declared here
    static let shared = PerformanceMonitor()
               ^
/Users/ammarkhalid/workspace/nureo-guide/NeuroGuideApp/NeuroGuideApp/Core/ML/Detection/PoseDetectionService.swift:30:37: error: 'BodyKeypoint' is ambiguous for type lookup in this context
    private var previousKeypoints: [BodyKeypoint]?
                                    ^~~~~~~~~~~~
/Users/ammarkhalid/workspace/nureo-guide/NeuroGuideApp/NeuroGuideApp/Core/LiveCoach/Services/CameraMotionStabilizer.swift:272:8: note: found this candidate
struct BodyKeypoint {
       ^
/Users/ammarkhalid/workspace/nureo-guide/NeuroGuideApp/NeuroGuideApp/Core/ML/Detection/PoseDetectionService.swift:315:8: note: found this candidate
struct BodyKeypoint: Identifiable, Equatable {
       ^
/Users/ammarkhalid/workspace/nureo-guide/NeuroGuideApp/NeuroGuideApp/Core/ML/Detection/PoseDetectionService.swift:92:92: error: 'BodyKeypoint' is ambiguous for type lookup in this context
    private func extractKeypoints(from observation: VNHumanBodyPoseObservation) throws -> [BodyKeypoint] {
                                                                                           ^~~~~~~~~~~~
/Users/ammarkhalid/workspace/nureo-guide/NeuroGuideApp/NeuroGuideApp/Core/LiveCoach/Services/CameraMotionStabilizer.swift:272:8: note: found this candidate
struct BodyKeypoint {
       ^
/Users/ammarkhalid/workspace/nureo-guide/NeuroGuideApp/NeuroGuideApp/Core/ML/Detection/PoseDetectionService.swift:315:8: note: found this candidate
struct BodyKeypoint: Identifiable, Equatable {
       ^
/Users/ammarkhalid/workspace/nureo-guide/NeuroGuideApp/NeuroGuideApp/Core/ML/Detection/PoseDetectionService.swift:124:51: error: 'BodyKeypoint' is ambiguous for type lookup in this context
    private func extractFeatures(from keypoints: [BodyKeypoint]) -> PoseFeatures {
                                                  ^~~~~~~~~~~~
/Users/ammarkhalid/workspace/nureo-guide/NeuroGuideApp/NeuroGuideApp/Core/LiveCoach/Services/CameraMotionStabilizer.swift:272:8: note: found this candidate
struct BodyKeypoint {
       ^
/Users/ammarkhalid/workspace/nureo-guide/NeuroGuideApp/NeuroGuideApp/Core/ML/Detection/PoseDetectionService.swift:315:8: note: found this candidate
struct BodyKeypoint: Identifiable, Equatable {
       ^
/Users/ammarkhalid/workspace/nureo-guide/NeuroGuideApp/NeuroGuideApp/Core/ML/Detection/PoseDetectionService.swift:138:57: error: 'BodyKeypoint' is ambiguous for type lookup in this context
    private func calculateMovementIntensity(keypoints: [BodyKeypoint]) -> Double {
                                                        ^~~~~~~~~~~~
/Users/ammarkhalid/workspace/nureo-guide/NeuroGuideApp/NeuroGuideApp/Core/LiveCoach/Services/CameraMotionStabilizer.swift:272:8: note: found this candidate
struct BodyKeypoint {
       ^
/Users/ammarkhalid/workspace/nureo-guide/NeuroGuideApp/NeuroGuideApp/Core/ML/Detection/PoseDetectionService.swift:315:8: note: found this candidate
struct BodyKeypoint: Identifiable, Equatable {
       ^
/Users/ammarkhalid/workspace/nureo-guide/NeuroGuideApp/NeuroGuideApp/Core/ML/Detection/PoseDetectionService.swift:190:51: error: 'BodyKeypoint' is ambiguous for type lookup in this context
    private func calculateBodyTension(keypoints: [BodyKeypoint]) -> Double {
                                                  ^~~~~~~~~~~~
/Users/ammarkhalid/workspace/nureo-guide/NeuroGuideApp/NeuroGuideApp/Core/LiveCoach/Services/CameraMotionStabilizer.swift:272:8: note: found this candidate
struct BodyKeypoint {
       ^
/Users/ammarkhalid/workspace/nureo-guide/NeuroGuideApp/NeuroGuideApp/Core/ML/Detection/PoseDetectionService.swift:315:8: note: found this candidate
struct BodyKeypoint: Identifiable, Equatable {
       ^
/Users/ammarkhalid/workspace/nureo-guide/NeuroGuideApp/NeuroGuideApp/Core/ML/Detection/PoseDetectionService.swift:221:48: error: 'BodyKeypoint' is ambiguous for type lookup in this context
    private func calculateArmTension(shoulder: BodyKeypoint?, elbow: BodyKeypoint?, wrist: BodyKeypoint?) -> Double? {
                                               ^~~~~~~~~~~~
/Users/ammarkhalid/workspace/nureo-guide/NeuroGuideApp/NeuroGuideApp/Core/LiveCoach/Services/CameraMotionStabilizer.swift:272:8: note: found this candidate
struct BodyKeypoint {
       ^
/Users/ammarkhalid/workspace/nureo-guide/NeuroGuideApp/NeuroGuideApp/Core/ML/Detection/PoseDetectionService.swift:315:8: note: found this candidate
struct BodyKeypoint: Identifiable, Equatable {
       ^
/Users/ammarkhalid/workspace/nureo-guide/NeuroGuideApp/NeuroGuideApp/Core/ML/Detection/PoseDetectionService.swift:221:70: error: 'BodyKeypoint' is ambiguous for type lookup in this context
    private func calculateArmTension(shoulder: BodyKeypoint?, elbow: BodyKeypoint?, wrist: BodyKeypoint?) -> Double? {
                                                                     ^~~~~~~~~~~~
/Users/ammarkhalid/workspace/nureo-guide/NeuroGuideApp/NeuroGuideApp/Core/LiveCoach/Services/CameraMotionStabilizer.swift:272:8: note: found this candidate
struct BodyKeypoint {
       ^
/Users/ammarkhalid/workspace/nureo-guide/NeuroGuideApp/NeuroGuideApp/Core/ML/Detection/PoseDetectionService.swift:315:8: note: found this candidate
struct BodyKeypoint: Identifiable, Equatable {
       ^
/Users/ammarkhalid/workspace/nureo-guide/NeuroGuideApp/NeuroGuideApp/Core/ML/Detection/PoseDetectionService.swift:221:92: error: 'BodyKeypoint' is ambiguous for type lookup in this context
    private func calculateArmTension(shoulder: BodyKeypoint?, elbow: BodyKeypoint?, wrist: BodyKeypoint?) -> Double? {
                                                                                           ^~~~~~~~~~~~
/Users/ammarkhalid/workspace/nureo-guide/NeuroGuideApp/NeuroGuideApp/Core/LiveCoach/Services/CameraMotionStabilizer.swift:272:8: note: found this candidate
struct BodyKeypoint {
       ^
/Users/ammarkhalid/workspace/nureo-guide/NeuroGuideApp/NeuroGuideApp/Core/ML/Detection/PoseDetectionService.swift:315:8: note: found this candidate
struct BodyKeypoint: Identifiable, Equatable {
       ^
/Users/ammarkhalid/workspace/nureo-guide/NeuroGuideApp/NeuroGuideApp/Core/ML/Detection/PoseDetectionService.swift:258:55: error: 'BodyKeypoint' is ambiguous for type lookup in this context
    private func calculatePostureOpenness(keypoints: [BodyKeypoint]) -> Double {
                                                      ^~~~~~~~~~~~
/Users/ammarkhalid/workspace/nureo-guide/NeuroGuideApp/NeuroGuideApp/Core/LiveCoach/Services/CameraMotionStabilizer.swift:272:8: note: found this candidate
struct BodyKeypoint {
       ^
/Users/ammarkhalid/workspace/nureo-guide/NeuroGuideApp/NeuroGuideApp/Core/ML/Detection/PoseDetectionService.swift:315:8: note: found this candidate
struct BodyKeypoint: Identifiable, Equatable {
       ^
/Users/ammarkhalid/workspace/nureo-guide/NeuroGuideApp/NeuroGuideApp/Core/ML/Detection/PoseDetectionService.swift:273:48: error: 'BodyKeypoint' is ambiguous for type lookup in this context
    private func averageConfidence(keypoints: [BodyKeypoint]) -> Double {
                                               ^~~~~~~~~~~~
/Users/ammarkhalid/workspace/nureo-guide/NeuroGuideApp/NeuroGuideApp/Core/LiveCoach/Services/CameraMotionStabilizer.swift:272:8: note: found this candidate
struct BodyKeypoint {
       ^
/Users/ammarkhalid/workspace/nureo-guide/NeuroGuideApp/NeuroGuideApp/Core/ML/Detection/PoseDetectionService.swift:315:8: note: found this candidate
struct BodyKeypoint: Identifiable, Equatable {
       ^
/Users/ammarkhalid/workspace/nureo-guide/NeuroGuideApp/NeuroGuideApp/Core/ML/Detection/PoseDetectionService.swift:304:21: error: 'BodyKeypoint' is ambiguous for type lookup in this context
    let keypoints: [BodyKeypoint]
                    ^~~~~~~~~~~~
/Users/ammarkhalid/workspace/nureo-guide/NeuroGuideApp/NeuroGuideApp/Core/LiveCoach/Services/CameraMotionStabilizer.swift:272:8: note: found this candidate
struct BodyKeypoint {
       ^
/Users/ammarkhalid/workspace/nureo-guide/NeuroGuideApp/NeuroGuideApp/Core/ML/Detection/PoseDetectionService.swift:315:8: note: found this candidate
struct BodyKeypoint: Identifiable, Equatable {
       ^
/Users/ammarkhalid/workspace/nureo-guide/NeuroGuideApp/NeuroGuideApp/Core/ML/Detection/PoseDetectionService.swift:93:25: error: 'BodyKeypoint' is ambiguous for type lookup in this context
        var keypoints: [BodyKeypoint] = []
                        ^~~~~~~~~~~~
/Users/ammarkhalid/workspace/nureo-guide/NeuroGuideApp/NeuroGuideApp/Core/LiveCoach/Services/CameraMotionStabilizer.swift:272:8: note: found this candidate
struct BodyKeypoint {
       ^
/Users/ammarkhalid/workspace/nureo-guide/NeuroGuideApp/NeuroGuideApp/Core/ML/Detection/PoseDetectionService.swift:315:8: note: found this candidate
struct BodyKeypoint: Identifiable, Equatable {
       ^
/Users/ammarkhalid/workspace/nureo-guide/NeuroGuideApp/NeuroGuideApp/Core/ML/Detection/VocalAffectService.swift:35:83: warning: main actor-isolated static property 'shared' can not be referenced from a nonisolated context
    init(performanceMonitor: ModelPerformanceMonitorProtocol = PerformanceMonitor.shared) {
                                                                                  ^
/Users/ammarkhalid/workspace/nureo-guide/NeuroGuideApp/NeuroGuideApp/Core/ML/Monitoring/PerformanceMonitor.swift:18:16: note: static property declared here
    static let shared = PerformanceMonitor()
               ^
/Users/ammarkhalid/workspace/nureo-guide/NeuroGuideApp/NeuroGuideApp/Core/ML/Inference/ArousalBandClassifier.swift:53:46: warning: main actor-isolated static property 'shared' can not be referenced from a nonisolated context; this is an error in the Swift 6 language mode
        poseService: PoseDetectionService = .shared,
                                             ^
/Users/ammarkhalid/workspace/nureo-guide/NeuroGuideApp/NeuroGuideApp/Core/ML/Detection/PoseDetectionService.swift:20:16: note: static property declared here
    static let shared = PoseDetectionService()
               ^
/Users/ammarkhalid/workspace/nureo-guide/NeuroGuideApp/NeuroGuideApp/Core/ML/Inference/ArousalBandClassifier.swift:54:51: warning: main actor-isolated static property 'shared' can not be referenced from a nonisolated context; this is an error in the Swift 6 language mode
        facialService: FacialExpressionService = .shared,
                                                  ^
/Users/ammarkhalid/workspace/nureo-guide/NeuroGuideApp/NeuroGuideApp/Core/ML/Detection/FacialExpressionService.swift:20:16: note: static property declared here
    static let shared = FacialExpressionService()
               ^
/Users/ammarkhalid/workspace/nureo-guide/NeuroGuideApp/NeuroGuideApp/Core/ML/Inference/ArousalBandClassifier.swift:55:45: warning: main actor-isolated static property 'shared' can not be referenced from a nonisolated context; this is an error in the Swift 6 language mode
        vocalService: VocalAffectService = .shared,
                                            ^
/Users/ammarkhalid/workspace/nureo-guide/NeuroGuideApp/NeuroGuideApp/Core/ML/Detection/VocalAffectService.swift:20:16: note: static property declared here
    static let shared = VocalAffectService()
               ^
/Users/ammarkhalid/workspace/nureo-guide/NeuroGuideApp/NeuroGuideApp/Core/ML/Inference/ArousalBandClassifier.swift:56:61: warning: main actor-isolated static property 'shared' can not be referenced from a nonisolated context
        diagnosisAdjuster: DiagnosisAwareArousalAdjuster = .shared
                                                            ^
/Users/ammarkhalid/workspace/nureo-guide/NeuroGuideApp/NeuroGuideApp/Core/Profile/Services/DiagnosisAwareArousalAdjuster.swift:16:16: note: static property declared here
    static let shared = DiagnosisAwareArousalAdjuster()
               ^
/Users/ammarkhalid/workspace/nureo-guide/NeuroGuideApp/NeuroGuideApp/Core/ML/Inference/ArousalBandClassifier.swift:250:29: warning: expression implicitly coerced from 'PoseFeatures?' to 'Any'
            modalityCount: [pose, facial, vocal].compactMap { $0 }.count
                            ^~~~
/Users/ammarkhalid/workspace/nureo-guide/NeuroGuideApp/NeuroGuideApp/Core/ML/Inference/ArousalBandClassifier.swift:250:29: note: provide a default value to avoid this warning
            modalityCount: [pose, facial, vocal].compactMap { $0 }.count
                            ^~~~
                                 ?? <#default value#>
/Users/ammarkhalid/workspace/nureo-guide/NeuroGuideApp/NeuroGuideApp/Core/ML/Inference/ArousalBandClassifier.swift:250:29: note: force-unwrap the value to avoid this warning
            modalityCount: [pose, facial, vocal].compactMap { $0 }.count
                            ^~~~
                                !
/Users/ammarkhalid/workspace/nureo-guide/NeuroGuideApp/NeuroGuideApp/Core/ML/Inference/ArousalBandClassifier.swift:250:29: note: explicitly cast to 'Any' with 'as Any' to silence this warning
            modalityCount: [pose, facial, vocal].compactMap { $0 }.count
                            ^~~~
                                 as Any
/Users/ammarkhalid/workspace/nureo-guide/NeuroGuideApp/NeuroGuideApp/Core/ML/Inference/ArousalBandClassifier.swift:250:35: warning: expression implicitly coerced from 'FacialFeatures?' to 'Any'
            modalityCount: [pose, facial, vocal].compactMap { $0 }.count
                                  ^~~~~~
/Users/ammarkhalid/workspace/nureo-guide/NeuroGuideApp/NeuroGuideApp/Core/ML/Inference/ArousalBandClassifier.swift:250:35: note: provide a default value to avoid this warning
            modalityCount: [pose, facial, vocal].compactMap { $0 }.count
                                  ^~~~~~
                                         ?? <#default value#>
/Users/ammarkhalid/workspace/nureo-guide/NeuroGuideApp/NeuroGuideApp/Core/ML/Inference/ArousalBandClassifier.swift:250:35: note: force-unwrap the value to avoid this warning
            modalityCount: [pose, facial, vocal].compactMap { $0 }.count
                                  ^~~~~~
                                        !
/Users/ammarkhalid/workspace/nureo-guide/NeuroGuideApp/NeuroGuideApp/Core/ML/Inference/ArousalBandClassifier.swift:250:35: note: explicitly cast to 'Any' with 'as Any' to silence this warning
            modalityCount: [pose, facial, vocal].compactMap { $0 }.count
                                  ^~~~~~
                                         as Any
/Users/ammarkhalid/workspace/nureo-guide/NeuroGuideApp/NeuroGuideApp/Core/ML/Inference/ArousalBandClassifier.swift:250:43: warning: expression implicitly coerced from 'VocalFeatures?' to 'Any'
            modalityCount: [pose, facial, vocal].compactMap { $0 }.count
                                          ^~~~~
/Users/ammarkhalid/workspace/nureo-guide/NeuroGuideApp/NeuroGuideApp/Core/ML/Inference/ArousalBandClassifier.swift:250:43: note: provide a default value to avoid this warning
            modalityCount: [pose, facial, vocal].compactMap { $0 }.count
                                          ^~~~~
                                                ?? <#default value#>
/Users/ammarkhalid/workspace/nureo-guide/NeuroGuideApp/NeuroGuideApp/Core/ML/Inference/ArousalBandClassifier.swift:250:43: note: force-unwrap the value to avoid this warning
            modalityCount: [pose, facial, vocal].compactMap { $0 }.count
                                          ^~~~~
                                               !
/Users/ammarkhalid/workspace/nureo-guide/NeuroGuideApp/NeuroGuideApp/Core/ML/Inference/ArousalBandClassifier.swift:250:43: note: explicitly cast to 'Any' with 'as Any' to silence this warning
            modalityCount: [pose, facial, vocal].compactMap { $0 }.count
                                          ^~~~~
                                                as Any
/Users/ammarkhalid/workspace/nureo-guide/NeuroGuideApp/NeuroGuideApp/Core/ML/Privacy/PrivacyManager.swift:100:53: warning: variable 'self' was written to, but never read
        networkMonitor?.pathUpdateHandler = { [weak self] path in
                                                    ^
/Users/ammarkhalid/workspace/nureo-guide/NeuroGuideApp/NeuroGuideApp/Core/ML/Services/MLModelManager.swift:36:19: warning: instance method 'lock' is unavailable from asynchronous contexts; Use async-safe scoped locking instead; this is an error in the Swift 6 language mode
        modelLock.lock()
                  ^
Foundation.NSLock.lock:2:11: note: 'lock()' declared here
open func lock()}
          ^
/Users/ammarkhalid/workspace/nureo-guide/NeuroGuideApp/NeuroGuideApp/Core/ML/Services/MLModelManager.swift:37:27: warning: instance method 'unlock' is unavailable from asynchronous contexts; Use async-safe scoped locking instead; this is an error in the Swift 6 language mode
        defer { modelLock.unlock() }
                          ^
Foundation.NSLock.unlock:2:11: note: 'unlock()' declared here
open func unlock()}
          ^
/Users/ammarkhalid/workspace/nureo-guide/NeuroGuideApp/NeuroGuideApp/Core/ML/Services/MLModelManager.swift:86:30: warning: no 'async' operations occur within 'await' expression
            let output = try await model.prediction(from: input)
                             ^
/Users/ammarkhalid/workspace/nureo-guide/NeuroGuideApp/NeuroGuideApp/Core/Profile/Services/BaselineCalibrationService.swift:52:46: warning: main actor-isolated static property 'shared' can not be referenced from a nonisolated context; this is an error in the Swift 6 language mode
        poseService: PoseDetectionService = .shared,
                                             ^
/Users/ammarkhalid/workspace/nureo-guide/NeuroGuideApp/NeuroGuideApp/Core/ML/Detection/PoseDetectionService.swift:20:16: note: static property declared here
    static let shared = PoseDetectionService()
               ^
/Users/ammarkhalid/workspace/nureo-guide/NeuroGuideApp/NeuroGuideApp/Core/Profile/Services/BaselineCalibrationService.swift:53:51: warning: main actor-isolated static property 'shared' can not be referenced from a nonisolated context; this is an error in the Swift 6 language mode
        facialService: FacialExpressionService = .shared,
                                                  ^
/Users/ammarkhalid/workspace/nureo-guide/NeuroGuideApp/NeuroGuideApp/Core/ML/Detection/FacialExpressionService.swift:20:16: note: static property declared here
    static let shared = FacialExpressionService()
               ^
/Users/ammarkhalid/workspace/nureo-guide/NeuroGuideApp/NeuroGuideApp/Core/Profile/Services/BaselineCalibrationService.swift:54:45: warning: main actor-isolated static property 'shared' can not be referenced from a nonisolated context; this is an error in the Swift 6 language mode
        vocalService: VocalAffectService = .shared,
                                            ^
/Users/ammarkhalid/workspace/nureo-guide/NeuroGuideApp/NeuroGuideApp/Core/ML/Detection/VocalAffectService.swift:20:16: note: static property declared here
    static let shared = VocalAffectService()
               ^
/Users/ammarkhalid/workspace/nureo-guide/NeuroGuideApp/NeuroGuideApp/Core/Profile/Services/BaselineCalibrationService.swift:55:48: warning: main actor-isolated static property 'shared' can not be referenced from a nonisolated context; this is an error in the Swift 6 language mode
        cameraService: CameraCaptureService = .shared,
                                               ^
/Users/ammarkhalid/workspace/nureo-guide/NeuroGuideApp/NeuroGuideApp/Core/LiveCoach/Services/CameraCaptureService.swift:20:16: note: static property declared here
    static let shared = CameraCaptureService()
               ^
/Users/ammarkhalid/workspace/nureo-guide/NeuroGuideApp/NeuroGuideApp/Core/Profile/Services/BaselineCalibrationService.swift:56:46: warning: main actor-isolated static property 'shared' can not be referenced from a nonisolated context
        audioService: AudioCaptureService = .shared
                                             ^
/Users/ammarkhalid/workspace/nureo-guide/NeuroGuideApp/NeuroGuideApp/Core/LiveCoach/Services/AudioCaptureService.swift:20:16: note: static property declared here
    static let shared = AudioCaptureService()
               ^
/Users/ammarkhalid/workspace/nureo-guide/NeuroGuideApp/NeuroGuideApp/Core/Profile/Services/BaselineCalibrationService.swift:121:9: warning: no calls to throwing functions occur within 'try' expression
        try cameraService.startCapture { [weak self] frame in
        ^
/Users/ammarkhalid/workspace/nureo-guide/NeuroGuideApp/NeuroGuideApp/Core/Profile/Services/ChildProfileManager.swift:32:69: warning: main actor-isolated static property 'shared' can not be referenced from a nonisolated context
    init(secureStorage: SecureStorageService = SecureStorageManager.shared) {
                                                                    ^
/Users/ammarkhalid/workspace/nureo-guide/NeuroGuideApp/NeuroGuideApp/Core/Security/Storage/SecureStorageManager.swift:16:16: note: static property declared here
    static let shared = SecureStorageManager()
               ^
/Users/ammarkhalid/workspace/nureo-guide/NeuroGuideApp/NeuroGuideApp/Core/Profile/ViewModels/BaselineCalibrationViewModel.swift:42:67: warning: main actor-isolated static property 'shared' can not be referenced from a nonisolated context; this is an error in the Swift 6 language mode
        profileService: ChildProfileService = ChildProfileManager.shared
                                                                  ^
/Users/ammarkhalid/workspace/nureo-guide/NeuroGuideApp/NeuroGuideApp/Core/Profile/Services/ChildProfileManager.swift:18:16: note: static property declared here
    static let shared = ChildProfileManager()
               ^
/Users/ammarkhalid/workspace/nureo-guide/NeuroGuideApp/NeuroGuideApp/Core/Profile/ViewModels/BaselineCalibrationViewModel.swift:45:14: warning: main actor-isolated property 'profileService' can not be mutated from a nonisolated context; this is an error in the Swift 6 language mode
        self.profileService = profileService
             ^
/Users/ammarkhalid/workspace/nureo-guide/NeuroGuideApp/NeuroGuideApp/Core/Profile/ViewModels/BaselineCalibrationViewModel.swift:33:17: note: mutation of this property is only permitted within the actor
    private let profileService: ChildProfileService
                ^
/Users/ammarkhalid/workspace/nureo-guide/NeuroGuideApp/NeuroGuideApp/Core/Profile/ViewModels/ProfileCreationViewModel.swift:63:68: warning: main actor-isolated static property 'shared' can not be referenced from a nonisolated context; this is an error in the Swift 6 language mode
    init(profileManager: ChildProfileService = ChildProfileManager.shared, existingProfile: ChildProfile? = nil) {
                                                                   ^
/Users/ammarkhalid/workspace/nureo-guide/NeuroGuideApp/NeuroGuideApp/Core/Profile/Services/ChildProfileManager.swift:18:16: note: static property declared here
    static let shared = ChildProfileManager()
               ^
/Users/ammarkhalid/workspace/nureo-guide/NeuroGuideApp/NeuroGuideApp/Core/Profile/ViewModels/ProfileCreationViewModel.swift:100:59: warning: left side of nil coalescing operator '??' has non-optional type 'AlexithymiaSettings', so the right side is never used
        alexithymiaSettings = profile.alexithymiaSettings ?? AlexithymiaSettings()
                              ~~~~~~~~~~~~~~~~~~~~~~~~~~~~^~~~~~~~~~~~~~~~~~~~~~~~
                                                         
/Users/ammarkhalid/workspace/nureo-guide/NeuroGuideApp/NeuroGuideApp/Core/Security/AppLock/AppLockManager.swift:36:69: warning: main actor-isolated static property 'shared' can not be referenced from a nonisolated context
    init(biometricAuth: BiometricAuthService = BiometricAuthManager.shared) {
                                                                    ^
/Users/ammarkhalid/workspace/nureo-guide/NeuroGuideApp/NeuroGuideApp/Core/Security/Biometric/BiometricAuthManager.swift:17:16: note: static property declared here
    static let shared = BiometricAuthManager()
               ^
/Users/ammarkhalid/workspace/nureo-guide/NeuroGuideApp/NeuroGuideApp/Core/Security/Biometric/BiometricAuthManager.swift:47:9: warning: switch must be exhaustive
        switch context.biometryType {
        ^
/Users/ammarkhalid/workspace/nureo-guide/NeuroGuideApp/NeuroGuideApp/Core/Security/Biometric/BiometricAuthManager.swift:47:9: note: add missing case: '.opticID'
        switch context.biometryType {
        ^
/Users/ammarkhalid/workspace/nureo-guide/NeuroGuideApp/NeuroGuideApp/Core/Security/Storage/SecureStorageManager.swift:91:10: warning: non-Sendable parameter type 'T.Type' cannot be sent from caller of protocol requirement 'load(forKey:as:)' into main actor-isolated implementation; this is an error in the Swift 6 language mode
    func load<T: Codable>(forKey key: String, as type: T.Type) async throws -> T? {
         ^
/Users/ammarkhalid/workspace/nureo-guide/NeuroGuideApp/NeuroGuideApp/Features/AskNeuroGuide/AskNeuroGuideViewModel.swift:41:55: warning: main actor-isolated static property 'shared' can not be referenced from a nonisolated context; this is an error in the Swift 6 language mode
        questionInputManager: QuestionInputManager = .shared,
                                                      ^
/Users/ammarkhalid/workspace/nureo-guide/NeuroGuideApp/NeuroGuideApp/Core/AskNeuroGuide/Services/QuestionInputManager.swift:20:16: note: static property declared here
    static let shared = QuestionInputManager()
               ^
/Users/ammarkhalid/workspace/nureo-guide/NeuroGuideApp/NeuroGuideApp/Features/AskNeuroGuide/AskNeuroGuideViewModel.swift:42:55: warning: main actor-isolated static property 'shared' can not be referenced from a nonisolated context; this is an error in the Swift 6 language mode
        searchManager: ConversationalSearchManager = .shared,
                                                      ^
/Users/ammarkhalid/workspace/nureo-guide/NeuroGuideApp/NeuroGuideApp/Core/AskNeuroGuide/Services/ConversationalSearchManager.swift:17:16: note: static property declared here
    static let shared = ConversationalSearchManager()
               ^
/Users/ammarkhalid/workspace/nureo-guide/NeuroGuideApp/NeuroGuideApp/Features/AskNeuroGuide/AskNeuroGuideViewModel.swift:43:56: warning: call to main actor-isolated initializer 'init()' in a synchronous nonisolated context
        followUpGenerator: FollowUpQuestionGenerator = FollowUpQuestionGenerator(),
                                                       ^
/Users/ammarkhalid/workspace/nureo-guide/NeuroGuideApp/NeuroGuideApp/Core/AskNeuroGuide/Search/FollowUpQuestionGenerator.swift:12:7: note: calls to initializer 'init()' from outside of its actor context are implicitly asynchronous
class FollowUpQuestionGenerator {
      ^
/Users/ammarkhalid/workspace/nureo-guide/NeuroGuideApp/NeuroGuideApp/Features/AskNeuroGuide/AskNeuroGuideViewModel.swift:44:56: warning: call to main actor-isolated initializer 'init()' in a synchronous nonisolated context
        relatedQuestionEngine: RelatedQuestionEngine = RelatedQuestionEngine(),
                                                       ^
/Users/ammarkhalid/workspace/nureo-guide/NeuroGuideApp/NeuroGuideApp/Core/AskNeuroGuide/Search/RelatedQuestionEngine.swift:12:7: note: calls to initializer 'init()' from outside of its actor context are implicitly asynchronous
class RelatedQuestionEngine {
      ^
/Users/ammarkhalid/workspace/nureo-guide/NeuroGuideApp/NeuroGuideApp/Features/AskNeuroGuide/AskNeuroGuideViewModel.swift:45:49: warning: main actor-isolated static property 'shared' can not be referenced from a nonisolated context; this is an error in the Swift 6 language mode
        historyManager: SearchHistoryManager = .shared
                                                ^
/Users/ammarkhalid/workspace/nureo-guide/NeuroGuideApp/NeuroGuideApp/Core/AskNeuroGuide/Services/SearchHistoryManager.swift:15:16: note: static property declared here
    static let shared = SearchHistoryManager()
               ^
/Users/ammarkhalid/workspace/nureo-guide/NeuroGuideApp/NeuroGuideApp/Features/AskNeuroGuide/AskNeuroGuideViewModel.swift:226:23: warning: main actor-isolated property 'recordingPulseAnimation' can not be mutated from a nonisolated context
                self?.recordingPulseAnimation.toggle()
                      ^
/Users/ammarkhalid/workspace/nureo-guide/NeuroGuideApp/NeuroGuideApp/Features/AskNeuroGuide/AskNeuroGuideViewModel.swift:24:20: note: mutation of this property is only permitted within the actor
    @Published var recordingPulseAnimation = false
                   ^
/Users/ammarkhalid/workspace/nureo-guide/NeuroGuideApp/NeuroGuideApp/Features/LiveCoach/Components/CameraStabilityIndicator.swift:22:18: error: 'symbolEffect(_:options:isActive:)' is only available in iOS 17.0 or newer
                .symbolEffect(.variableColor, isActive: !isStable)
                 ^
/Users/ammarkhalid/workspace/nureo-guide/NeuroGuideApp/NeuroGuideApp/Features/LiveCoach/Components/CameraStabilityIndicator.swift:22:18: note: add 'if #available' version check
                .symbolEffect(.variableColor, isActive: !isStable)
                 ^
/Users/ammarkhalid/workspace/nureo-guide/NeuroGuideApp/NeuroGuideApp/Features/LiveCoach/Components/CameraStabilityIndicator.swift:16:9: note: add '@available' attribute to enclosing property
    var body: some View {
        ^
/Users/ammarkhalid/workspace/nureo-guide/NeuroGuideApp/NeuroGuideApp/Features/LiveCoach/Components/CameraStabilityIndicator.swift:12:8: note: add '@available' attribute to enclosing struct
struct CameraStabilityIndicator: View {
       ^
/Users/ammarkhalid/workspace/nureo-guide/NeuroGuideApp/NeuroGuideApp/Features/LiveCoach/Components/CameraStabilityIndicator.swift:22:32: error: 'variableColor' is only available in iOS 17.0 or newer
                .symbolEffect(.variableColor, isActive: !isStable)
                               ^
/Users/ammarkhalid/workspace/nureo-guide/NeuroGuideApp/NeuroGuideApp/Features/LiveCoach/Components/CameraStabilityIndicator.swift:22:32: note: add 'if #available' version check
                .symbolEffect(.variableColor, isActive: !isStable)
                               ^
/Users/ammarkhalid/workspace/nureo-guide/NeuroGuideApp/NeuroGuideApp/Features/LiveCoach/Components/CameraStabilityIndicator.swift:16:9: note: add '@available' attribute to enclosing property
    var body: some View {
        ^
/Users/ammarkhalid/workspace/nureo-guide/NeuroGuideApp/NeuroGuideApp/Features/LiveCoach/Components/CameraStabilityIndicator.swift:12:8: note: add '@available' attribute to enclosing struct
struct CameraStabilityIndicator: View {
       ^
/Users/ammarkhalid/workspace/nureo-guide/NeuroGuideApp/NeuroGuideApp/Features/LiveCoach/LiveCoachView.swift:345:28: warning: value 'confidence' was defined but never used; consider replacing with boolean test
                    if let confidence = viewModel.currentConfidence {
                       ~~~~^~~~~~~~~~~~~
                                                                    != nil
/Users/ammarkhalid/workspace/nureo-guide/NeuroGuideApp/NeuroGuideApp/Features/LiveCoach/LiveCoachView.swift:566:24: warning: immutable value 'resourceTitle' was never used; consider replacing with '_' or removing it
                if let resourceTitle = suggestion.resourceTitle,
                   ~~~~^~~~~~~~~~~~~
                   _
/Users/ammarkhalid/workspace/nureo-guide/NeuroGuideApp/NeuroGuideApp/Features/LiveCoach/LiveCoachViewModel.swift:305:19: warning: call to main actor-isolated instance method 'handleMemoryWarning()' in a synchronous nonisolated context
            self?.handleMemoryWarning()
                  ^
/Users/ammarkhalid/workspace/nureo-guide/NeuroGuideApp/NeuroGuideApp/Features/LiveCoach/LiveCoachViewModel.swift:417:18: note: calls to instance method 'handleMemoryWarning()' from outside of its actor context are implicitly asynchronous
    private func handleMemoryWarning() {
                 ^
/Users/ammarkhalid/workspace/nureo-guide/NeuroGuideApp/NeuroGuideApp/Features/SessionHistory/SessionReportDetailView.swift:126:21: warning: initialization of immutable value 'maxTime' was never used; consider replacing with assignment to '_' or removing it
                let maxTime = session.arousalTimeline.map { $0.timestamp }.max() ?? 1.0
                ~~~~^~~~~~~
                _

Failed frontend command:
/Applications/Xcode.app/Contents/Developer/Toolchains/XcodeDefault.xctoolchain/usr/bin/swift-frontend -frontend -c -filelist /Users/ammarkhalid/Library/Developer/Xcode/DerivedData/NeuroGuideApp-ewcvprgdglbcooackdjxjupgqkav/Build/Intermediates.noindex/NeuroGuideApp.build/Release-iphonesimulator/NeuroGuideApp.build/Objects-normal/arm64/sources-1 -supplementary-output-file-map /Users/ammarkhalid/Library/Developer/Xcode/DerivedData/NeuroGuideApp-ewcvprgdglbcooackdjxjupgqkav/Build/Intermediates.noindex/NeuroGuideApp.build/Release-iphonesimulator/NeuroGuideApp.build/Objects-normal/arm64/supplementaryOutputs-1 -emit-localized-strings -emit-localized-strings-path /Users/ammarkhalid/Library/Developer/Xcode/DerivedData/NeuroGuideApp-ewcvprgdglbcooackdjxjupgqkav/Build/Intermediates.noindex/NeuroGuideApp.build/Release-iphonesimulator/NeuroGuideApp.build/Objects-normal/arm64 -target arm64-apple-ios16.6-simulator -module-can-import-version DeveloperToolsSupport 23.0.4 23.0.4 -module-can-import-version SwiftUI 7.0.84.1 7.0.84 -module-can-import-version UIKit 9088.1.113 9088.1.113 -disable-cross-import-overlay-search -swift-module-cross-import PhotosUI /Applications/Xcode.app/Contents/Developer/Platforms/iPhoneSimulator.platform/Developer/SDKs/iPhoneSimulator.sdk/System/Library/Frameworks/PhotosUI.framework/Modules/PhotosUI.swiftcrossimport/SwiftUI.swiftoverlay -swift-module-cross-import PhotosUI /Applications/Xcode.app/Contents/Developer/Platforms/iPhoneSimulator.platform/Developer/SDKs/iPhoneSimulator.sdk/System/Library/Frameworks/PhotosUI.framework/Modules/PhotosUI.swiftcrossimport/WidgetKit.swiftoverlay -swift-module-cross-import PhotosUI /Applications/Xcode.app/Contents/Developer/Platforms/iPhoneSimulator.platform/Developer/SDKs/iPhoneSimulator26.0.sdk/System/Library/Frameworks/PhotosUI.framework/Modules/PhotosUI.swiftcrossimport/SwiftUI.swiftoverlay -swift-module-cross-import PhotosUI /Applications/Xcode.app/Contents/Developer/Platforms/iPhoneSimulator.platform/Developer/SDKs/iPhoneSimulator26.0.sdk/System/Library/Frameworks/PhotosUI.framework/Modules/PhotosUI.swiftcrossimport/WidgetKit.swiftoverlay -load-resolved-plugin /Applications/Xcode.app/Contents/Developer/Platforms/iPhoneOS.platform/Developer/usr/lib/swift/host/plugins/libFoundationMacros.dylib\#/Applications/Xcode.app/Contents/Developer/Platforms/iPhoneOS.platform/Developer/usr/bin/swift-plugin-server\#FoundationMacros -load-resolved-plugin /Applications/Xcode.app/Contents/Developer/Platforms/iPhoneOS.platform/Developer/usr/lib/swift/host/plugins/libObservationMacros.dylib\#/Applications/Xcode.app/Contents/Developer/Platforms/iPhoneOS.platform/Developer/usr/bin/swift-plugin-server\#ObservationMacros -load-resolved-plugin /Applications/Xcode.app/Contents/Developer/Platforms/iPhoneOS.platform/Developer/usr/lib/swift/host/plugins/libPreviewsMacros.dylib\#/Applications/Xcode.app/Contents/Developer/Platforms/iPhoneOS.platform/Developer/usr/bin/swift-plugin-server\#PreviewsMacros -load-resolved-plugin /Applications/Xcode.app/Contents/Developer/Platforms/iPhoneOS.platform/Developer/usr/lib/swift/host/plugins/libSwiftMacros.dylib\#/Applications/Xcode.app/Contents/Developer/Platforms/iPhoneOS.platform/Developer/usr/bin/swift-plugin-server\#SwiftMacros -load-resolved-plugin /Applications/Xcode.app/Contents/Developer/Platforms/iPhoneOS.platform/Developer/usr/lib/swift/host/plugins/libSwiftUIMacros.dylib\#/Applications/Xcode.app/Contents/Developer/Platforms/iPhoneOS.platform/Developer/usr/bin/swift-plugin-server\#SwiftUIMacros -disable-implicit-swift-modules -Xcc -fno-implicit-modules -Xcc -fno-implicit-module-maps -explicit-swift-module-map-file /Users/ammarkhalid/Library/Developer/Xcode/DerivedData/NeuroGuideApp-ewcvprgdglbcooackdjxjupgqkav/Build/Intermediates.noindex/NeuroGuideApp.build/Release-iphonesimulator/NeuroGuideApp.build/Objects-normal/arm64/attune-dependencies-1.json -Xllvm -aarch64-use-tbi -enable-objc-interop -sdk /Applications/Xcode.app/Contents/Developer/Platforms/iPhoneSimulator.platform/Developer/SDKs/iPhoneSimulator26.0.sdk -I /Users/ammarkhalid/Library/Developer/Xcode/DerivedData/NeuroGuideApp-ewcvprgdglbcooackdjxjupgqkav/Build/Products/Release-iphonesimulator -F /Users/ammarkhalid/Library/Developer/Xcode/DerivedData/NeuroGuideApp-ewcvprgdglbcooackdjxjupgqkav/Build/Products/Release-iphonesimulator -no-color-diagnostics -Xcc -fno-color-diagnostics -g -debug-info-format\=dwarf -dwarf-version\=4 -module-cache-path /Users/ammarkhalid/Library/Developer/Xcode/DerivedData/NeuroGuideApp-ewcvprgdglbcooackdjxjupgqkav/Build/Intermediates.noindex/SwiftExplicitPrecompiledModules -profile-generate -profile-coverage-mapping -swift-version 5 -enforce-exclusivity\=checked -O -serialize-debugging-options -const-gather-protocols-file /Users/ammarkhalid/Library/Developer/Xcode/DerivedData/NeuroGuideApp-ewcvprgdglbcooackdjxjupgqkav/Build/Intermediates.noindex/NeuroGuideApp.build/Release-iphonesimulator/NeuroGuideApp.build/Objects-normal/arm64/NeuroGuideApp_const_extract_protocols.json -enable-upcoming-feature DisableOutwardActorInference -enable-upcoming-feature InferSendableFromCaptures -enable-upcoming-feature GlobalActorIsolatedTypesUsability -enable-upcoming-feature MemberImportVisibility -enable-upcoming-feature InferIsolatedConformances -enable-upcoming-feature NonisolatedNonsendingByDefault -enable-experimental-feature DebugDescriptionMacro -enable-bare-slash-regex -default-isolation\=MainActor -empty-abi-descriptor -validate-clang-modules-once -clang-build-session-file /Users/ammarkhalid/Library/Developer/Xcode/DerivedData/ModuleCache.noindex/Session.modulevalidation -Xcc -working-directory -Xcc /Users/ammarkhalid/workspace/nureo-guide/NeuroGuideApp -file-compilation-dir /Users/ammarkhalid/workspace/nureo-guide/NeuroGuideApp -Xcc -ivfsstatcache -Xcc /Users/ammarkhalid/Library/Developer/Xcode/DerivedData/SDKStatCaches.noindex/iphonesimulator26.0-23A339-26257891a6c027eb51374368541b8346.sdkstatcache -Xcc -I/Users/ammarkhalid/Library/Developer/Xcode/DerivedData/NeuroGuideApp-ewcvprgdglbcooackdjxjupgqkav/Build/Intermediates.noindex/NeuroGuideApp.build/Release-iphonesimulator/NeuroGuideApp.build/swift-overrides.hmap -Xcc -iquote -Xcc /Users/ammarkhalid/Library/Developer/Xcode/DerivedData/NeuroGuideApp-ewcvprgdglbcooackdjxjupgqkav/Build/Intermediates.noindex/NeuroGuideApp.build/Release-iphonesimulator/NeuroGuideApp.build/attune-generated-files.hmap -Xcc -I/Users/ammarkhalid/Library/Developer/Xcode/DerivedData/NeuroGuideApp-ewcvprgdglbcooackdjxjupgqkav/Build/Intermediates.noindex/NeuroGuideApp.build/Release-iphonesimulator/NeuroGuideApp.build/attune-own-target-headers.hmap -Xcc -I/Users/ammarkhalid/Library/Developer/Xcode/DerivedData/NeuroGuideApp-ewcvprgdglbcooackdjxjupgqkav/Build/Intermediates.noindex/NeuroGuideApp.build/Release-iphonesimulator/NeuroGuideApp.build/attune-all-target-headers.hmap -Xcc -iquote -Xcc /Users/ammarkhalid/Library/Developer/Xcode/DerivedData/NeuroGuideApp-ewcvprgdglbcooackdjxjupgqkav/Build/Intermediates.noindex/NeuroGuideApp.build/Release-iphonesimulator/NeuroGuideApp.build/attune-project-headers.hmap -Xcc -I/Users/ammarkhalid/Library/Developer/Xcode/DerivedData/NeuroGuideApp-ewcvprgdglbcooackdjxjupgqkav/Build/Products/Release-iphonesimulator/include -Xcc -I/Users/ammarkhalid/Library/Developer/Xcode/DerivedData/NeuroGuideApp-ewcvprgdglbcooackdjxjupgqkav/Build/Intermediates.noindex/NeuroGuideApp.build/Release-iphonesimulator/NeuroGuideApp.build/DerivedSources-normal/arm64 -Xcc -I/Users/ammarkhalid/Library/Developer/Xcode/DerivedData/NeuroGuideApp-ewcvprgdglbcooackdjxjupgqkav/Build/Intermediates.noindex/NeuroGuideApp.build/Release-iphonesimulator/NeuroGuideApp.build/DerivedSources/arm64 -Xcc -I/Users/ammarkhalid/Library/Developer/Xcode/DerivedData/NeuroGuideApp-ewcvprgdglbcooackdjxjupgqkav/Build/Intermediates.noindex/NeuroGuideApp.build/Release-iphonesimulator/NeuroGuideApp.build/DerivedSources -no-auto-bridging-header-chaining -module-name attune -frontend-parseable-output -disable-clang-spi -target-sdk-version 26.0 -target-sdk-name iphonesimulator26.0 -clang-target arm64-apple-ios26.0-simulator -in-process-plugin-server-path /Applications/Xcode.app/Contents/Developer/Toolchains/XcodeDefault.xctoolchain/usr/lib/swift/host/libSwiftInProcPluginServer.dylib -enable-default-cmo -num-threads 10 -output-filelist /Users/ammarkhalid/Library/Developer/Xcode/DerivedData/NeuroGuideApp-ewcvprgdglbcooackdjxjupgqkav/Build/Intermediates.noindex/NeuroGuideApp.build/Release-iphonesimulator/NeuroGuideApp.build/Objects-normal/arm64/outputs-1 -index-unit-output-path-filelist /Users/ammarkhalid/Library/Developer/Xcode/DerivedData/NeuroGuideApp-ewcvprgdglbcooackdjxjupgqkav/Build/Intermediates.noindex/NeuroGuideApp.build/Release-iphonesimulator/NeuroGuideApp.build/Objects-normal/arm64/index-unit-outputs-1
LinkAssetCatalog /Users/ammarkhalid/workspace/nureo-guide/NeuroGuideApp/NeuroGuideApp/Resources/Assets.xcassets /Users/ammarkhalid/workspace/nureo-guide/NeuroGuideApp/NeuroGuideApp/Assets.xcassets (in target 'NeuroGuideApp' from project 'NeuroGuideApp')
    cd /Users/ammarkhalid/workspace/nureo-guide/NeuroGuideApp
    builtin-linkAssetCatalog --thinned /Users/ammarkhalid/Library/Developer/Xcode/DerivedData/NeuroGuideApp-ewcvprgdglbcooackdjxjupgqkav/Build/Intermediates.noindex/NeuroGuideApp.build/Release-iphonesimulator/NeuroGuideApp.build/assetcatalog_output/thinned --thinned-dependencies /Users/ammarkhalid/Library/Developer/Xcode/DerivedData/NeuroGuideApp-ewcvprgdglbcooackdjxjupgqkav/Build/Intermediates.noindex/NeuroGuideApp.build/Release-iphonesimulator/NeuroGuideApp.build/assetcatalog_dependencies_thinned --thinned-info-plist-content /Users/ammarkhalid/Library/Developer/Xcode/DerivedData/NeuroGuideApp-ewcvprgdglbcooackdjxjupgqkav/Build/Intermediates.noindex/NeuroGuideApp.build/Release-iphonesimulator/NeuroGuideApp.build/assetcatalog_generated_info.plist_thinned --unthinned /Users/ammarkhalid/Library/Developer/Xcode/DerivedData/NeuroGuideApp-ewcvprgdglbcooackdjxjupgqkav/Build/Intermediates.noindex/NeuroGuideApp.build/Release-iphonesimulator/NeuroGuideApp.build/assetcatalog_output/unthinned --unthinned-dependencies /Users/ammarkhalid/Library/Developer/Xcode/DerivedData/NeuroGuideApp-ewcvprgdglbcooackdjxjupgqkav/Build/Intermediates.noindex/NeuroGuideApp.build/Release-iphonesimulator/NeuroGuideApp.build/assetcatalog_dependencies_unthinned --unthinned-info-plist-content /Users/ammarkhalid/Library/Developer/Xcode/DerivedData/NeuroGuideApp-ewcvprgdglbcooackdjxjupgqkav/Build/Intermediates.noindex/NeuroGuideApp.build/Release-iphonesimulator/NeuroGuideApp.build/assetcatalog_generated_info.plist_unthinned --output /Users/ammarkhalid/Library/Developer/Xcode/DerivedData/NeuroGuideApp-ewcvprgdglbcooackdjxjupgqkav/Build/Products/Release-iphonesimulator/attune.app --plist-output /Users/ammarkhalid/Library/Developer/Xcode/DerivedData/NeuroGuideApp-ewcvprgdglbcooackdjxjupgqkav/Build/Intermediates.noindex/NeuroGuideApp.build/Release-iphonesimulator/NeuroGuideApp.build/assetcatalog_generated_info.plist
note: Emplaced /Users/ammarkhalid/Library/Developer/Xcode/DerivedData/NeuroGuideApp-ewcvprgdglbcooackdjxjupgqkav/Build/Products/Release-iphonesimulator/attune.app/Assets.car (in target 'NeuroGuideApp' from project 'NeuroGuideApp')
note: Emplaced /Users/ammarkhalid/Library/Developer/Xcode/DerivedData/NeuroGuideApp-ewcvprgdglbcooackdjxjupgqkav/Build/Products/Release-iphonesimulator/attune.app/AppIcon60x60@2x.png (in target 'NeuroGuideApp' from project 'NeuroGuideApp')
note: Emplaced /Users/ammarkhalid/Library/Developer/Xcode/DerivedData/NeuroGuideApp-ewcvprgdglbcooackdjxjupgqkav/Build/Products/Release-iphonesimulator/attune.app/AppIcon76x76@2x~ipad.png (in target 'NeuroGuideApp' from project 'NeuroGuideApp')

ProcessInfoPlistFile /Users/ammarkhalid/Library/Developer/Xcode/DerivedData/NeuroGuideApp-ewcvprgdglbcooackdjxjupgqkav/Build/Products/Release-iphonesimulator/attune.app/Info.plist /Users/ammarkhalid/Library/Developer/Xcode/DerivedData/NeuroGuideApp-ewcvprgdglbcooackdjxjupgqkav/Build/Intermediates.noindex/NeuroGuideApp.build/Release-iphonesimulator/NeuroGuideApp.build/empty-attune.plist (in target 'NeuroGuideApp' from project 'NeuroGuideApp')
    cd /Users/ammarkhalid/workspace/nureo-guide/NeuroGuideApp
    builtin-infoPlistUtility /Users/ammarkhalid/Library/Developer/Xcode/DerivedData/NeuroGuideApp-ewcvprgdglbcooackdjxjupgqkav/Build/Intermediates.noindex/NeuroGuideApp.build/Release-iphonesimulator/NeuroGuideApp.build/empty-attune.plist -producttype com.apple.product-type.application -genpkginfo /Users/ammarkhalid/Library/Developer/Xcode/DerivedData/NeuroGuideApp-ewcvprgdglbcooackdjxjupgqkav/Build/Products/Release-iphonesimulator/attune.app/PkgInfo -expandbuildsettings -format binary -platform iphonesimulator -additionalcontentfile /Users/ammarkhalid/Library/Developer/Xcode/DerivedData/NeuroGuideApp-ewcvprgdglbcooackdjxjupgqkav/Build/Intermediates.noindex/NeuroGuideApp.build/Release-iphonesimulator/NeuroGuideApp.build/assetcatalog_generated_info.plist -o /Users/ammarkhalid/Library/Developer/Xcode/DerivedData/NeuroGuideApp-ewcvprgdglbcooackdjxjupgqkav/Build/Products/Release-iphonesimulator/attune.app/Info.plist

SwiftDriver\ Compilation\ Requirements NeuroGuideApp normal arm64 com.apple.xcode.tools.swift.compiler (in target 'NeuroGuideApp' from project 'NeuroGuideApp')
    cd /Users/ammarkhalid/workspace/nureo-guide/NeuroGuideApp
    builtin-Swift-Compilation-Requirements -- /Applications/Xcode.app/Contents/Developer/Toolchains/XcodeDefault.xctoolchain/usr/bin/swiftc -module-name attune -O -whole-module-optimization -enforce-exclusivity\=checked @/Users/ammarkhalid/Library/Developer/Xcode/DerivedData/NeuroGuideApp-ewcvprgdglbcooackdjxjupgqkav/Build/Intermediates.noindex/NeuroGuideApp.build/Release-iphonesimulator/NeuroGuideApp.build/Objects-normal/arm64/attune.SwiftFileList -default-isolation\=MainActor -enable-bare-slash-regex -enable-upcoming-feature DisableOutwardActorInference -enable-upcoming-feature InferSendableFromCaptures -enable-upcoming-feature GlobalActorIsolatedTypesUsability -enable-upcoming-feature MemberImportVisibility -enable-upcoming-feature InferIsolatedConformances -enable-upcoming-feature NonisolatedNonsendingByDefault -enable-experimental-feature DebugDescriptionMacro -sdk /Applications/Xcode.app/Contents/Developer/Platforms/iPhoneSimulator.platform/Developer/SDKs/iPhoneSimulator26.0.sdk -target arm64-apple-ios16.6-simulator -g -module-cache-path /Users/ammarkhalid/Library/Developer/Xcode/DerivedData/ModuleCache.noindex -Xfrontend -serialize-debugging-options -profile-coverage-mapping -profile-generate -swift-version 5 -I /Users/ammarkhalid/Library/Developer/Xcode/DerivedData/NeuroGuideApp-ewcvprgdglbcooackdjxjupgqkav/Build/Products/Release-iphonesimulator -F /Users/ammarkhalid/Library/Developer/Xcode/DerivedData/NeuroGuideApp-ewcvprgdglbcooackdjxjupgqkav/Build/Products/Release-iphonesimulator -emit-localized-strings -emit-localized-strings-path /Users/ammarkhalid/Library/Developer/Xcode/DerivedData/NeuroGuideApp-ewcvprgdglbcooackdjxjupgqkav/Build/Intermediates.noindex/NeuroGuideApp.build/Release-iphonesimulator/NeuroGuideApp.build/Objects-normal/arm64 -c -num-threads 10 -Xcc -ivfsstatcache -Xcc /Users/ammarkhalid/Library/Developer/Xcode/DerivedData/SDKStatCaches.noindex/iphonesimulator26.0-23A339-26257891a6c027eb51374368541b8346.sdkstatcache -output-file-map /Users/ammarkhalid/Library/Developer/Xcode/DerivedData/NeuroGuideApp-ewcvprgdglbcooackdjxjupgqkav/Build/Intermediates.noindex/NeuroGuideApp.build/Release-iphonesimulator/NeuroGuideApp.build/Objects-normal/arm64/NeuroGuideApp-OutputFileMap.json -use-frontend-parseable-output -save-temps -no-color-diagnostics -explicit-module-build -module-cache-path /Users/ammarkhalid/Library/Developer/Xcode/DerivedData/NeuroGuideApp-ewcvprgdglbcooackdjxjupgqkav/Build/Intermediates.noindex/SwiftExplicitPrecompiledModules -clang-scanner-module-cache-path /Users/ammarkhalid/Library/Developer/Xcode/DerivedData/ModuleCache.noindex -sdk-module-cache-path /Users/ammarkhalid/Library/Developer/Xcode/DerivedData/ModuleCache.noindex -serialize-diagnostics -emit-dependencies -emit-module -emit-module-path /Users/ammarkhalid/Library/Developer/Xcode/DerivedData/NeuroGuideApp-ewcvprgdglbcooackdjxjupgqkav/Build/Intermediates.noindex/NeuroGuideApp.build/Release-iphonesimulator/NeuroGuideApp.build/Objects-normal/arm64/attune.swiftmodule -validate-clang-modules-once -clang-build-session-file /Users/ammarkhalid/Library/Developer/Xcode/DerivedData/ModuleCache.noindex/Session.modulevalidation -Xcc -I/Users/ammarkhalid/Library/Developer/Xcode/DerivedData/NeuroGuideApp-ewcvprgdglbcooackdjxjupgqkav/Build/Intermediates.noindex/NeuroGuideApp.build/Release-iphonesimulator/NeuroGuideApp.build/swift-overrides.hmap -emit-const-values -Xfrontend -const-gather-protocols-file -Xfrontend /Users/ammarkhalid/Library/Developer/Xcode/DerivedData/NeuroGuideApp-ewcvprgdglbcooackdjxjupgqkav/Build/Intermediates.noindex/NeuroGuideApp.build/Release-iphonesimulator/NeuroGuideApp.build/Objects-normal/arm64/NeuroGuideApp_const_extract_protocols.json -Xcc -iquote -Xcc /Users/ammarkhalid/Library/Developer/Xcode/DerivedData/NeuroGuideApp-ewcvprgdglbcooackdjxjupgqkav/Build/Intermediates.noindex/NeuroGuideApp.build/Release-iphonesimulator/NeuroGuideApp.build/attune-generated-files.hmap -Xcc -I/Users/ammarkhalid/Library/Developer/Xcode/DerivedData/NeuroGuideApp-ewcvprgdglbcooackdjxjupgqkav/Build/Intermediates.noindex/NeuroGuideApp.build/Release-iphonesimulator/NeuroGuideApp.build/attune-own-target-headers.hmap -Xcc -I/Users/ammarkhalid/Library/Developer/Xcode/DerivedData/NeuroGuideApp-ewcvprgdglbcooackdjxjupgqkav/Build/Intermediates.noindex/NeuroGuideApp.build/Release-iphonesimulator/NeuroGuideApp.build/attune-all-target-headers.hmap -Xcc -iquote -Xcc /Users/ammarkhalid/Library/Developer/Xcode/DerivedData/NeuroGuideApp-ewcvprgdglbcooackdjxjupgqkav/Build/Intermediates.noindex/NeuroGuideApp.build/Release-iphonesimulator/NeuroGuideApp.build/attune-project-headers.hmap -Xcc -I/Users/ammarkhalid/Library/Developer/Xcode/DerivedData/NeuroGuideApp-ewcvprgdglbcooackdjxjupgqkav/Build/Products/Release-iphonesimulator/include -Xcc -I/Users/ammarkhalid/Library/Developer/Xcode/DerivedData/NeuroGuideApp-ewcvprgdglbcooackdjxjupgqkav/Build/Intermediates.noindex/NeuroGuideApp.build/Release-iphonesimulator/NeuroGuideApp.build/DerivedSources-normal/arm64 -Xcc -I/Users/ammarkhalid/Library/Developer/Xcode/DerivedData/NeuroGuideApp-ewcvprgdglbcooackdjxjupgqkav/Build/Intermediates.noindex/NeuroGuideApp.build/Release-iphonesimulator/NeuroGuideApp.build/DerivedSources/arm64 -Xcc -I/Users/ammarkhalid/Library/Developer/Xcode/DerivedData/NeuroGuideApp-ewcvprgdglbcooackdjxjupgqkav/Build/Intermediates.noindex/NeuroGuideApp.build/Release-iphonesimulator/NeuroGuideApp.build/DerivedSources -emit-objc-header -emit-objc-header-path /Users/ammarkhalid/Library/Developer/Xcode/DerivedData/NeuroGuideApp-ewcvprgdglbcooackdjxjupgqkav/Build/Intermediates.noindex/NeuroGuideApp.build/Release-iphonesimulator/NeuroGuideApp.build/Objects-normal/arm64/attune-Swift.h -working-directory /Users/ammarkhalid/workspace/nureo-guide/NeuroGuideApp -no-emit-module-separately-wmo

** BUILD FAILED **


The following build commands failed:
	CompileSwift normal arm64 (in target 'NeuroGuideApp' from project 'NeuroGuideApp')
	SwiftCompile normal arm64 Compiling\ AppCoordinator.swift,\ NeuroGuideApp.swift,\ AccessibilityAudit.swift,\ Bookmark.swift,\ ContentFeedback.swift,\ ContentLibrary.swift,\ ConversationContext.swift,\ Question.swift,\ SearchHistory.swift,\ SearchResult.swift,\ AskNeuroGuideServices.swift,\ FollowUpQuestionGenerator.swift,\ RelatedQuestionEngine.swift,\ SemanticSearchEngine.swift,\ BookmarkManager.swift,\ ConversationalSearchManager.swift,\ FeedbackManager.swift,\ LLMResponseGenerator.swift,\ QuestionInputManager.swift,\ SearchHistoryManager.swift,\ ShareHelper.swift,\ ContentFiltering.swift,\ ContentItem.swift,\ ContentFilteringManager.swift,\ ContentLibraryManager.swift,\ ContentLibraryService.swift,\ ContentSearchManager.swift,\ NGBadge.swift,\ NGButton.swift,\ NGCard.swift,\ NGTextField.swift,\ Colors.swift,\ Spacing.swift,\ ThemeManager.swift,\ Typography.swift,\ ConfidenceLevel.swift,\ EmotionConsentStatus.swift,\ EmotionExpressionProfile.swift,\ EmotionState.swift,\ ValidationRecord.swift,\ EmotionServices.swift,\ EmotionInterfaceManager.swift,\ EmotionProfileManager.swift,\ EmotionStateClassifier.swift,\ ValidationManager.swift,\ CoRegulationEvent.swift,\ LiveCoachModels.swift,\ LiveCoachSession.swift,\ ParentStateObservation.swift,\ SessionAnalysisResult.swift,\ LiveCoachService.swift,\ AudioAnalyzer.swift,\ AudioCaptureService.swift,\ CameraCaptureService.swift,\ CameraMotionStabilizer.swift,\ ChildCameraService.swift,\ CoachingEngine.swift,\ DualCameraManager.swift,\ EnvironmentAnalyzer.swift,\ FacialAnalyzer.swift,\ LiveCoachMLIntegration.swift,\ LiveCoachSessionManager.swift,\ LLMCoachingService.swift,\ ParentCameraService.swift,\ PermissionsManager.swift,\ PoseAnalyzer.swift,\ SessionHistoryManager.swift,\ SessionRecordingManager.swift,\ StabilizedBandTracker.swift,\ VideoProcessingPipeline.swift,\ CGImage+PixelBuffer.swift,\ FacialExpressionService.swift,\ ParentStateDetectionService.swift,\ PoseDetectionService.swift,\ VocalAffectService.swift,\ ArousalBandClassifier.swift,\ ArousalBand.swift,\ DeviceInfo.swift,\ MLModelType.swift,\ ModelPerformanceMetrics.swift,\ ModelQuality.swift,\ ModelRequirements.swift,\ PrivacyStatus.swift,\ ModelPerformanceMonitor.swift,\ PerformanceDashboardView.swift,\ PerformanceMonitor.swift,\ PrivacyManager.swift,\ PrivacyService.swift,\ DeviceCapabilityManager.swift,\ DeviceCapabilityService.swift,\ MLLifecycleManager.swift,\ MLModelManager.swift,\ MLModelService.swift,\ EmergencyResource.swift,\ NavigationState.swift,\ OnboardingPage.swift,\ ProfileError.swift,\ AlexithymiaSettings.swift,\ BaselineCalibration.swift,\ ChildProfile.swift,\ CommunicationMode.swift,\ CoRegulationHistory.swift,\ NeurodivergentDiagnosis.swift,\ SensoryPreferences.swift,\ Strategy.swift,\ Trigger.swift,\ BaselineCalibrationService.swift,\ ChildProfileManager.swift,\ ChildProfileService.swift,\ DiagnosisAwareArousalAdjuster.swift,\ BaselineCalibrationViewModel.swift,\ ProfileCreationViewModel.swift,\ AppLockManager.swift,\ AppLockView.swift,\ BiometricAuthError.swift,\ BiometricAuthManager.swift,\ BiometricAuthService.swift,\ AESEncryptionService.swift,\ EncryptionError.swift,\ EncryptionService.swift,\ KeychainError.swift,\ KeychainManager.swift,\ KeychainService.swift,\ SecureStorageManager.swift,\ SecureStorageService.swift,\ StorageError.swift,\ LaunchStateManager.swift,\ NavigationService.swift,\ SettingsManager.swift,\ AccessibilityHelper.swift,\ AboutView.swift,\ LegalView.swift,\ CredibilityBadge.swift,\ FeedbackButtons.swift,\ RelatedQuestionsView.swift,\ ShareSheet.swift,\ SourceDetailsSheet.swift,\ SuggestedQuestionsView.swift,\ BookmarksView.swift,\ SearchHistoryView.swift,\ AskNeuroGuideView.swift,\ AskNeuroGuideViewModel.swift,\ EmergencyResourcesView.swift,\ EmotionStateCard.swift,\ ModelCardView.swift,\ EmotionOptInView.swift,\ EmotionProfileSetupView.swift,\ EmotionValidationView.swift,\ HelpArticle.swift,\ HelpView.swift,\ HomeViewModel.swift,\ EmergencyAccessButton.swift,\ FeatureCardView.swift,\ HomeView.swift,\ ProfileSummaryView.swift,\ LaunchScreenView.swift,\ ArousalTimelineGraphView.swift,\ BehaviorSpectrumView.swift,\ CameraPreviewView.swift,\ CameraStabilityIndicator.swift,\ DegradedModeView.swift,\ DualCameraPreviewView.swift,\ ParentEmotionSummaryView.swift,\ AmbientArousalIndicator.swift,\ CoRegulationCelebrationView.swift,\ CoRegulationSummaryCard.swift,\ StabilizedBandDisplay.swift,\ LiveCoachView.swift,\ LiveCoachViewModel.swift,\ OnboardingViewModel.swift,\ OnboardingPageView.swift,\ OnboardingProgressView.swift,\ OnboardingView.swift,\ AddStrategySheet.swift,\ AddTriggerSheet.swift,\ CommunicationModeRow.swift,\ ProfilePhotoPickerView.swift,\ SensoryProfileRow.swift,\ StarsView.swift,\ StrategyRow.swift,\ TriggerRow.swift,\ ProfileDetailViewModel.swift,\ ColorPickerView.swift,\ BasicInfoStepView.swift,\ CalibrationStepView.swift,\ CommunicationStepView.swift,\ DiagnosisStepView.swift,\ ProfileCreationWizardView.swift,\ SensoryPreferencesStepView.swift,\ TriggersStepView.swift,\ ProfileDetailView.swift,\ CalibrationWizardView.swift,\ SessionHistoryListView.swift,\ SessionReportDetailView.swift,\ AccessibilitySettingsView.swift,\ AppearanceSettingsView.swift,\ LiveCoachSettingsView.swift,\ NotificationsSettingsView.swift,\ PrivacyDataSettingsView.swift,\ SettingsView.swift,\ SupportView.swift,\ WelcomeViewModel.swift,\ WelcomeView.swift,\ AccessibleCard.swift,\ OneHandedLayout.swift,\ GeneratedAssetSymbols.swift /Users/ammarkhalid/workspace/nureo-guide/NeuroGuideApp/NeuroGuideApp/App/AppCoordinator.swift /Users/ammarkhalid/workspace/nureo-guide/NeuroGuideApp/NeuroGuideApp/App/NeuroGuideApp.swift /Users/ammarkhalid/workspace/nureo-guide/NeuroGuideApp/NeuroGuideApp/Core/Accessibility/AccessibilityAudit.swift /Users/ammarkhalid/workspace/nureo-guide/NeuroGuideApp/NeuroGuideApp/Core/AskNeuroGuide/Models/Bookmark.swift /Users/ammarkhalid/workspace/nureo-guide/NeuroGuideApp/NeuroGuideApp/Core/AskNeuroGuide/Models/ContentFeedback.swift /Users/ammarkhalid/workspace/nureo-guide/NeuroGuideApp/NeuroGuideApp/Core/AskNeuroGuide/Models/ContentLibrary.swift /Users/ammarkhalid/workspace/nureo-guide/NeuroGuideApp/NeuroGuideApp/Core/AskNeuroGuide/Models/ConversationContext.swift /Users/ammarkhalid/workspace/nureo-guide/NeuroGuideApp/NeuroGuideApp/Core/AskNeuroGuide/Models/Question.swift /Users/ammarkhalid/workspace/nureo-guide/NeuroGuideApp/NeuroGuideApp/Core/AskNeuroGuide/Models/SearchHistory.swift /Users/ammarkhalid/workspace/nureo-guide/NeuroGuideApp/NeuroGuideApp/Core/AskNeuroGuide/Models/SearchResult.swift /Users/ammarkhalid/workspace/nureo-guide/NeuroGuideApp/NeuroGuideApp/Core/AskNeuroGuide/Protocols/AskNeuroGuideServices.swift /Users/ammarkhalid/workspace/nureo-guide/NeuroGuideApp/NeuroGuideApp/Core/AskNeuroGuide/Search/FollowUpQuestionGenerator.swift /Users/ammarkhalid/workspace/nureo-guide/NeuroGuideApp/NeuroGuideApp/Core/AskNeuroGuide/Search/RelatedQuestionEngine.swift /Users/ammarkhalid/workspace/nureo-guide/NeuroGuideApp/NeuroGuideApp/Core/AskNeuroGuide/Search/SemanticSearchEngine.swift /Users/ammarkhalid/workspace/nureo-guide/NeuroGuideApp/NeuroGuideApp/Core/AskNeuroGuide/Services/BookmarkManager.swift /Users/ammarkhalid/workspace/nureo-guide/NeuroGuideApp/NeuroGuideApp/Core/AskNeuroGuide/Services/ConversationalSearchManager.swift /Users/ammarkhalid/workspace/nureo-guide/NeuroGuideApp/NeuroGuideApp/Core/AskNeuroGuide/Services/FeedbackManager.swift /Users/ammarkhalid/workspace/nureo-guide/NeuroGuideApp/NeuroGuideApp/Core/AskNeuroGuide/Services/LLMResponseGenerator.swift /Users/ammarkhalid/workspace/nureo-guide/NeuroGuideApp/NeuroGuideApp/Core/AskNeuroGuide/Services/QuestionInputManager.swift /Users/ammarkhalid/workspace/nureo-guide/NeuroGuideApp/NeuroGuideApp/Core/AskNeuroGuide/Services/SearchHistoryManager.swift /Users/ammarkhalid/workspace/nureo-guide/NeuroGuideApp/NeuroGuideApp/Core/AskNeuroGuide/Utilities/ShareHelper.swift /Users/ammarkhalid/workspace/nureo-guide/NeuroGuideApp/NeuroGuideApp/Core/Content/Models/ContentFiltering.swift /Users/ammarkhalid/workspace/nureo-guide/NeuroGuideApp/NeuroGuideApp/Core/Content/Models/ContentItem.swift /Users/ammarkhalid/workspace/nureo-guide/NeuroGuideApp/NeuroGuideApp/Core/Content/Services/ContentFilteringManager.swift /Users/ammarkhalid/workspace/nureo-guide/NeuroGuideApp/NeuroGuideApp/Core/Content/Services/ContentLibraryManager.swift /Users/ammarkhalid/workspace/nureo-guide/NeuroGuideApp/NeuroGuideApp/Core/Content/Services/ContentLibraryService.swift /Users/ammarkhalid/workspace/nureo-guide/NeuroGuideApp/NeuroGuideApp/Core/Content/Services/ContentSearchManager.swift /Users/ammarkhalid/workspace/nureo-guide/NeuroGuideApp/NeuroGuideApp/Core/Design/Components/NGBadge.swift /Users/ammarkhalid/workspace/nureo-guide/NeuroGuideApp/NeuroGuideApp/Core/Design/Components/NGButton.swift /Users/ammarkhalid/workspace/nureo-guide/NeuroGuideApp/NeuroGuideApp/Core/Design/Components/NGCard.swift /Users/ammarkhalid/workspace/nureo-guide/NeuroGuideApp/NeuroGuideApp/Core/Design/Components/NGTextField.swift /Users/ammarkhalid/workspace/nureo-guide/NeuroGuideApp/NeuroGuideApp/Core/Design/Colors.swift /Users/ammarkhalid/workspace/nureo-guide/NeuroGuideApp/NeuroGuideApp/Core/Design/Spacing.swift /Users/ammarkhalid/workspace/nureo-guide/NeuroGuideApp/NeuroGuideApp/Core/Design/ThemeManager.swift /Users/ammarkhalid/workspace/nureo-guide/NeuroGuideApp/NeuroGuideApp/Core/Design/Typography.swift /Users/ammarkhalid/workspace/nureo-guide/NeuroGuideApp/NeuroGuideApp/Core/Emotion/Models/ConfidenceLevel.swift /Users/ammarkhalid/workspace/nureo-guide/NeuroGuideApp/NeuroGuideApp/Core/Emotion/Models/EmotionConsentStatus.swift /Users/ammarkhalid/workspace/nureo-guide/NeuroGuideApp/NeuroGuideApp/Core/Emotion/Models/EmotionExpressionProfile.swift /Users/ammarkhalid/workspace/nureo-guide/NeuroGuideApp/NeuroGuideApp/Core/Emotion/Models/EmotionState.swift /Users/ammarkhalid/workspace/nureo-guide/NeuroGuideApp/NeuroGuideApp/Core/Emotion/Models/ValidationRecord.swift /Users/ammarkhalid/workspace/nureo-guide/NeuroGuideApp/NeuroGuideApp/Core/Emotion/Protocols/EmotionServices.swift /Users/ammarkhalid/workspace/nureo-guide/NeuroGuideApp/NeuroGuideApp/Core/Emotion/Services/EmotionInterfaceManager.swift /Users/ammarkhalid/workspace/nureo-guide/NeuroGuideApp/NeuroGuideApp/Core/Emotion/Services/EmotionProfileManager.swift /Users/ammarkhalid/workspace/nureo-guide/NeuroGuideApp/NeuroGuideApp/Core/Emotion/Services/EmotionStateClassifier.swift /Users/ammarkhalid/workspace/nureo-guide/NeuroGuideApp/NeuroGuideApp/Core/Emotion/Services/ValidationManager.swift /Users/ammarkhalid/workspace/nureo-guide/NeuroGuideApp/NeuroGuideApp/Core/LiveCoach/Models/CoRegulationEvent.swift /Users/ammarkhalid/workspace/nureo-guide/NeuroGuideApp/NeuroGuideApp/Core/LiveCoach/Models/LiveCoachModels.swift /Users/ammarkhalid/workspace/nureo-guide/NeuroGuideApp/NeuroGuideApp/Core/LiveCoach/Models/LiveCoachSession.swift /Users/ammarkhalid/workspace/nureo-guide/NeuroGuideApp/NeuroGuideApp/Core/LiveCoach/Models/ParentStateObservation.swift /Users/ammarkhalid/workspace/nureo-guide/NeuroGuideApp/NeuroGuideApp/Core/LiveCoach/Models/SessionAnalysisResult.swift /Users/ammarkhalid/workspace/nureo-guide/NeuroGuideApp/NeuroGuideApp/Core/LiveCoach/Protocols/LiveCoachService.swift /Users/ammarkhalid/workspace/nureo-guide/NeuroGuideApp/NeuroGuideApp/Core/LiveCoach/Services/AudioAnalyzer.swift /Users/ammarkhalid/workspace/nureo-guide/NeuroGuideApp/NeuroGuideApp/Core/LiveCoach/Services/AudioCaptureService.swift /Users/ammarkhalid/workspace/nureo-guide/NeuroGuideApp/NeuroGuideApp/Core/LiveCoach/Services/CameraCaptureService.swift /Users/ammarkhalid/workspace/nureo-guide/NeuroGuideApp/NeuroGuideApp/Core/LiveCoach/Services/CameraMotionStabilizer.swift /Users/ammarkhalid/workspace/nureo-guide/NeuroGuideApp/NeuroGuideApp/Core/LiveCoach/Services/ChildCameraService.swift /Users/ammarkhalid/workspace/nureo-guide/NeuroGuideApp/NeuroGuideApp/Core/LiveCoach/Services/CoachingEngine.swift /Users/ammarkhalid/workspace/nureo-guide/NeuroGuideApp/NeuroGuideApp/Core/LiveCoach/Services/DualCameraManager.swift /Users/ammarkhalid/workspace/nureo-guide/NeuroGuideApp/NeuroGuideApp/Core/LiveCoach/Services/EnvironmentAnalyzer.swift /Users/ammarkhalid/workspace/nureo-guide/NeuroGuideApp/NeuroGuideApp/Core/LiveCoach/Services/FacialAnalyzer.swift /Users/ammarkhalid/workspace/nureo-guide/NeuroGuideApp/NeuroGuideApp/Core/LiveCoach/Services/LiveCoachMLIntegration.swift /Users/ammarkhalid/workspace/nureo-guide/NeuroGuideApp/NeuroGuideApp/Core/LiveCoach/Services/LiveCoachSessionManager.swift /Users/ammarkhalid/workspace/nureo-guide/NeuroGuideApp/NeuroGuideApp/Core/LiveCoach/Services/LLMCoachingService.swift /Users/ammarkhalid/workspace/nureo-guide/NeuroGuideApp/NeuroGuideApp/Core/LiveCoach/Services/ParentCameraService.swift /Users/ammarkhalid/workspace/nureo-guide/NeuroGuideApp/NeuroGuideApp/Core/LiveCoach/Services/PermissionsManager.swift /Users/ammarkhalid/workspace/nureo-guide/NeuroGuideApp/NeuroGuideApp/Core/LiveCoach/Services/PoseAnalyzer.swift /Users/ammarkhalid/workspace/nureo-guide/NeuroGuideApp/NeuroGuideApp/Core/LiveCoach/Services/SessionHistoryManager.swift /Users/ammarkhalid/workspace/nureo-guide/NeuroGuideApp/NeuroGuideApp/Core/LiveCoach/Services/SessionRecordingManager.swift /Users/ammarkhalid/workspace/nureo-guide/NeuroGuideApp/NeuroGuideApp/Core/LiveCoach/Services/StabilizedBandTracker.swift /Users/ammarkhalid/workspace/nureo-guide/NeuroGuideApp/NeuroGuideApp/Core/LiveCoach/Services/VideoProcessingPipeline.swift /Users/ammarkhalid/workspace/nureo-guide/NeuroGuideApp/NeuroGuideApp/Core/LiveCoach/Utilities/CGImage+PixelBuffer.swift /Users/ammarkhalid/workspace/nureo-guide/NeuroGuideApp/NeuroGuideApp/Core/ML/Detection/FacialExpressionService.swift /Users/ammarkhalid/workspace/nureo-guide/NeuroGuideApp/NeuroGuideApp/Core/ML/Detection/ParentStateDetectionService.swift /Users/ammarkhalid/workspace/nureo-guide/NeuroGuideApp/NeuroGuideApp/Core/ML/Detection/PoseDetectionService.swift /Users/ammarkhalid/workspace/nureo-guide/NeuroGuideApp/NeuroGuideApp/Core/ML/Detection/VocalAffectService.swift /Users/ammarkhalid/workspace/nureo-guide/NeuroGuideApp/NeuroGuideApp/Core/ML/Inference/ArousalBandClassifier.swift /Users/ammarkhalid/workspace/nureo-guide/NeuroGuideApp/NeuroGuideApp/Core/ML/Models/ArousalBand.swift /Users/ammarkhalid/workspace/nureo-guide/NeuroGuideApp/NeuroGuideApp/Core/ML/Models/DeviceInfo.swift /Users/ammarkhalid/workspace/nureo-guide/NeuroGuideApp/NeuroGuideApp/Core/ML/Models/MLModelType.swift /Users/ammarkhalid/workspace/nureo-guide/NeuroGuideApp/NeuroGuideApp/Core/ML/Models/ModelPerformanceMetrics.swift /Users/ammarkhalid/workspace/nureo-guide/NeuroGuideApp/NeuroGuideApp/Core/ML/Models/ModelQuality.swift /Users/ammarkhalid/workspace/nureo-guide/NeuroGuideApp/NeuroGuideApp/Core/ML/Models/ModelRequirements.swift /Users/ammarkhalid/workspace/nureo-guide/NeuroGuideApp/NeuroGuideApp/Core/ML/Models/PrivacyStatus.swift /Users/ammarkhalid/workspace/nureo-guide/NeuroGuideApp/NeuroGuideApp/Core/ML/Monitoring/ModelPerformanceMonitor.swift /Users/ammarkhalid/workspace/nureo-guide/NeuroGuideApp/NeuroGuideApp/Core/ML/Monitoring/PerformanceDashboardView.swift /Users/ammarkhalid/workspace/nureo-guide/NeuroGuideApp/NeuroGuideApp/Core/ML/Monitoring/PerformanceMonitor.swift /Users/ammarkhalid/workspace/nureo-guide/NeuroGuideApp/NeuroGuideApp/Core/ML/Privacy/PrivacyManager.swift /Users/ammarkhalid/workspace/nureo-guide/NeuroGuideApp/NeuroGuideApp/Core/ML/Privacy/PrivacyService.swift /Users/ammarkhalid/workspace/nureo-guide/NeuroGuideApp/NeuroGuideApp/Core/ML/Services/DeviceCapabilityManager.swift /Users/ammarkhalid/workspace/nureo-guide/NeuroGuideApp/NeuroGuideApp/Core/ML/Services/DeviceCapabilityService.swift /Users/ammarkhalid/workspace/nureo-guide/NeuroGuideApp/NeuroGuideApp/Core/ML/Services/MLLifecycleManager.swift /Users/ammarkhalid/workspace/nureo-guide/NeuroGuideApp/NeuroGuideApp/Core/ML/Services/MLModelManager.swift /Users/ammarkhalid/workspace/nureo-guide/NeuroGuideApp/NeuroGuideApp/Core/ML/Services/MLModelService.swift /Users/ammarkhalid/workspace/nureo-guide/NeuroGuideApp/NeuroGuideApp/Core/Models/EmergencyResource.swift /Users/ammarkhalid/workspace/nureo-guide/NeuroGuideApp/NeuroGuideApp/Core/Models/NavigationState.swift /Users/ammarkhalid/workspace/nureo-guide/NeuroGuideApp/NeuroGuideApp/Core/Models/OnboardingPage.swift /Users/ammarkhalid/workspace/nureo-guide/NeuroGuideApp/NeuroGuideApp/Core/Profile/Errors/ProfileError.swift /Users/ammarkhalid/workspace/nureo-guide/NeuroGuideApp/NeuroGuideApp/Core/Profile/Models/AlexithymiaSettings.swift /Users/ammarkhalid/workspace/nureo-guide/NeuroGuideApp/NeuroGuideApp/Core/Profile/Models/BaselineCalibration.swift /Users/ammarkhalid/workspace/nureo-guide/NeuroGuideApp/NeuroGuideApp/Core/Profile/Models/ChildProfile.swift /Users/ammarkhalid/workspace/nureo-guide/NeuroGuideApp/NeuroGuideApp/Core/Profile/Models/CommunicationMode.swift /Users/ammarkhalid/workspace/nureo-guide/NeuroGuideApp/NeuroGuideApp/Core/Profile/Models/CoRegulationHistory.swift /Users/ammarkhalid/workspace/nureo-guide/NeuroGuideApp/NeuroGuideApp/Core/Profile/Models/NeurodivergentDiagnosis.swift /Users/ammarkhalid/workspace/nureo-guide/NeuroGuideApp/NeuroGuideApp/Core/Profile/Models/SensoryPreferences.swift /Users/ammarkhalid/workspace/nureo-guide/NeuroGuideApp/NeuroGuideApp/Core/Profile/Models/Strategy.swift /Users/ammarkhalid/workspace/nureo-guide/NeuroGuideApp/NeuroGuideApp/Core/Profile/Models/Trigger.swift /Users/ammarkhalid/workspace/nureo-guide/NeuroGuideApp/NeuroGuideApp/Core/Profile/Services/BaselineCalibrationService.swift /Users/ammarkhalid/workspace/nureo-guide/NeuroGuideApp/NeuroGuideApp/Core/Profile/Services/ChildProfileManager.swift /Users/ammarkhalid/workspace/nureo-guide/NeuroGuideApp/NeuroGuideApp/Core/Profile/Services/ChildProfileService.swift /Users/ammarkhalid/workspace/nureo-guide/NeuroGuideApp/NeuroGuideApp/Core/Profile/Services/DiagnosisAwareArousalAdjuster.swift /Users/ammarkhalid/workspace/nureo-guide/NeuroGuideApp/NeuroGuideApp/Core/Profile/ViewModels/BaselineCalibrationViewModel.swift /Users/ammarkhalid/workspace/nureo-guide/NeuroGuideApp/NeuroGuideApp/Core/Profile/ViewModels/ProfileCreationViewModel.swift /Users/ammarkhalid/workspace/nureo-guide/NeuroGuideApp/NeuroGuideApp/Core/Security/AppLock/AppLockManager.swift /Users/ammarkhalid/workspace/nureo-guide/NeuroGuideApp/NeuroGuideApp/Core/Security/AppLock/AppLockView.swift /Users/ammarkhalid/workspace/nureo-guide/NeuroGuideApp/NeuroGuideApp/Core/Security/Biometric/BiometricAuthError.swift /Users/ammarkhalid/workspace/nureo-guide/NeuroGuideApp/NeuroGuideApp/Core/Security/Biometric/BiometricAuthManager.swift /Users/ammarkhalid/workspace/nureo-guide/NeuroGuideApp/NeuroGuideApp/Core/Security/Biometric/BiometricAuthService.swift /Users/ammarkhalid/workspace/nureo-guide/NeuroGuideApp/NeuroGuideApp/Core/Security/Encryption/AESEncryptionService.swift /Users/ammarkhalid/workspace/nureo-guide/NeuroGuideApp/NeuroGuideApp/Core/Security/Encryption/EncryptionError.swift /Users/ammarkhalid/workspace/nureo-guide/NeuroGuideApp/NeuroGuideApp/Core/Security/Encryption/EncryptionService.swift /Users/ammarkhalid/workspace/nureo-guide/NeuroGuideApp/NeuroGuideApp/Core/Security/Keychain/KeychainError.swift /Users/ammarkhalid/workspace/nureo-guide/NeuroGuideApp/NeuroGuideApp/Core/Security/Keychain/KeychainManager.swift /Users/ammarkhalid/workspace/nureo-guide/NeuroGuideApp/NeuroGuideApp/Core/Security/Keychain/KeychainService.swift /Users/ammarkhalid/workspace/nureo-guide/NeuroGuideApp/NeuroGuideApp/Core/Security/Storage/SecureStorageManager.swift /Users/ammarkhalid/workspace/nureo-guide/NeuroGuideApp/NeuroGuideApp/Core/Security/Storage/SecureStorageService.swift /Users/ammarkhalid/workspace/nureo-guide/NeuroGuideApp/NeuroGuideApp/Core/Security/Storage/StorageError.swift /Users/ammarkhalid/workspace/nureo-guide/NeuroGuideApp/NeuroGuideApp/Core/Services/LaunchStateManager.swift /Users/ammarkhalid/workspace/nureo-guide/NeuroGuideApp/NeuroGuideApp/Core/Services/NavigationService.swift /Users/ammarkhalid/workspace/nureo-guide/NeuroGuideApp/NeuroGuideApp/Core/Services/SettingsManager.swift /Users/ammarkhalid/workspace/nureo-guide/NeuroGuideApp/NeuroGuideApp/Core/Utilities/AccessibilityHelper.swift /Users/ammarkhalid/workspace/nureo-guide/NeuroGuideApp/NeuroGuideApp/Features/About/Views/AboutView.swift /Users/ammarkhalid/workspace/nureo-guide/NeuroGuideApp/NeuroGuideApp/Features/About/Views/LegalView.swift /Users/ammarkhalid/workspace/nureo-guide/NeuroGuideApp/NeuroGuideApp/Features/AskNeuroGuide/Components/CredibilityBadge.swift /Users/ammarkhalid/workspace/nureo-guide/NeuroGuideApp/NeuroGuideApp/Features/AskNeuroGuide/Components/FeedbackButtons.swift /Users/ammarkhalid/workspace/nureo-guide/NeuroGuideApp/NeuroGuideApp/Features/AskNeuroGuide/Components/RelatedQuestionsView.swift /Users/ammarkhalid/workspace/nureo-guide/NeuroGuideApp/NeuroGuideApp/Features/AskNeuroGuide/Components/ShareSheet.swift /Users/ammarkhalid/workspace/nureo-guide/NeuroGuideApp/NeuroGuideApp/Features/AskNeuroGuide/Components/SourceDetailsSheet.swift /Users/ammarkhalid/workspace/nureo-guide/NeuroGuideApp/NeuroGuideApp/Features/AskNeuroGuide/Components/SuggestedQuestionsView.swift /Users/ammarkhalid/workspace/nureo-guide/NeuroGuideApp/NeuroGuideApp/Features/AskNeuroGuide/Views/BookmarksView.swift /Users/ammarkhalid/workspace/nureo-guide/NeuroGuideApp/NeuroGuideApp/Features/AskNeuroGuide/Views/SearchHistoryView.swift /Users/ammarkhalid/workspace/nureo-guide/NeuroGuideApp/NeuroGuideApp/Features/AskNeuroGuide/AskNeuroGuideView.swift /Users/ammarkhalid/workspace/nureo-guide/NeuroGuideApp/NeuroGuideApp/Features/AskNeuroGuide/AskNeuroGuideViewModel.swift /Users/ammarkhalid/workspace/nureo-guide/NeuroGuideApp/NeuroGuideApp/Features/EmergencyResources/Views/EmergencyResourcesView.swift /Users/ammarkhalid/workspace/nureo-guide/NeuroGuideApp/NeuroGuideApp/Features/Emotion/Components/EmotionStateCard.swift /Users/ammarkhalid/workspace/nureo-guide/NeuroGuideApp/NeuroGuideApp/Features/Emotion/Components/ModelCardView.swift /Users/ammarkhalid/workspace/nureo-guide/NeuroGuideApp/NeuroGuideApp/Features/Emotion/EmotionOptInView.swift /Users/ammarkhalid/workspace/nureo-guide/NeuroGuideApp/NeuroGuideApp/Features/Emotion/EmotionProfileSetupView.swift /Users/ammarkhalid/workspace/nureo-guide/NeuroGuideApp/NeuroGuideApp/Features/Emotion/EmotionValidationView.swift /Users/ammarkhalid/workspace/nureo-guide/NeuroGuideApp/NeuroGuideApp/Features/Help/Models/HelpArticle.swift /Users/ammarkhalid/workspace/nureo-guide/NeuroGuideApp/NeuroGuideApp/Features/Help/Views/HelpView.swift /Users/ammarkhalid/workspace/nureo-guide/NeuroGuideApp/NeuroGuideApp/Features/Home/ViewModels/HomeViewModel.swift /Users/ammarkhalid/workspace/nureo-guide/NeuroGuideApp/NeuroGuideApp/Features/Home/Views/EmergencyAccessButton.swift /Users/ammarkhalid/workspace/nureo-guide/NeuroGuideApp/NeuroGuideApp/Features/Home/Views/FeatureCardView.swift /Users/ammarkhalid/workspace/nureo-guide/NeuroGuideApp/NeuroGuideApp/Features/Home/Views/HomeView.swift /Users/ammarkhalid/workspace/nureo-guide/NeuroGuideApp/NeuroGuideApp/Features/Home/Views/ProfileSummaryView.swift /Users/ammarkhalid/workspace/nureo-guide/NeuroGuideApp/NeuroGuideApp/Features/LaunchScreen/LaunchScreenView.swift /Users/ammarkhalid/workspace/nureo-guide/NeuroGuideApp/NeuroGuideApp/Features/LiveCoach/Components/ArousalTimelineGraphView.swift /Users/ammarkhalid/workspace/nureo-guide/NeuroGuideApp/NeuroGuideApp/Features/LiveCoach/Components/BehaviorSpectrumView.swift /Users/ammarkhalid/workspace/nureo-guide/NeuroGuideApp/NeuroGuideApp/Features/LiveCoach/Components/CameraPreviewView.swift /Users/ammarkhalid/workspace/nureo-guide/NeuroGuideApp/NeuroGuideApp/Features/LiveCoach/Components/CameraStabilityIndicator.swift /Users/ammarkhalid/workspace/nureo-guide/NeuroGuideApp/NeuroGuideApp/Features/LiveCoach/Components/DegradedModeView.swift /Users/ammarkhalid/workspace/nureo-guide/NeuroGuideApp/NeuroGuideApp/Features/LiveCoach/Components/DualCameraPreviewView.swift /Users/ammarkhalid/workspace/nureo-guide/NeuroGuideApp/NeuroGuideApp/Features/LiveCoach/Components/ParentEmotionSummaryView.swift /Users/ammarkhalid/workspace/nureo-guide/NeuroGuideApp/NeuroGuideApp/Features/LiveCoach/Views/AmbientArousalIndicator.swift /Users/ammarkhalid/workspace/nureo-guide/NeuroGuideApp/NeuroGuideApp/Features/LiveCoach/Views/CoRegulationCelebrationView.swift /Users/ammarkhalid/workspace/nureo-guide/NeuroGuideApp/NeuroGuideApp/Features/LiveCoach/Views/CoRegulationSummaryCard.swift /Users/ammarkhalid/workspace/nureo-guide/NeuroGuideApp/NeuroGuideApp/Features/LiveCoach/Views/StabilizedBandDisplay.swift /Users/ammarkhalid/workspace/nureo-guide/NeuroGuideApp/NeuroGuideApp/Features/LiveCoach/LiveCoachView.swift /Users/ammarkhalid/workspace/nureo-guide/NeuroGuideApp/NeuroGuideApp/Features/LiveCoach/LiveCoachViewModel.swift /Users/ammarkhalid/workspace/nureo-guide/NeuroGuideApp/NeuroGuideApp/Features/Onboarding/ViewModels/OnboardingViewModel.swift /Users/ammarkhalid/workspace/nureo-guide/NeuroGuideApp/NeuroGuideApp/Features/Onboarding/Views/OnboardingPageView.swift /Users/ammarkhalid/workspace/nureo-guide/NeuroGuideApp/NeuroGuideApp/Features/Onboarding/Views/OnboardingProgressView.swift /Users/ammarkhalid/workspace/nureo-guide/NeuroGuideApp/NeuroGuideApp/Features/Onboarding/Views/OnboardingView.swift /Users/ammarkhalid/workspace/nureo-guide/NeuroGuideApp/NeuroGuideApp/Features/Profile/Components/AddStrategySheet.swift /Users/ammarkhalid/workspace/nureo-guide/NeuroGuideApp/NeuroGuideApp/Features/Profile/Components/AddTriggerSheet.swift /Users/ammarkhalid/workspace/nureo-guide/NeuroGuideApp/NeuroGuideApp/Features/Profile/Components/CommunicationModeRow.swift /Users/ammarkhalid/workspace/nureo-guide/NeuroGuideApp/NeuroGuideApp/Features/Profile/Components/ProfilePhotoPickerView.swift /Users/ammarkhalid/workspace/nureo-guide/NeuroGuideApp/NeuroGuideApp/Features/Profile/Components/SensoryProfileRow.swift /Users/ammarkhalid/workspace/nureo-guide/NeuroGuideApp/NeuroGuideApp/Features/Profile/Components/StarsView.swift /Users/ammarkhalid/workspace/nureo-guide/NeuroGuideApp/NeuroGuideApp/Features/Profile/Components/StrategyRow.swift /Users/ammarkhalid/workspace/nureo-guide/NeuroGuideApp/NeuroGuideApp/Features/Profile/Components/TriggerRow.swift /Users/ammarkhalid/workspace/nureo-guide/NeuroGuideApp/NeuroGuideApp/Features/Profile/ViewModels/ProfileDetailViewModel.swift /Users/ammarkhalid/workspace/nureo-guide/NeuroGuideApp/NeuroGuideApp/Features/Profile/Views/ProfileCreationWizard/Components/ColorPickerView.swift /Users/ammarkhalid/workspace/nureo-guide/NeuroGuideApp/NeuroGuideApp/Features/Profile/Views/ProfileCreationWizard/BasicInfoStepView.swift /Users/ammarkhalid/workspace/nureo-guide/NeuroGuideApp/NeuroGuideApp/Features/Profile/Views/ProfileCreationWizard/CalibrationStepView.swift /Users/ammarkhalid/workspace/nureo-guide/NeuroGuideApp/NeuroGuideApp/Features/Profile/Views/ProfileCreationWizard/CommunicationStepView.swift /Users/ammarkhalid/workspace/nureo-guide/NeuroGuideApp/NeuroGuideApp/Features/Profile/Views/ProfileCreationWizard/DiagnosisStepView.swift /Users/ammarkhalid/workspace/nureo-guide/NeuroGuideApp/NeuroGuideApp/Features/Profile/Views/ProfileCreationWizard/ProfileCreationWizardView.swift /Users/ammarkhalid/workspace/nureo-guide/NeuroGuideApp/NeuroGuideApp/Features/Profile/Views/ProfileCreationWizard/SensoryPreferencesStepView.swift /Users/ammarkhalid/workspace/nureo-guide/NeuroGuideApp/NeuroGuideApp/Features/Profile/Views/ProfileCreationWizard/TriggersStepView.swift /Users/ammarkhalid/workspace/nureo-guide/NeuroGuideApp/NeuroGuideApp/Features/Profile/Views/ProfileDetail/ProfileDetailView.swift /Users/ammarkhalid/workspace/nureo-guide/NeuroGuideApp/NeuroGuideApp/Features/Profile/Views/CalibrationWizardView.swift /Users/ammarkhalid/workspace/nureo-guide/NeuroGuideApp/NeuroGuideApp/Features/SessionHistory/SessionHistoryListView.swift /Users/ammarkhalid/workspace/nureo-guide/NeuroGuideApp/NeuroGuideApp/Features/SessionHistory/SessionReportDetailView.swift /Users/ammarkhalid/workspace/nureo-guide/NeuroGuideApp/NeuroGuideApp/Features/Settings/Views/AccessibilitySettingsView.swift /Users/ammarkhalid/workspace/nureo-guide/NeuroGuideApp/NeuroGuideApp/Features/Settings/Views/AppearanceSettingsView.swift /Users/ammarkhalid/workspace/nureo-guide/NeuroGuideApp/NeuroGuideApp/Features/Settings/Views/LiveCoachSettingsView.swift /Users/ammarkhalid/workspace/nureo-guide/NeuroGuideApp/NeuroGuideApp/Features/Settings/Views/NotificationsSettingsView.swift /Users/ammarkhalid/workspace/nureo-guide/NeuroGuideApp/NeuroGuideApp/Features/Settings/Views/PrivacyDataSettingsView.swift /Users/ammarkhalid/workspace/nureo-guide/NeuroGuideApp/NeuroGuideApp/Features/Settings/Views/SettingsView.swift /Users/ammarkhalid/workspace/nureo-guide/NeuroGuideApp/NeuroGuideApp/Features/Support/Views/SupportView.swift /Users/ammarkhalid/workspace/nureo-guide/NeuroGuideApp/NeuroGuideApp/Features/Welcome/ViewModels/WelcomeViewModel.swift /Users/ammarkhalid/workspace/nureo-guide/NeuroGuideApp/NeuroGuideApp/Features/Welcome/Views/WelcomeView.swift /Users/ammarkhalid/workspace/nureo-guide/NeuroGuideApp/NeuroGuideApp/Shared/ViewModifiers/AccessibleCard.swift /Users/ammarkhalid/workspace/nureo-guide/NeuroGuideApp/NeuroGuideApp/Shared/ViewModifiers/OneHandedLayout.swift /Users/ammarkhalid/Library/Developer/Xcode/DerivedData/NeuroGuideApp-ewcvprgdglbcooackdjxjupgqkav/Build/Intermediates.noindex/NeuroGuideApp.build/Release-iphonesimulator/NeuroGuideApp.build/DerivedSources/GeneratedAssetSymbols.swift /Applications/Xcode.app/Contents/Developer/Toolchains/XcodeDefault.xctoolchain/usr/lib/swift/iphonesimulator/prebuilt-modules/26.0/Foundation.swiftmodule/arm64-apple-ios-simulator.swiftmodule /Applications/Xcode.app/Contents/Developer/Toolchains/XcodeDefault.xctoolchain/usr/lib/swift/iphonesimulator/prebuilt-modules/26.0/Spatial.swiftmodule/arm64-apple-ios-simulator.swiftmodule /Applications/Xcode.app/Contents/Developer/Toolchains/XcodeDefault.xctoolchain/usr/lib/swift/iphonesimulator/prebuilt-modules/26.0/Observation.swiftmodule/arm64-apple-ios-simulator.swiftmodule /Applications/Xcode.app/Contents/Developer/Toolchains/XcodeDefault.xctoolchain/usr/lib/swift/iphonesimulator/prebuilt-modules/26.0/_DarwinFoundation1.swiftmodule/arm64-apple-ios-simulator.swiftmodule /Applications/Xcode.app/Contents/Developer/Toolchains/XcodeDefault.xctoolchain/usr/lib/swift/iphonesimulator/prebuilt-modules/26.0/Distributed.swiftmodule/arm64-apple-ios-simulator.swiftmodule /Applications/Xcode.app/Contents/Developer/Toolchains/XcodeDefault.xctoolchain/usr/lib/swift/iphonesimulator/prebuilt-modules/26.0/UIKit.swiftmodule/arm64-apple-ios-simulator.swiftmodule /Applications/Xcode.app/Contents/Developer/Toolchains/XcodeDefault.xctoolchain/usr/lib/swift/iphonesimulator/prebuilt-modules/26.0/ObjectiveC.swiftmodule/arm64-apple-ios-simulator.swiftmodule /Applications/Xcode.app/Contents/Developer/Toolchains/XcodeDefault.xctoolchain/usr/lib/swift/iphonesimulator/prebuilt-modules/26.0/Network.swiftmodule/arm64-apple-ios-simulator.swiftmodule /Applications/Xcode.app/Contents/Developer/Toolchains/XcodeDefault.xctoolchain/usr/lib/swift/iphonesimulator/prebuilt-modules/26.0/DataDetection.swiftmodule/arm64-apple-ios-simulator.swiftmodule /Applications/Xcode.app/Contents/Developer/Toolchains/XcodeDefault.xctoolchain/usr/lib/swift/iphonesimulator/prebuilt-modules/26.0/Accessibility.swiftmodule/arm64-apple-ios-simulator.swiftmodule /Applications/Xcode.app/Contents/Developer/Toolchains/XcodeDefault.xctoolchain/usr/lib/swift/iphonesimulator/prebuilt-modules/26.0/System.swiftmodule/arm64-apple-ios-simulator.swiftmodule /Applications/Xcode.app/Contents/Developer/Toolchains/XcodeDefault.xctoolchain/usr/lib/swift/iphonesimulator/prebuilt-modules/26.0/DeveloperToolsSupport.swiftmodule/arm64-apple-ios-simulator.swiftmodule /Applications/Xcode.app/Contents/Developer/Toolchains/XcodeDefault.xctoolchain/usr/lib/swift/iphonesimulator/prebuilt-modules/26.0/XPC.swiftmodule/arm64-apple-ios-simulator.swiftmodule /Applications/Xcode.app/Contents/Developer/Toolchains/XcodeDefault.xctoolchain/usr/lib/swift/iphonesimulator/prebuilt-modules/26.0/Accelerate.swiftmodule/arm64-apple-ios-simulator.swiftmodule /Applications/Xcode.app/Contents/Developer/Toolchains/XcodeDefault.xctoolchain/usr/lib/swift/iphonesimulator/prebuilt-modules/26.0/Vision.swiftmodule/arm64-apple-ios-simulator.swiftmodule /Applications/Xcode.app/Contents/Developer/Toolchains/XcodeDefault.xctoolchain/usr/lib/swift/iphonesimulator/prebuilt-modules/26.0/Dispatch.swiftmodule/arm64-apple-ios-simulator.swiftmodule /Applications/Xcode.app/Contents/Developer/Toolchains/XcodeDefault.xctoolchain/usr/lib/swift/iphonesimulator/prebuilt-modules/26.0/QuartzCore.swiftmodule/arm64-apple-ios-simulator.swiftmodule /Applications/Xcode.app/Contents/Developer/Toolchains/XcodeDefault.xctoolchain/usr/lib/swift/iphonesimulator/prebuilt-modules/26.0/Symbols.swiftmodule/arm64-apple-ios-simulator.swiftmodule /Applications/Xcode.app/Contents/Developer/Toolchains/XcodeDefault.xctoolchain/usr/lib/swift/iphonesimulator/prebuilt-modules/26.0/Swift.swiftmodule/arm64-apple-ios-simulator.swiftmodule /Applications/Xcode.app/Contents/Developer/Toolchains/XcodeDefault.xctoolchain/usr/lib/swift/iphonesimulator/prebuilt-modules/26.0/OSLog.swiftmodule/arm64-apple-ios-simulator.swiftmodule /Applications/Xcode.app/Contents/Developer/Toolchains/XcodeDefault.xctoolchain/usr/lib/swift/iphonesimulator/prebuilt-modules/26.0/AVFAudio.swiftmodule/arm64-apple-ios-simulator.swiftmodule /Applications/Xcode.app/Contents/Developer/Toolchains/XcodeDefault.xctoolchain/usr/lib/swift/iphonesimulator/prebuilt-modules/26.0/Photos.swiftmodule/arm64-apple-ios-simulator.swiftmodule /Applications/Xcode.app/Contents/Developer/Toolchains/XcodeDefault.xctoolchain/usr/lib/swift/iphonesimulator/prebuilt-modules/26.0/VideoToolbox.swiftmodule/arm64-apple-ios-simulator.swiftmodule /Applications/Xcode.app/Contents/Developer/Toolchains/XcodeDefault.xctoolchain/usr/lib/swift/iphonesimulator/prebuilt-modules/26.0/_DarwinFoundation2.swiftmodule/arm64-apple-ios-simulator.swiftmodule /Applications/Xcode.app/Contents/Developer/Toolchains/XcodeDefault.xctoolchain/usr/lib/swift/iphonesimulator/prebuilt-modules/26.0/NaturalLanguage.swiftmodule/arm64-apple-ios-simulator.swiftmodule /Applications/Xcode.app/Contents/Developer/Toolchains/XcodeDefault.xctoolchain/usr/lib/swift/iphonesimulator/prebuilt-modules/26.0/_StringProcessing.swiftmodule/arm64-apple-ios-simulator.swiftmodule /Applications/Xcode.app/Contents/Developer/Toolchains/XcodeDefault.xctoolchain/usr/lib/swift/iphonesimulator/prebuilt-modules/26.0/simd.swiftmodule/arm64-apple-ios-simulator.swiftmodule /Applications/Xcode.app/Contents/Developer/Toolchains/XcodeDefault.xctoolchain/usr/lib/swift/iphonesimulator/prebuilt-modules/26.0/SwiftUICore.swiftmodule/arm64-apple-ios-simulator.swiftmodule /Applications/Xcode.app/Contents/Developer/Toolchains/XcodeDefault.xctoolchain/usr/lib/swift/iphonesimulator/prebuilt-modules/26.0/CryptoKit.swiftmodule/arm64-apple-ios-simulator.swiftmodule /Applications/Xcode.app/Contents/Developer/Toolchains/XcodeDefault.xctoolchain/usr/lib/swift/iphonesimulator/prebuilt-modules/26.0/Combine.swiftmodule/arm64-apple-ios-simulator.swiftmodule /Applications/Xcode.app/Contents/Developer/Toolchains/XcodeDefault.xctoolchain/usr/lib/swift/iphonesimulator/prebuilt-modules/26.0/Metal.swiftmodule/arm64-apple-ios-simulator.swiftmodule /Applications/Xcode.app/Contents/Developer/Toolchains/XcodeDefault.xctoolchain/usr/lib/swift/iphonesimulator/prebuilt-modules/26.0/CoreData.swiftmodule/arm64-apple-ios-simulator.swiftmodule /Applications/Xcode.app/Contents/Developer/Toolchains/XcodeDefault.xctoolchain/usr/lib/swift/iphonesimulator/prebuilt-modules/26.0/Darwin.swiftmodule/arm64-apple-ios-simulator.swiftmodule /Applications/Xcode.app/Contents/Developer/Toolchains/XcodeDefault.xctoolchain/usr/lib/swift/iphonesimulator/prebuilt-modules/26.0/CoreLocation.swiftmodule/arm64-apple-ios-simulator.swiftmodule /Applications/Xcode.app/Contents/Developer/Toolchains/XcodeDefault.xctoolchain/usr/lib/swift/iphonesimulator/prebuilt-modules/26.0/CoreAudio.swiftmodule/arm64-apple-ios-simulator.swiftmodule /Applications/Xcode.app/Contents/Developer/Toolchains/XcodeDefault.xctoolchain/usr/lib/swift/iphonesimulator/prebuilt-modules/26.0/AudioToolbox.swiftmodule/arm64-apple-ios-simulator.swiftmodule /Applications/Xcode.app/Contents/Developer/Toolchains/XcodeDefault.xctoolchain/usr/lib/swift/iphonesimulator/prebuilt-modules/26.0/CoreMIDI.swiftmodule/arm64-apple-ios-simulator.swiftmodule /Applications/Xcode.app/Contents/Developer/Toolchains/XcodeDefault.xctoolchain/usr/lib/swift/iphonesimulator/prebuilt-modules/26.0/Speech.swiftmodule/arm64-apple-ios-simulator.swiftmodule /Applications/Xcode.app/Contents/Developer/Toolchains/XcodeDefault.xctoolchain/usr/lib/swift/iphonesimulator/prebuilt-modules/26.0/CoreVideo.swiftmodule/arm64-apple-ios-simulator.swiftmodule /Applications/Xcode.app/Contents/Developer/Toolchains/XcodeDefault.xctoolchain/usr/lib/swift/iphonesimulator/prebuilt-modules/26.0/CoreImage.swiftmodule/arm64-apple-ios-simulator.swiftmodule /Applications/Xcode.app/Contents/Developer/Toolchains/XcodeDefault.xctoolchain/usr/lib/swift/iphonesimulator/prebuilt-modules/26.0/CoreTransferable.swiftmodule/arm64-apple-ios-simulator.swiftmodule /Applications/Xcode.app/Contents/Developer/Toolchains/XcodeDefault.xctoolchain/usr/lib/swift/iphonesimulator/prebuilt-modules/26.0/Synchronization.swiftmodule/arm64-apple-ios-simulator.swiftmodule /Applications/Xcode.app/Contents/Developer/Toolchains/XcodeDefault.xctoolchain/usr/lib/swift/iphonesimulator/prebuilt-modules/26.0/_DarwinFoundation3.swiftmodule/arm64-apple-ios-simulator.swiftmodule /Applications/Xcode.app/Contents/Developer/Toolchains/XcodeDefault.xctoolchain/usr/lib/swift/iphonesimulator/prebuilt-modules/26.0/LocalAuthentication.swiftmodule/arm64-apple-ios-simulator.swiftmodule /Applications/Xcode.app/Contents/Developer/Toolchains/XcodeDefault.xctoolchain/usr/lib/swift/iphonesimulator/prebuilt-modules/26.0/SwiftUI.swiftmodule/arm64-apple-ios-simulator.swiftmodule /Applications/Xcode.app/Contents/Developer/Toolchains/XcodeDefault.xctoolchain/usr/lib/swift/iphonesimulator/prebuilt-modules/26.0/PhotosUI.swiftmodule/arm64-apple-ios-simulator.swiftmodule /Applications/Xcode.app/Contents/Developer/Toolchains/XcodeDefault.xctoolchain/usr/lib/swift/iphonesimulator/prebuilt-modules/26.0/CoreML.swiftmodule/arm64-apple-ios-simulator.swiftmodule /Applications/Xcode.app/Contents/Developer/Toolchains/XcodeDefault.xctoolchain/usr/lib/swift/iphonesimulator/prebuilt-modules/26.0/os.swiftmodule/arm64-apple-ios-simulator.swiftmodule /Applications/Xcode.app/Contents/Developer/Toolchains/XcodeDefault.xctoolchain/usr/lib/swift/iphonesimulator/prebuilt-modules/26.0/CoreGraphics.swiftmodule/arm64-apple-ios-simulator.swiftmodule /Applications/Xcode.app/Contents/Developer/Toolchains/XcodeDefault.xctoolchain/usr/lib/swift/iphonesimulator/prebuilt-modules/26.0/_Concurrency.swiftmodule/arm64-apple-ios-simulator.swiftmodule /Applications/Xcode.app/Contents/Developer/Toolchains/XcodeDefault.xctoolchain/usr/lib/swift/iphonesimulator/prebuilt-modules/26.0/CoreFoundation.swiftmodule/arm64-apple-ios-simulator.swiftmodule /Applications/Xcode.app/Contents/Developer/Toolchains/XcodeDefault.xctoolchain/usr/lib/swift/iphonesimulator/prebuilt-modules/26.0/AVFoundation.swiftmodule/arm64-apple-ios-simulator.swiftmodule /Applications/Xcode.app/Contents/Developer/Toolchains/XcodeDefault.xctoolchain/usr/lib/swift/iphonesimulator/prebuilt-modules/26.0/CoreText.swiftmodule/arm64-apple-ios-simulator.swiftmodule /Applications/Xcode.app/Contents/Developer/Toolchains/XcodeDefault.xctoolchain/usr/lib/swift/iphonesimulator/prebuilt-modules/26.0/MessageUI.swiftmodule/arm64-apple-ios-simulator.swiftmodule /Applications/Xcode.app/Contents/Developer/Toolchains/XcodeDefault.xctoolchain/usr/lib/swift/iphonesimulator/prebuilt-modules/26.0/FileProvider.swiftmodule/arm64-apple-ios-simulator.swiftmodule /Applications/Xcode.app/Contents/Developer/Toolchains/XcodeDefault.xctoolchain/usr/lib/swift/iphonesimulator/prebuilt-modules/26.0/CoreMedia.swiftmodule/arm64-apple-ios-simulator.swiftmodule /Applications/Xcode.app/Contents/Developer/Toolchains/XcodeDefault.xctoolchain/usr/lib/swift/iphonesimulator/prebuilt-modules/26.0/UniformTypeIdentifiers.swiftmodule/arm64-apple-ios-simulator.swiftmodule /Applications/Xcode.app/Contents/Developer/Toolchains/XcodeDefault.xctoolchain/usr/lib/swift/iphonesimulator/prebuilt-modules/26.0/_PhotosUI_SwiftUI.swiftmodule/arm64-apple-ios-simulator.swiftmodule /Applications/Xcode.app/Contents/Developer/Toolchains/XcodeDefault.xctoolchain/usr/lib/swift/iphonesimulator/prebuilt-modules/26.0/_Builtin_float.swiftmodule/arm64-apple-ios-simulator.swiftmodule /Applications/Xcode.app/Contents/Developer/Toolchains/XcodeDefault.xctoolchain/usr/lib/swift/iphonesimulator/prebuilt-modules/26.0/SwiftOnoneSupport.swiftmodule/arm64-apple-ios-simulator.swiftmodule /Users/ammarkhalid/Library/Developer/Xcode/DerivedData/ModuleCache.noindex/CoreAudioTypes-2QLGJLCC8NJJ9DWWH58U1TVH1.pcm /Users/ammarkhalid/Library/Developer/Xcode/DerivedData/ModuleCache.noindex/LocalAuthentication-6VSVLB8C3SD6KT5AXLODFPXC2.pcm /Users/ammarkhalid/Library/Developer/Xcode/DerivedData/ModuleCache.noindex/Darwin-B5URWM155KFUICX0X5FQJ44PV.pcm /Users/ammarkhalid/Library/Developer/Xcode/DerivedData/ModuleCache.noindex/CoreLocation-39SCZSH90D6FSP4YRCXI6AWQO.pcm /Users/ammarkhalid/Library/Developer/Xcode/DerivedData/ModuleCache.noindex/ptrauth-5AJF5NIPX2X0VP5MAUZS9V2AW.pcm /Users/ammarkhalid/Library/Developer/Xcode/DerivedData/ModuleCache.noindex/CoreFoundation-EKY0RLM03ZTA44NCFP0Y1Z95X.pcm /Users/ammarkhalid/Library/Developer/Xcode/DerivedData/ModuleCache.noindex/VideoToolbox-58TZBGMYD5OAVA3KK17JH4F7Y.pcm /Users/ammarkhalid/Library/Developer/Xcode/DerivedData/ModuleCache.noindex/ObjectiveC-1QJ5P9UQ91CCGERYLV1QR76V3.pcm /Users/ammarkhalid/Library/Developer/Xcode/DerivedData/ModuleCache.noindex/Dispatch-4GLK1LX97FRUG0F8BEEX2KM6U.pcm /Users/ammarkhalid/Library/Developer/Xcode/DerivedData/ModuleCache.noindex/AVRouting-7R2Y0IKL8QASVI5PJ61UOKG4Z.pcm /Users/ammarkhalid/Library/Developer/Xcode/DerivedData/ModuleCache.noindex/UIKit-4MF2NHXMNWJWNW56Q6Q6JJ4W6.pcm /Users/ammarkhalid/Library/Developer/Xcode/DerivedData/ModuleCache.noindex/IOSurface-884TYET72QC4F5IH85IXEY6YO.pcm /Users/ammarkhalid/Library/Developer/Xcode/DerivedData/ModuleCache.noindex/MediaToolbox-9JUF3VHR54M2TO89RWBT3UL5P.pcm /Users/ammarkhalid/Library/Developer/Xcode/DerivedData/ModuleCache.noindex/CoreMIDI-4WDL11NO02R1ILPV6NJNC4MHZ.pcm /Users/ammarkhalid/Library/Developer/Xcode/DerivedData/ModuleCache.noindex/Accelerate-5QAR80L8E48V9RPB9F8F7OR7C.pcm /Users/ammarkhalid/Library/Developer/Xcode/DerivedData/ModuleCache.noindex/_Builtin_stdatomic-94QPXIUUI7RINI68MNY3T1VKS.pcm /Users/ammarkhalid/Library/Developer/Xcode/DerivedData/ModuleCache.noindex/_Builtin_inttypes-2AXD9F7XE3OOOTKDJ5F8NVXSF.pcm /Users/ammarkhalid/Library/Developer/Xcode/DerivedData/ModuleCache.noindex/CoreVideo-A3B4CJRS8096KOQTOLB3H90CC.pcm /Users/ammarkhalid/Library/Developer/Xcode/DerivedData/ModuleCache.noindex/AVFoundation-F4I975WYYUGGL45J0RIBJ0DV9.pcm /Users/ammarkhalid/Library/Developer/Xcode/DerivedData/ModuleCache.noindex/Security-9W6V3YF5F7GH7MP0U32Y4BU8U.pcm /Users/ammarkhalid/Library/Developer/Xcode/DerivedData/ModuleCache.noindex/Metal-EIA6DT0SFZ7BQ8LDWID4LMRMJ.pcm /Users/ammarkhalid/Library/Developer/Xcode/DerivedData/ModuleCache.noindex/AudioToolbox-DC5D6S87PYXLLM0CG46EQATSN.pcm /Users/ammarkhalid/Library/Developer/Xcode/DerivedData/ModuleCache.noindex/_Builtin_tgmath-CI881XKLEC4AZW2TDZEFS18GE.pcm /Users/ammarkhalid/Library/Developer/Xcode/DerivedData/ModuleCache.noindex/UserNotifications-4ZLINSHA9DL8FQ4H10BUWJ5D2.pcm /Users/ammarkhalid/Library/Developer/Xcode/DerivedData/ModuleCache.noindex/dnssd-2WC47DVIMGNI98DWNZY1V6SCR.pcm /Users/ammarkhalid/Library/Developer/Xcode/DerivedData/ModuleCache.noindex/UniformTypeIdentifiers-5LZ1L3WMYBOZA8731Q2NNFY94.pcm /Users/ammarkhalid/Library/Developer/Xcode/DerivedData/ModuleCache.noindex/XPC-1MVHFAE145KEWJAIG7DGW8KVM.pcm /Users/ammarkhalid/Library/Developer/Xcode/DerivedData/ModuleCache.noindex/CoreGraphics-AE4TJV27STSTBP0RXRO5QQOVO.pcm /Users/ammarkhalid/Library/Developer/Xcode/DerivedData/ModuleCache.noindex/AVFAudio-76SXMFCMNVONVAEBTND2Y87B3.pcm /Users/ammarkhalid/Library/Developer/Xcode/DerivedData/ModuleCache.noindex/OSLog-BS8PEC46EV0803NTSKCI5E4CJ.pcm /Users/ammarkhalid/Library/Developer/Xcode/DerivedData/ModuleCache.noindex/_Builtin_stddef-4NNNRGQXOXL5UTV065QTXDK0G.pcm /Users/ammarkhalid/Library/Developer/Xcode/DerivedData/ModuleCache.noindex/_Builtin_stdarg-53BWO1IMP30088N8OCXLKZG81.pcm /Users/ammarkhalid/Library/Developer/Xcode/DerivedData/ModuleCache.noindex/_Builtin_intrinsics-2MEVZWNK3J2OOQ68I5UTKV6ED.pcm /Users/ammarkhalid/Library/Developer/Xcode/DerivedData/ModuleCache.noindex/Symbols-8DBSVY5M6YR46XGWKXNNIYPJP.pcm /Users/ammarkhalid/Library/Developer/Xcode/DerivedData/ModuleCache.noindex/CoreAudio-CQ4R93UFXL15GDJQL2275G32Y.pcm /Users/ammarkhalid/Library/Developer/Xcode/DerivedData/ModuleCache.noindex/_SwiftConcurrencyShims-24L8Q33YZVC560BFU3TC60CY.pcm /Users/ammarkhalid/Library/Developer/Xcode/DerivedData/ModuleCache.noindex/SwiftShims-96RZABEJ3I4OTVKZS133TKZPT.pcm /Users/ammarkhalid/Library/Developer/Xcode/DerivedData/ModuleCache.noindex/_Builtin_float-8RRJRT1F7MXN13VGL4M7RR9LX.pcm /Users/ammarkhalid/Library/Developer/Xcode/DerivedData/ModuleCache.noindex/ptrcheck-8LRUA8HB4SXGDYQGM46GJ9PV3.pcm /Users/ammarkhalid/Library/Developer/Xcode/DerivedData/ModuleCache.noindex/CoreML-C8TH96EF52I2FDLR6SA3EDMEB.pcm /Users/ammarkhalid/Library/Developer/Xcode/DerivedData/ModuleCache.noindex/os_object-7TGQWQWS9FTUTPW80TY87WERQ.pcm /Users/ammarkhalid/Library/Developer/Xcode/DerivedData/ModuleCache.noindex/MessageUI-DN51IOP9TTRMFDFWJE8LGSB04.pcm /Users/ammarkhalid/Library/Developer/Xcode/DerivedData/ModuleCache.noindex/CoreTransferable-8414PJRNR9JZSV12QZQV119AM.pcm /Users/ammarkhalid/Library/Developer/Xcode/DerivedData/ModuleCache.noindex/CoreImage-C947R1XOIO3Y2NCR2GSU26G9Z.pcm /Users/ammarkhalid/Library/Developer/Xcode/DerivedData/ModuleCache.noindex/_DarwinFoundation2-6VRLX9IDFKWKRP3GW6I1LG02E.pcm /Users/ammarkhalid/Library/Developer/Xcode/DerivedData/ModuleCache.noindex/simd-810DZ8QQ4OER55K43GS0ZJEQV.pcm /Users/ammarkhalid/Library/Developer/Xcode/DerivedData/ModuleCache.noindex/FileProvider-E6FN0ILZY24CKB84NYCZD4VGC.pcm /Users/ammarkhalid/Library/Developer/Xcode/DerivedData/ModuleCache.noindex/_DarwinFoundation1-BO7157BVVF8AATXAA1SBL93XD.pcm /Users/ammarkhalid/Library/Developer/Xcode/DerivedData/ModuleCache.noindex/_Builtin_stdint-DGJK4HO7GWJA5SSA3RE9BN492.pcm /Users/ammarkhalid/Library/Developer/Xcode/DerivedData/ModuleCache.noindex/ImageIO-DH3PHE6C15F3XJH3T1D8SLVFS.pcm /Users/ammarkhalid/Library/Developer/Xcode/DerivedData/ModuleCache.noindex/_AvailabilityInternal-B9DQB6DIYSDA6UZ3TQ6FDWL4N.pcm /Users/ammarkhalid/Library/Developer/Xcode/DerivedData/ModuleCache.noindex/Photos-E9AW1E3S2ROZJBPQYAUGE8E6Z.pcm /Users/ammarkhalid/Library/Developer/Xcode/DerivedData/ModuleCache.noindex/Network-3E808U2L79937J884PE7SLMB7.pcm /Users/ammarkhalid/Library/Developer/Xcode/DerivedData/ModuleCache.noindex/os-9C65LJN1U2UMTDD071U71JCQT.pcm /Users/ammarkhalid/Library/Developer/Xcode/DerivedData/ModuleCache.noindex/_LocationEssentials-5SXU5YUC78WVFOJUMCE4S3KAA.pcm /Users/ammarkhalid/Library/Developer/Xcode/DerivedData/ModuleCache.noindex/_DarwinFoundation3-4GJ2TWZNQEMP4OUCE2FP1L9M4.pcm /Users/ammarkhalid/Library/Developer/Xcode/DerivedData/ModuleCache.noindex/CoreData-6GXFCE0G4D5IRAGHHU29QCD6J.pcm /Users/ammarkhalid/Library/Developer/Xcode/DerivedData/ModuleCache.noindex/DeveloperToolsSupport-DADUBCUGOIUR7R2B1SO8QC05F.pcm /Users/ammarkhalid/Library/Developer/Xcode/DerivedData/ModuleCache.noindex/CoreMedia-6PAWDAWAFFUA47Z3BOL619IPA.pcm /Users/ammarkhalid/Library/Developer/Xcode/DerivedData/ModuleCache.noindex/SwiftUICore-AWBLFP3R4AGWSCUUEEN3UL216.pcm /Users/ammarkhalid/Library/Developer/Xcode/DerivedData/ModuleCache.noindex/_Builtin_stdbool-5P3LNE4DE91PXFIG6EMA2035Q.pcm /Users/ammarkhalid/Library/Developer/Xcode/DerivedData/ModuleCache.noindex/UIUtilities-1QM1OAGE16YU88U5N2BIZ3471.pcm /Users/ammarkhalid/Library/Developer/Xcode/DerivedData/ModuleCache.noindex/Spatial-IWHI2HB9XL1CNRJ5FR470FR4.pcm /Users/ammarkhalid/Library/Developer/Xcode/DerivedData/ModuleCache.noindex/SwiftUI-B2XS93TPHL4X29LXE6YKKH05V.pcm /Users/ammarkhalid/Library/Developer/Xcode/DerivedData/ModuleCache.noindex/_Builtin_limits-ADK853L6R5X5ND5ODHZSKF450.pcm /Users/ammarkhalid/Library/Developer/Xcode/DerivedData/ModuleCache.noindex/os_workgroup-BIBUD0C966BASKVKFKCDY70A4.pcm /Users/ammarkhalid/Library/Developer/Xcode/DerivedData/ModuleCache.noindex/DataDetection-7EU33YXWX6CR456SQVO3B0UIW.pcm /Users/ammarkhalid/Library/Developer/Xcode/DerivedData/ModuleCache.noindex/Accessibility-7TGOBG97S9Y39FBD3L57PP328.pcm /Users/ammarkhalid/Library/Developer/Xcode/DerivedData/ModuleCache.noindex/MachO-7G1C0J3NRE9761CD0X3GJV6Z5.pcm /Users/ammarkhalid/Library/Developer/Xcode/DerivedData/ModuleCache.noindex/NaturalLanguage-6LQARG4WLIXSY0H6FWGAK30J9.pcm /Users/ammarkhalid/Library/Developer/Xcode/DerivedData/ModuleCache.noindex/PhotosUI-9PIHL69QKUWUXMPB75O97ZR8G.pcm /Users/ammarkhalid/Library/Developer/Xcode/DerivedData/ModuleCache.noindex/QuartzCore-AWUQ8O0BG2H86GSJMHC4359PG.pcm /Users/ammarkhalid/Library/Developer/Xcode/DerivedData/ModuleCache.noindex/Foundation-C3LI8SS5KBUKZGNS2ISWK8EIB.pcm /Users/ammarkhalid/Library/Developer/Xcode/DerivedData/ModuleCache.noindex/sys_types-3NDSS4G6269MD9LNTA3D6M1WT.pcm /Users/ammarkhalid/Library/Developer/Xcode/DerivedData/ModuleCache.noindex/Vision-BLI1Q0OQRZZEIW9I5THGWJTRV.pcm /Users/ammarkhalid/Library/Developer/Xcode/DerivedData/ModuleCache.noindex/Speech-5VX8EOE3JO3K5D54SI4N5BAZ.pcm /Users/ammarkhalid/Library/Developer/Xcode/DerivedData/ModuleCache.noindex/CoreText-2RK8580USN6JZ4P847JVIRTYI.pcm /Users/ammarkhalid/Library/Developer/Xcode/DerivedData/ModuleCache.noindex/OpenGLES-6PHWIQUL85VN3XMEC6OHUUXWT.pcm /Users/ammarkhalid/Library/Developer/Xcode/DerivedData/ModuleCache.noindex/CFNetwork-C3DLCBU06TO9MDPH23CPS3C9E.pcm /Users/ammarkhalid/Library/Developer/Xcode/DerivedData/NeuroGuideApp-ewcvprgdglbcooackdjxjupgqkav/Build/Intermediates.noindex/NeuroGuideApp.build/Release-iphonesimulator/NeuroGuideApp.build/Objects-normal/arm64/attune-dependencies-1.json (in target 'NeuroGuideApp' from project 'NeuroGuideApp')
	Building project NeuroGuideApp with scheme NeuroGuideApp
(3 failures)
